07-16 17:10:37.742   628   628 D PhoneApp: - reason: radioTurnedOff
07-16 17:10:37.742   628   628 D PhoneApp: mReceiver: ACTION_ANY_DATA_CONNECTION_STATE_CHANGED
07-16 17:10:37.742   628   628 D PhoneApp: - state: DISCONNECTED
07-16 17:10:37.742   628   628 D PhoneApp: - reason: radioTurnedOff
07-16 17:10:37.742   628   628 D PhoneApp: mReceiver: ACTION_ANY_DATA_CONNECTION_STATE_CHANGED
07-16 17:10:37.742   628   628 D PhoneApp: - state: DISCONNECTED
07-16 17:10:37.742   628   628 D PhoneApp: - reason: radioTurnedOff
07-16 17:10:37.742   628   628 D PhoneApp: mReceiver: ACTION_ANY_DATA_CONNECTION_STATE_CHANGED
07-16 17:10:37.742   628   628 D PhoneApp: - state: DISCONNECTED
07-16 17:10:37.742   628   628 D PhoneApp: - reason: radioTurnedOff
07-16 17:10:37.742   628   628 D PhoneApp: mReceiver: ACTION_ANY_DATA_CONNECTION_STATE_CHANGED
07-16 17:10:37.742   628   628 D PhoneApp: - state: DISCONNECTED
07-16 17:10:37.742   628   628 D PhoneApp: - reason: radioTurnedOff
07-16 17:10:37.742   628   628 D PhoneApp: mReceiver: ACTION_ANY_DATA_CONNECTION_STATE_CHANGED
07-16 17:10:37.742   628   628 D PhoneApp: - state: DISCONNECTED
07-16 17:10:37.742   628   628 D PhoneApp: - reason: radioTurnedOff
07-16 17:10:37.742   628   628 D PhoneApp: mReceiver: ACTION_ANY_DATA_CONNECTION_STATE_CHANGED
07-16 17:10:37.742   628   628 D PhoneApp: - state: DISCONNECTED
07-16 17:10:37.742   628   628 D PhoneApp: - reason: radioTurnedOff
07-16 17:10:37.742   628   628 D PhoneApp: mReceiver: ACTION_ANY_DATA_CONNECTION_STATE_CHANGED
07-16 17:10:37.742   628   628 D PhoneApp: - state: DISCONNECTED
07-16 17:10:37.742   628   628 D PhoneApp: - reason: radioTurnedOff
07-16 17:10:37.742   628   628 D PhoneApp: mReceiver: ACTION_ANY_DATA_CONNECTION_STATE_CHANGED
07-16 17:10:37.742   628   628 D PhoneApp: - state: DISCONNECTED
07-16 17:10:37.742   628   628 D PhoneApp: - reason: radioTurnedOff
07-16 17:10:37.742   628   628 D PhoneApp: mReceiver: ACTION_ANY_DATA_CONNECTION_STATE_CHANGED
07-16 17:10:37.742   628   628 D PhoneApp: - state: DISCONNECTED
07-16 17:10:37.742   628   628 D PhoneApp: - reason: radioTurnedOff
07-16 17:10:37.742   628   628 D PhoneApp: mReceiver: ACTION_ANY_DATA_CONNECTION_STATE_CHANGED
07-16 17:10:37.742   628   628 D PhoneApp: - state: DISCONNECTED
07-16 17:10:37.742   628   628 D PhoneApp: - reason: radioTurnedOff
07-16 17:10:37.742   628   628 D NotificationMgr: call log query complete.
07-16 17:10:37.742   628   628 D NotificationMgr: closing call log cursor.
07-16 17:10:37.792   628   628 D AutoAnswer: - Got BluetoothHeadset: android.bluetooth.BluetoothHeadset@2109cbd8
07-16 17:10:37.832  1000  1000 V MessageSettings: loadSettings
07-16 17:10:37.832   628   628 D NotificationMgr: hideDataDisconnectedRoaming()...
07-16 17:10:37.832   628   628 D NotificationMgr: hideDataDisconnectedRoaming()...
07-16 17:10:37.832   628   628 D NotificationMgr: hideDataDisconnectedRoaming()...
07-16 17:10:37.842   628   628 D NotificationMgr: hideDataDisconnectedRoaming()...
07-16 17:10:37.842   628   628 D NotificationMgr: hideDataDisconnectedRoaming()...
07-16 17:10:37.842   628   628 D NotificationMgr: hideDataDisconnectedRoaming()...
07-16 17:10:37.842   628   628 D NotificationMgr: hideDataDisconnectedRoaming()...
07-16 17:10:37.842   628   628 D NotificationMgr: hideDataDisconnectedRoaming()...
07-16 17:10:37.842   628   628 D NotificationMgr: hideDataDisconnectedRoaming()...
07-16 17:10:37.842   628   628 D NotificationMgr: hideDataDisconnectedRoaming()...
07-16 17:10:37.842   628   628 D NotificationMgr: hideDataDisconnectedRoaming()...
07-16 17:10:37.842   628   628 D NotificationMgr: hideDataDisconnectedRoaming()...
07-16 17:10:37.842   628   628 D NotificationMgr: hideDataDisconnectedRoaming()...
07-16 17:10:37.842   628   628 D NotificationMgr: hideDataDisconnectedRoaming()...
07-16 17:10:37.852   422   447 I Process : Sending signal. PID: 720 SIG: 3
07-16 17:10:37.852   720   727 I dalvikvm: threadid=3: reacting to signal 3
07-16 17:10:37.852  1000  1000 D MessageSettingsLoader: loadStaticSettings()
07-16 17:10:37.892  1000  1000 D MessageSettingsLoader: checkVersionSettings
07-16 17:10:37.902   422   775 D GpsLocationProvider: handleIntializeNtpXtra mSupportsXtra:false
07-16 17:10:37.952   720   727 I dalvikvm: Wrote stack traces to '/data/anr/traces.txt'
07-16 17:10:37.962  1000  1000 D MessageSettingsLoader: Loading overlays from: com.motorola.messaging:xml/version
07-16 17:10:37.962  1000  1000 D MessageSettingsLoader: Loading setting StaticVersionSettings -> msg-stab-02.1-jb.9
07-16 17:10:37.962  1000  1000 D MessageSettingsLoader: Loading setting PreferencesVersionSettings -> msg-stab-02.1-jb.1
07-16 17:10:37.982  1000  1000 D MessageSettingsLoader: oldVersionSettings: msg-stab-02.1-jb.9
07-16 17:10:37.982  1000  1000 D MessageSettingsLoader: newVersionSettings: msg-stab-02.1-jb.9
07-16 17:10:37.982  1000  1000 D MessageSettingsLoader: sameVersion= true
07-16 17:10:37.982  1000  1000 D MessageSettingsLoader: hasDefault= true
07-16 17:10:37.982  1000  1000 D MessageSettingsLoader: onBotaUpgrade= false
07-16 17:10:37.982  1000  1000 D MessageSettingsLoader: updateSettingsOnProvider()
07-16 17:10:37.982  1000  1000 D MessageSettingsLoader: settingsProviderCreated= false
07-16 17:10:37.982  1000  1000 D MessageSettingsLoader: sameVersion= true
07-16 17:10:37.982  1000  1000 D MessageSettings: List of dynamic settings
07-16 17:10:37.982  1000  1000 D MessageSettings: TemporaryDraftText= 
07-16 17:10:37.982  1000  1000 D MessageSettings: IsStorageFull= false
07-16 17:10:37.982  1000  1000 D MessageSettings: List of static settings
07-16 17:10:37.982  1000  1000 D MessageSettings: SmsToMmsConvertEnabled= true
07-16 17:10:37.982  1000  1000 D MessageSettings: MmsVZWIPv6Enabled= false
07-16 17:10:37.982  1000  1000 D MessageSettings: MmsContentDispositionSupport= true
07-16 17:10:37.982  1000  1000 D MessageSettings: MmsRMMaximumMessageSize= 307200
07-16 17:10:37.982  1000  1000 D MessageSettings: ContactPickerEnabled= false
07-16 17:10:37.982  1000  1000 D MessageSettings: ErrorCodesEnable= false
07-16 17:10:37.982  1000  1000 D MessageSettings: sms_pref_key_to_email= false
07-16 17:10:37.992  1000  1000 D MessageSettings: MmsOnlineAlbumSMSAllowed= false
07-16 17:10:37.992  1000  1000 D MessageSettings: mms_user_agent= motoxt890
07-16 17:10:37.992  1000  1000 D MessageSettings: MmsFromFormat= 0
07-16 17:10:37.992  1000  1000 D MessageSettings: encoding_hun_HUN= 0, true, true, false, false
07-16 17:10:37.992  1000  1000 D MessageSettings: MmsMimeTypeBlackList= 
07-16 17:10:37.992  1000  1000 D MessageSettings: ForceCanonicalAddressUpdate= false
07-16 17:10:37.992  1000  1000 D MessageSettings: encoding_ces_CZE= 0, true, true, false, false
07-16 17:10:37.992  1000  1000 D MessageSettings: encoding_nld_NLD= 1, true, true, false, false
07-16 17:10:37.992  1000  1000 D MessageSettings: MmsSlideshowMaxImageWidth= 1024
07-16 17:10:37.992  1000  1000 D MessageSettings: GroupMessageTypeEnabled= true
07-16 17:10:37.992  1000  1000 D MessageSettings: MmsMinNumOfMediasOnSlideshow= 3
07-16 17:10:37.992  1000  1000 D MessageSettings: SignatureEnable= false
07-16 17:10:37.992  1000  1000 D MessageSettings: MmsMicrocellMessageSize= 0
07-16 17:10:37.992  1000  1000 D MessageSettings: sms_mms_threshold= 6
07-16 17:10:37.992  1000  1000 D MessageSettings: encoding_slv_SVN= 1, true, true, false, false
07-16 17:10:37.992  1000  1000 D MessageSettings: MmsMicrocellPictureResizeEnabled= false
07-16 17:10:37.992  1000  1000 D MessageSettings: VibrateDefaultPref= true
07-16 17:10:37.992  1000  1000 D MessageSettings: DiscardDirectedSmsEnabled= false
07-16 17:10:37.992  1000  1000 D MessageSettings: MmsAbortProgressLimit= 90
07-16 17:10:37.992  1000  1000 D MessageSettings: OutgoingMessageTypeDefaultPref= 0
07-16 17:10:37.992  1000  1000 D MessageSettings: encoding_slk_SVK= 0, true, true, false, false
07-16 17:10:37.992  1000  1000 D MessageSettings: encoding_heb_ISR= 1, true, true, false, false
07-16 17:10:37.992  1000  1000 D MessageSettings: encoding_ron_ROU= 0, true, true, false, false
07-16 17:10:37.992  1000  1000 D MessageSettings: RoamingAutoRetrieveEnabled= false
07-16 17:10:37.992  1000  1000 D MessageSettings: LocationVcardWarningEnabled= false
07-16 17:10:37.992  1000  1000 D MessageSettings: encoding_fra_FRA= 0, true, true, false, false
07-16 17:10:37.992  1000  1000 D MessageSettings: PriorityEnable= false
07-16 17:10:37.992  1000  1000 D MessageSettings: MmsDisableRetryAfterServerTimeout= false
07-16 17:10:37.992  1000  1000 D MessageSettings: DefaultEncodingMethod= 0
07-16 17:10:37.992  1000  1000 D MessageSettings: CallbackNumDefaultPref= true
07-16 17:10:37.992  1000  1000 D MessageSettings: encoding_srp_BIH= 0, true, true, false, false
07-16 17:10:37.992  1000  1000 D MessageSettings: MmsRestrictionModeEnabled= false
07-16 17:10:37.992  1000  1000 D MessageSettings: encoding_eng_CAN= 1, true, true, false, false
07-16 17:10:37.992  1000  1000 D MessageSettings: SmsEmailConvertToMmsOnMultipleSegmentsEnabled= true
07-16 17:10:37.992  1000  1000 D MessageSettings: SmsToMmsAutoConvert= true
07-16 17:10:37.992  1000  1000 D MessageSettings: sms_mms_show_network_timestamp= false
07-16 17:10:37.992  1000  1000 D MessageSettings: encoding_default= 1, true, true, false, false
07-16 17:10:37.992  1000  1000 D MessageSettings: MmsProxyAuthEnabled= false
07-16 17:10:37.992  1000  1000 D MessageSettings: MmsVersion= mms_version_1_2
07-16 17:10:37.992  1000  1000 D MessageSettings: encoding_nob_NOR= 0, true, false, false, false
07-16 17:10:37.992  1000  1000 D MessageSettings: SmsEmailConvertToMmsOnNon7BitEncodingEnabled= true
07-16 17:10:37.992  1000  1000 D MessageSettings: MmsNoProgressTimeout= 180000
07-16 17:10:37.992  1000  1000 D MessageSettings: MmsConnectionTimeout= 30000
07-16 17:10:37.992  1000  1000 D MessageSettings: DeliveryReportEnable= true
07-16 17:10:37.992  1000  1000 D MessageSettings: SmsPriorityLed= false
07-16 17:10:37.992  1000  1000 D MessageSettings: CopyMessageToSimEnabled= false
07-16 17:10:37.992  1000  1000 D MessageSettings: MmsNotifyServerError= false
07-16 17:10:37.992  1000  1000 D MessageSettings: encoding_zho_TWN= 1, true, true, false, false
07-16 17:10:37.992  1000  1000 D MessageSettings: MmsSubjectEnable= true
07-16 17:10:37.992  1000  1000 D MessageSettings: SmsMmsEmotIconInKeypadEnabled= false
07-16 17:10:37.992  1000  1000 D MessageSettings: PreferencesVersionSettings= msg-stab-02.1-jb.1
07-16 17:10:37.992  1000  1000 D MessageSettings: MaxNumRecipientsEnable= false
07-16 17:10:37.992  1000  1000 D MessageSettings: ImageResizeDialogEnabled= true
07-16 17:10:37.992  1000  1000 D MessageSettings: MmsAcceptHeader= */*, application/vnd.wap.mms-message, application/vnd.wap.sic
07-16 17:10:37.992  1000  1000 D MessageSettings: GroupRequiresMmsByDefault= true
07-16 17:10:37.992  1000  1000 D MessageSettings: encoding_swe_SWE= 0, true, false, false, false
07-16 17:10:37.992  1000  1000 D MessageSettings: CallbackNumEnable= false
07-16 17:10:38.002  1000  1000 D MessageSettings: InServiceWaitTimeout= 20000
07-16 17:10:38.002  1000  1000 D MessageSettings: MmsNumberPlusPrefixEnabled= false
07-16 17:10:38.002  1000  1000 D MessageSettings: HistoryForSuggestionsEnabled= false
07-16 17:10:38.002  1000  1000 D MessageSettings: encoding_dan_DNK= 0, true, false, false, false
07-16 17:10:38.002  1000  1000 D MessageSettings: encoding_jpn_JPN= 1, true, true, false, false
07-16 17:10:38.002  1000  1000 D MessageSettings: SmsCharsRemainTilCounter= 30
07-16 17:10:38.002  1000  1000 D MessageSettings: mms_max_image_height= 2448
07-16 17:10:38.002  1000  1000 D MessageSettings: encoding_tha_THA= 1, true, true, false, false
07-16 17:10:38.002  1000  1000 D MessageSettings: SmsSubjectEnabled= false
07-16 17:10:38.002  1000  1000 D MessageSettings: MmsVideoResizeEnabled= true
07-16 17:10:38.002  1000  1000 D MessageSettings: MmsMaxVideoRecordingSeconds= 0
07-16 17:10:38.002  1000  1000 D MessageSettings: SmsMmsEnableAlias= false
07-16 17:10:38.002  1000  1000 D MessageSettings: mms_online_album= 
07-16 17:10:38.002  1000  1000 D MessageSettings: encoding_eng_USA= 1, true, true, false, false
07-16 17:10:38.002  1000  1000 D MessageSettings: mms_non_ascii_file_name_support= false
07-16 17:10:38.002  1000  1000 D MessageSettings: MmsTransferTimeout= 240000
07-16 17:10:38.002  1000  1000 D MessageSettings: MmsSlideshowMaxImageHeight= 728
07-16 17:10:38.002  1000  1000 D MessageSettings: mms_maximum_message_size= 0
07-16 17:10:38.002  1000  1000 D MessageSettings: UaprofTagName= x-wap-profile
07-16 17:10:38.002  1000  1000 D MessageSettings: MaxNumRecipients= 0
07-16 17:10:38.002  1000  1000 D MessageSettings: encoding_ita_ITA= 1, true, true, false, false
07-16 17:10:38.002  1000  1000 D MessageSettings: encoding_hrv_HRV= 0, true, true, false, false
07-16 17:10:38.002  1000  1000 D MessageSettings: MmsAdjustImageOrientation= true
07-16 17:10:38.002  1000  1000 D MessageSettings: MmsOverWifiEnabled= false
07-16 17:10:38.002  1000  1000 D MessageSettings: encoding_rus_RUS= 1, true, true, false, false
07-16 17:10:38.002  1000  1000 D MessageSettings: MmsUserAgentFormat= 
07-16 17:10:38.002  1000  1000 D MessageSettings: mms_country_code= 1
07-16 17:10:38.002  1000  1000 D MessageSettings: encoding_srp_SRB= 1, true, true, false, false
07-16 17:10:38.002  1000  1000 D MessageSettings: encoding_por_BRA= 1, true, true, false, false
07-16 17:10:38.002  1000  1000 D MessageSettings: WapRejectEnable= false
07-16 17:10:38.002  1000  1000 D MessageSettings: MmsConvertIcalToVcalEnabled= false
07-16 17:10:38.002  1000  1000 D MessageSettings: SprintUICustomizeEnabled= false
07-16 17:10:38.002  1000  1000 D MessageSettings: encoding_spa_USA= 1, true, true, false, false
07-16 17:10:38.002  1000  1000 D MessageSettings: SmsMmsSortByUnreadConversations= false
07-16 17:10:38.002  1000  1000 D MessageSettings: ExtraAddressCharactersEnabled= false
07-16 17:10:38.002  1000  1000 D MessageSettings: mms_max_image_width= 3264
07-16 17:10:38.012  1000  1000 D MessageSettings: MmsDefaultApnName= 
07-16 17:10:38.012  1000  1000 D MessageSettings: StaticVersionSettings= msg-stab-02.1-jb.9
07-16 17:10:38.012  1000  1000 D MessageSettings: SecondaryMmscSupport= false
07-16 17:10:38.012  1000  1000 D MessageSettings: SendBlankSmsEnabled= false
07-16 17:10:38.012  1000  1000 D MessageSettings: MmsUseCCForRecipients= false
07-16 17:10:38.012  1000  1000 D MessageSettings: SprintSmsEmailEnabled= false
07-16 17:10:38.012  1000  1000 D MessageSettings: SmsOneRRCConnection= false
07-16 17:10:38.012  1000  1000 D MessageSettings: MTMemoryFullEnable= false
07-16 17:10:38.012  1000  1000 D MessageSettings: SmsRessambleEnabled= false
07-16 17:10:38.012  1000  1000 D MessageSettings: MmsEncodingUTF8= false
07-16 17:10:38.012  1000  1000 D MessageSettings: sms_pref_key_email_gateway_num= 
07-16 17:10:38.012  1000  1000 D MessageSettings: MmsRMMaxImageHeight= 1200
07-16 17:10:38.012  1000  1000 D MessageSettings: MmsUaprofFormat= $product
07-16 17:10:38.012  1000  1000 D MessageSettings: encoding_bul_BGR= 1, true, true, false, false
07-16 17:10:38.012  1000  1000 D MessageSettings: MsgDetailsEnable= true
07-16 17:10:38.012  1000  1000 D MessageSettings: encoding_fin_FIN= 0, true, false, false, false
07-16 17:10:38.012  1000  1000 D MessageSettings: encoding_ara_EGY= 1, true, true, false, false
07-16 17:10:38.012  1000  1000 D MessageSettings: MmsMicrocellOperatorName= 
07-16 17:10:38.012  1000  1000 D MessageSettings: EmailGatewayFromSimCard= false
07-16 17:10:38.012  1000  1000 D MessageSettings: mms_x_wap_profile_url= http://uaprof.motorola.com/phoneconfig/motoxt890/Profile/motoxt890.rdf
07-16 17:10:38.012  1000  1000 D MessageSettings: SprintMmsOverWifiAPN= mms_over_wifi
07-16 17:10:38.012  1000  1000 D MessageSettings: encoding_vie_VNM= 1, true, true, false, false
07-16 17:10:38.012  1000  1000 D MessageSettings: ConnectivityWaitTimeout= 45000
07-16 17:10:38.012  1000  1000 D MessageSettings: ShortCodeDetectionEnabled= false
07-16 17:10:38.012  1000  1000 D MessageSettings: MmsMaxVideoResolution= QVGA
07-16 17:10:38.012  1000  1000 D MessageSettings: encoding_kor_KOR= 1, true, true, false, false
07-16 17:10:38.012  1000  1000 D MessageSettings: encoding_fra_CAN= 1, true, true, false, false
07-16 17:10:38.012  1000  1000 D MessageSettings: encoding_ell_GRC= 0, true, true, false, false
07-16 17:10:38.012  1000  1000 D MessageSettings: encoding_lit_LTU= 1, true, true, false, false
07-16 17:10:38.012  1000  1000 D MessageSettings: RetrievalRoamingDefaultPref= false
07-16 17:10:38.012  1000  1000 D MessageSettings: MmsMaxPictureSizeForRetry= 0
07-16 17:10:38.012  1000  1000 D MessageSettings: ProprietaryHttpHeader= 
07-16 17:10:38.012  1000  1000 D MessageSettings: mms_retry_timeout2= 300000
07-16 17:10:38.012  1000  1000 D MessageSettings: mms_retry_timeout3= 600000
07-16 17:10:38.012  1000  1000 D MessageSettings: MmsCommonVideoResolutionsOnlyEnabled= false
07-16 17:10:38.012  1000  1000 D MessageSettings: mms_retry_timeout4= 1800000
07-16 17:10:38.012  1000  1000 D MessageSettings: SprintMMSEnabled= false
07-16 17:10:38.012  1000  1000 D MessageSettings: encoding_pol_POL= 0, true, true, false, false
07-16 17:10:38.012  1000  1000 D MessageSettings: mms_retry_timeout1= 60000
07-16 17:10:38.012  1000  1000 D MessageSettings: AutoRetrievalDefaultPref= true
07-16 17:10:38.012  1000  1000 D MessageSettings: NotifyWapMmscEnable= false
07-16 17:10:38.012  1000  1000 D MessageSettings: encoding_tur_TUR= 2, false, false, true, true
07-16 17:10:38.012  1000  1000 D MessageSettings: encoding_cat_ESP= 1, true, true, false, false
07-16 17:10:38.012  1000  1000 D MessageSettings: SprintMmsAPN= cinet.spcs
07-16 17:10:38.012  1000  1000 D MessageSettings: MmsRMMaxImageWidth= 1600
07-16 17:10:38.012  1000  1000 D MessageSettings: MmsNoResponseTimeout= 120000
07-16 17:10:38.012  1000  1000 D MessageSettings: encoding_por_PRT= 0, true, true, true, true
07-16 17:10:38.012  1000  1000 D MessageSettings: encoding_deu_DEU= 1, true, true, false, false
07-16 17:10:38.012  1000  1000 D MessageSettings: ShowMessageGroupTypeWarningAvailable= false
07-16 17:10:38.012  1000  1000 D MessageSettings: SevenDigitsRecipient= false
07-16 17:10:38.012  1000  1000 D MessageSettings: SMSUCS2CharacterLimit= 0
07-16 17:10:38.012  1000  1000 D MessageSettings: encoding_zho_CHN= 1, true, true, false, false
07-16 17:10:38.012  1000  1000 D MessageSettings: AutoRetrievalEnabled= false
07-16 17:10:38.012  1000  1000 D MessageSettings: TransIdEnable= false
07-16 17:10:38.012  1000  1000 D MessageSettings: encoding_spa_ESP= 0, true, true, true, false
07-16 17:10:38.012  1000  1000 D MessageSettings: MmsTransferTimeoutForVoiceCall= 0
07-16 17:10:38.012  1000  1000 D MessageSettings: GenerateUserAgent= false
07-16 17:10:38.012  1000  1000 D MessageSettings: PlayAudioAsSlideshow= false
07-16 17:10:38.012  1000  1000 D MessageSettings: encoding_ukr_UKR= 1, true, true, false, false
07-16 17:10:38.012  1000  1000 D MessageSettings: MmsOnlineAlbumEnabled= false
07-16 17:10:38.012  1000  1000 D MessageSettings: encoding_lav_LVA= 1, true, true, false, false
07-16 17:10:38.012  1000  1000 D MessageSettings: IsLocationVCardMandatory= false
07-16 17:10:38.012  1000  1000 D MessageSettings: MmsSubjectSizeLimit= 40
07-16 17:10:38.022  1000  1000 V MessageSettings: loadDefaultPreferences
07-16 17:10:38.022   628   628 D NotificationMgr: updateNetworkSelection()...state = 1 new network 
07-16 17:10:38.052  1000  1000 D MessageSettings: SetEncodingMethod in settings value == 0
07-16 17:10:38.062  1000  1015 D Document: (0x541e1730) new DOM. alive DOM obj: 1
07-16 17:10:38.072  1000  1000 V TaskManager: isAlreadyInPool - Pool:LOW Current Thread:main
07-16 17:10:38.082   422   564 W IMGSRV  : :0: gralloc_device_alloc: ID: 19 handle: 0x59acb470 size: 540 x 888 fmt: 5 usage: 0xb00
07-16 17:10:38.092   720   720 W IMGSRV  : :0: gralloc_register_buffer: ID: 19 handle: 0x5722eeb0 size: 540 x 888 fmt: 5 usage: 0xb00
07-16 17:10:38.092   628   628 D SmsProvider: ACTION_SIM_STATE_CHANGED, simState=5
07-16 17:10:38.092   720   720 D OpenGLRenderer: Enabling debug mode 0
07-16 17:10:38.102  1000  1000 V TransactionManager: init
07-16 17:10:38.102  1000  1000 V TaskManager: isAlreadyInPool - Pool:LOW Current Thread:main
07-16 17:10:38.112   628   628 D IccSmsInterfaceManager: ACTION_SIM_STATE_CHANGED, simState=5
07-16 17:10:38.132   628   628 D MccTable: updateMccMncConfiguration: mcc=460, mnc=2
07-16 17:10:38.132   628   628 D MccTable: locale set to zh_cn
07-16 17:10:38.132   628   628 D MccTable: WIFI_COUNTRY_CODE set to cn
07-16 17:10:38.132   422   491 I WifiHW  : CMD: SET COUNTRY CN
07-16 17:10:38.132   498   498 D wpa_supplicant: ctrl_iface: SET COUNTRY CN
07-16 17:10:38.132   498   498 D wpa_supplicant: CTRL_IFACE SET 'COUNTRY'='CN'
07-16 17:10:38.132   498   498 D wpa_supplicant: country='CN'
07-16 17:10:38.132   422   491 I WifiHW  : REPLY: OK
07-16 17:10:38.202   628   628 D SmsProvider: ACTION_SIM_STATE_CHANGED, simState=5
07-16 17:10:38.212   628   628 D IccSmsInterfaceManager: ACTION_SIM_STATE_CHANGED, simState=5
07-16 17:10:38.292   720   720 I Choreographer: Skipped 110 frames!  The application may be doing too much work on its main thread.
07-16 17:10:38.292  1000  1000 V TaskManager: isAlreadyInPool - Pool:BG Current Thread:main
07-16 17:10:38.302   422   775 D GpsLocationProvider: Gps MessageHandler. msg.what 4 msg.arg1:2 msg.arg2: 0
07-16 17:10:38.302   422   775 D GpsLocationProvider: updateNetworkState available info: NetworkInfo: type: WIFI(1)[], state: CONNECTED/CONNECTED, reason: (unspecified), extra: (none), roaming: false, failover: false, isAvailable: true
07-16 17:10:38.302   422   775 D GpsLocationProvider: Gps MessageHandler. msg.what 5 msg.arg1:0 msg.arg2: 0
07-16 17:10:38.312  1000  1000 V TaskManager: isAlreadyInPool - Pool:LOW Current Thread:main
07-16 17:10:38.312  1000  1029 D TaskManager: task type vector size:1 taks on executor:1
07-16 17:10:38.312  1000  1029 D TaskManager: About to start (BG) task: load_self_avatar - Id:3 - Type:0
07-16 17:10:38.312   422   775 D GpsLocationProvider: Gps MessageHandler. msg.what 6 msg.arg1:0 msg.arg2: 0
07-16 17:10:38.312   422  1030 D GpsLocationProvider: NTP server returned: 1373965834423 (Tue Jul 16 17:10:34 GMT+08:00 2013) reference: 37739 certainty: 36 system time offset: -3899
07-16 17:10:38.312  1000  1000 V Model   : Model, this=com.motorola.messaging.model.RegionModel@210ad600, creation mode=NONE
07-16 17:10:38.312  1000  1000 V Model   : Model, this=com.motorola.messaging.model.RegionModel@210ae700, creation mode=NONE
07-16 17:10:38.312  1000  1027 D TaskManager: task type vector size:1 taks on executor:1
07-16 17:10:38.312  1000  1027 D TaskManager: About to start (LOW) task: init_settings - Id:1 - Type:0
07-16 17:10:38.322  1000  1000 V NetworkManager: init
07-16 17:10:38.322  1000  1000 V TaskManager: isAlreadyInPool - Pool:BG Current Thread:main
07-16 17:10:38.332  1000  1031 V SqliteManager: [90] delete START, uri=content://mms/drm, where=null <- log <- verbose <- delete <- run
07-16 17:10:38.332   422   672 W IMGSRV  : :0: gralloc_device_alloc: ID: 20 handle: 0x5bf072a0 size: 540 x 888 fmt: 5 usage: 0xb00
07-16 17:10:38.332   628   688 D MmsSmsDatabaseHelper: beg of check consistency
07-16 17:10:38.332   720   720 W IMGSRV  : :0: gralloc_register_buffer: ID: 20 handle: 0x574d1a50 size: 540 x 888 fmt: 5 usage: 0xb00
07-16 17:10:38.342   720   720 I Launcher: onPanelScrollEnd: WORKSPACE nextState=null finalPage=1
07-16 17:10:38.352   422   464 I ActivityManager: Displayed com.motorola.homescreen/.Launcher: +5s159ms
07-16 17:10:38.352  1000  1000 V DownloadManager: init
07-16 17:10:38.352  1000  1000 V TransactionManager: getDownloadManager
07-16 17:10:38.352  1000  1000 V MOSmsManager: init
07-16 17:10:38.352  1000  1000 V ConversationManager: init
07-16 17:10:38.352  1000  1000 D RetryScheduler: init
07-16 17:10:38.352  1000  1000 V TransactionManager: getDownloadManager
07-16 17:10:38.362  1000  1032 D TaskManager: task type vector size:2 taks on executor:2
07-16 17:10:38.362  1000  1000 V MmsApp  : onCreate - END
07-16 17:10:38.362  1000  1000 I MmsApp  : MSG-STATUS - Text Messsaging app started, app version=.line=MSG-STAB-02.1-JB.customer=hkret.device=smi.model=XT890.modelno=.blur version=Blur_Version.0.0.1.XT890.Platform.en.TS.type=userdebug.build=11.8.0I_171.release=4.1.2.time=05/29/13 (versionName=4.1.2-eng.qiyang1.20130529.192451) (versionCode=16) (log=true) (ut=false) (config=false)
07-16 17:10:38.362  1000  1000 D SimStateChangedReceiver: Sim Card extra state:NOT_READY
07-16 17:10:38.382  1033  1033 D dalvikvm: Try to disable coredump for pid 1033
07-16 17:10:38.382  1000  1032 D TaskManager: About to start (BG) task: Initialize_MccMnc - Id:5 - Type:0
07-16 17:10:38.402  1000  1032 V SqliteManager: query START, uri=content://telephony/carriers
07-16 17:10:38.402   628   688 D MmsSmsDatabaseHelper: [MmsSmsDb] tableName: threads hasAutoIncrement: CREATE TABLE threads (_id INTEGER PRIMARY KEY AUTOINCREMENT,date INTEGER DEFAULT 0,message_count INTEGER DEFAULT 0,recipient_ids TEXT,snippet TEXT,snippet_cs INTEGER DEFAULT 0,read INTEGER DEFAULT 1,type INTEGER DEFAULT 0,error INTEGER DEFAULT 0,has_attachment INTEGER DEFAULT 0,sort_index INTEGER DEFAULT 0) result: true
07-16 17:10:38.402   628   688 D MmsSmsDatabaseHelper: [MmsSmsDb] tableName: canonical_addresses hasAutoIncrement: CREATE TABLE canonical_addresses (_id INTEGER PRIMARY KEY AUTOINCREMENT,address TEXT) result: true
07-16 17:10:38.402   628   688 D MmsSmsDatabaseHelper: [getWritableDatabase] hasAutoIncrementThreads: true hasAutoIncrementAddresses: true
07-16 17:10:38.422  1000  1000 V DownloadManager: Service state changed
07-16 17:10:38.432   628   688 D MmsSmsDatabaseHelper: end of check consistency
07-16 17:10:38.452  1000  1031 V SqliteManager: delete END, result=0
07-16 17:10:38.452  1033  1033 E Trace   : error opening trace file: Permission denied (13)
07-16 17:10:38.492   720   720 W ResourceType: No package identifier when getting value for resource number 0x00000000
07-16 17:10:38.492   720   720 W ResourceType: No package identifier when getting value for resource number 0x00000000
07-16 17:10:38.562   422   742 W IMGSRV  : :0: gralloc_device_alloc: ID: 21 handle: 0x5bf126e0 size: 540 x 888 fmt: 5 usage: 0xb00
07-16 17:10:38.562   720   720 W IMGSRV  : :0: gralloc_register_buffer: ID: 21 handle: 0x55b00740 size: 540 x 888 fmt: 5 usage: 0xb00
07-16 17:10:38.562  1033  1033 V ModemStatsService: internet_profile_ids:[0]
07-16 17:10:38.562   720   720 W ResourceType: No package identifier when getting value for resource number 0x00000000
07-16 17:10:38.562  1033  1033 V ModemStatsService: onStartCommand
07-16 17:10:38.572  1046  1046 D dalvikvm: Try to disable coredump for pid 1046
07-16 17:10:38.572   720   720 W ResourceType: No package identifier when getting value for resource number 0x00000000
07-16 17:10:38.572   720   720 W ResourceType: No package identifier when getting value for resource number 0x00000000
07-16 17:10:38.582   720   720 W ResourceType: No package identifier when getting value for resource number 0x00000000
07-16 17:10:38.582   720   720 W ResourceType: No package identifier when getting value for resource number 0x00000000
07-16 17:10:38.582  1033  1033 V ModemStatsService: onServiceStateChanged
07-16 17:10:38.582  1033  1033 V ModemStatsService: old state=1, new state=1
07-16 17:10:38.582  1033  1033 V ModemStatsService: old data state=1, new data state=1
07-16 17:10:38.582  1033  1033 V ModemStatsService: old network type=0, new network type=0
07-16 17:10:38.582  1033  1033 V ModemStatsService: onCallStateChanged
07-16 17:10:38.582  1033  1033 V ModemStatsService: state is 0 incomingnumber is 
07-16 17:10:38.592   720   720 W ResourceType: No package identifier when getting value for resource number 0x00000000
07-16 17:10:38.602   720   720 W ResourceType: No package identifier when getting value for resource number 0x00000000
07-16 17:10:38.612   720   720 W ResourceType: No package identifier when getting value for resource number 0x00000000
07-16 17:10:38.612   720   720 W ResourceType: No package identifier when getting value for resource number 0x00000000
07-16 17:10:38.622  1046  1046 E Trace   : error opening trace file: Permission denied (13)
07-16 17:10:38.622   720   720 W ResourceType: No package identifier when getting value for resource number 0x00000000
07-16 17:10:38.622   720   720 W ResourceType: No package identifier when getting value for resource number 0x00000000
07-16 17:10:38.632  1033  1033 V ModemStatsService: receive intent android.net.conn.CONNECTIVITY_CHANGE_IMMEDIATE
07-16 17:10:38.632  1033  1033 V ModemStatsService: handleConnectivityAction: network info = [NetworkInfo: type: WIFI(1)[], state: CONNECTED/CONNECTED, reason: (unspecified), extra: (none), roaming: false, failover: false, isAvailable: true]
07-16 17:10:38.632  1033  1033 V ModemStatsService: data stall not start, return
07-16 17:10:38.632  1033  1033 V ModemStatsService: receive intent android.intent.action.SIM_STATE_CHANGED
07-16 17:10:38.632   720   720 W ResourceType: No package identifier when getting value for resource number 0x00000000
07-16 17:10:38.642   720   720 W ResourceType: No package identifier when getting value for resource number 0x00000000
07-16 17:10:38.652   720   720 W ResourceType: No package identifier when getting value for resource number 0x00000000
07-16 17:10:38.672   720   720 W ResourceType: No package identifier when getting value for resource number 0x00000000
07-16 17:10:38.672   720   720 W ResourceType: No package identifier when getting value for resource number 0x00000000
07-16 17:10:38.682   720   720 W ResourceType: No package identifier when getting value for resource number 0x00000000
07-16 17:10:38.682   720   720 W ResourceType: No package identifier when getting value for resource number 0x00000000
07-16 17:10:38.692   720   720 W ResourceType: No package identifier when getting value for resource number 0x00000000
07-16 17:10:38.692   720   720 W ResourceType: No package identifier when getting value for resource number 0x00000000
07-16 17:10:38.692   720   720 W ResourceType: No package identifier when getting value for resource number 0x00000000
07-16 17:10:38.702   720   720 W ResourceType: No package identifier when getting value for resource number 0x00000000
07-16 17:10:38.722   720   720 W ResourceType: No package identifier when getting value for resource number 0x00000000
07-16 17:10:38.722   720   720 W ResourceType: No package identifier when getting value for resource number 0x00000000
07-16 17:10:38.732   720   720 W ResourceType: No package identifier when getting value for resource number 0x00000000
07-16 17:10:38.732   720   720 W ResourceType: No package identifier when getting value for resource number 0x00000000
07-16 17:10:38.732   720   720 W ResourceType: No package identifier when getting value for resource number 0x00000000
07-16 17:10:38.752   422   491 I WifiHW  : CMD: SIGNAL_POLL
07-16 17:10:38.752   498   498 D wpa_supplicant: ctrl_iface: SIGNAL_POLL
07-16 17:10:38.752   498   498 D wpa_supplicant: nl80211: survey data missing!
07-16 17:10:38.752   422   491 I WifiHW  : REPLY: RSSI=-37
07-16 17:10:38.752   422   491 I WifiHW  : REPLY: LINKSPEED=65
07-16 17:10:38.752   422   491 I WifiHW  : REPLY: NOISE=-97
07-16 17:10:38.752   422   491 I WifiHW  : REPLY: FREQUENCY=2427
07-16 17:10:38.832  1000  1032 V SqliteManager: query END, cursor=android.content.ContentResolver$CursorWrapperInner@210c5ca8, stack= <- log <- verbose <- query <- retrieveAPNMccMnc <- run <- run <- call <- innerRun <- run
07-16 17:10:38.832  1000  1032 D NetworkManager: retrieveAPNMccMnc, mcc=460, mnc=02
07-16 17:10:38.832  1000  1032 V SqliteManager: close, cursor=android.content.ContentResolver$CursorWrapperInner@210c5ca8, stack= <- log <- verbose <- closeCursor <- retrieveAPNMccMnc <- run <- run <- call <- innerRun <- run
07-16 17:10:38.862  1000  1032 D TaskManager: Just finished (BG) task: Initialize_MccMnc - Id:5 - Type:0
07-16 17:10:38.952   778   962 W WifiNormalizer: No specific device detected. Offset set to -7.
07-16 17:10:39.052   720   720 W ResourceType: No package identifier when getting value for resource number 0x00000000
07-16 17:10:39.062  1046  1046 I ActivityThread: Pub com.android.email.provider;com.android.email.notifier: com.motorola.email.provider.MotorolaEmailProvider
07-16 17:10:39.082   720   720 W ResourceType: No package identifier when getting value for resource number 0x00000000
07-16 17:10:39.102   720   720 W ResourceType: No package identifier when getting value for resource number 0x00000000
07-16 17:10:39.102   720   720 W ResourceType: No package identifier when getting value for resource number 0x00000000
07-16 17:10:39.112   720   720 W ResourceType: No package identifier when getting value for resource number 0x00000000
07-16 17:10:39.112   422   491 I WifiHW  : CMD: AP_SCAN 2
07-16 17:10:39.122   498   498 D wpa_supplicant: ctrl_iface: AP_SCAN 2
07-16 17:10:39.122   422   491 I WifiHW  : REPLY: OK
07-16 17:10:39.122   422   491 I WifiHW  : CMD: SCAN
07-16 17:10:39.122   498   498 D wpa_supplicant: ctrl_iface: SCAN
07-16 17:10:39.122   498   498 D wpa_supplicant: Setting scan request: 0 sec 0 usec
07-16 17:10:39.122   498   498 D wpa_supplicant: Starting AP scan for wildcard SSID
07-16 17:10:39.122   498   498 D wpa_supplicant: WPS: Building WPS IE for Probe Request
07-16 17:10:39.122   498   498 D wpa_supplicant: WPS:  * Version (hardcoded 0x10)
07-16 17:10:39.122   498   498 D wpa_supplicant: WPS:  * Request Type
07-16 17:10:39.122   498   498 D wpa_supplicant: WPS:  * Config Methods (2288)
07-16 17:10:39.122   498   498 D wpa_supplicant: WPS:  * UUID-E
07-16 17:10:39.122   498   498 D wpa_supplicant: WPS:  * Primary Device Type
07-16 17:10:39.122   498   498 D wpa_supplicant: WPS:  * RF Bands (3)
07-16 17:10:39.122   498   498 D wpa_supplicant: WPS:  * Association State
07-16 17:10:39.122   498   498 D wpa_supplicant: WPS:  * Configuration Error (0)
07-16 17:10:39.122   498   498 D wpa_supplicant: WPS:  * Device Password ID (0)
07-16 17:10:39.122   498   498 D wpa_supplicant: WPS:  * Manufacturer
07-16 17:10:39.122   498   498 D wpa_supplicant: WPS:  * Model Name
07-16 17:10:39.122   498   498 D wpa_supplicant: WPS:  * Model Number
07-16 17:10:39.122   498   498 D wpa_supplicant: WPS:  * Device Name
07-16 17:10:39.122   498   498 D wpa_supplicant: WPS:  * Version2 (0x20)
07-16 17:10:39.122   422   491 I WifiHW  : REPLY: OK
07-16 17:10:39.122   498   498 D wpa_supplicant: Scan requested (ret=0) - scan timeout 30 seconds
07-16 17:10:39.122   498   498 D wpa_supplicant: nl80211: Event message available
07-16 17:10:39.122   498   498 D wpa_supplicant: nl80211: Scan trigger
07-16 17:10:39.192  1046  1046 I ActivityThread: Pub com.motorola.hux.sncclient.sncprovider: com.motorola.hux.sncclient.provider.SncProvider
07-16 17:10:39.202  1046  1046 I ActivityThread: Pub com.android.email.attachmentprovider: com.android.email.provider.AttachmentProvider
07-16 17:10:39.252  1046  1046 D Email   : onCreateCommon
07-16 17:10:39.252  1046  1046 D Email   : onCreateMotoEmail
07-16 17:10:39.252  1046  1046 D dalvikvm: No JNI_OnLoad found in /system/lib/libcryptomodes-jni.so 0x4204e400, skipping init
07-16 17:10:39.252  1046  1046 I com.motorola.android.cryptograpy.CryptographicModes: Cryptographic modes supported!
07-16 17:10:39.262  1000  1027 D TaskManager: Just finished (LOW) task: init_settings - Id:1 - Type:0
07-16 17:10:39.262  1000  1027 D TaskManager: task type vector size:0 taks on executor:1
07-16 17:10:39.262  1000  1027 D TaskManager: About to start (LOW) task: recipientIdCache_init - Id:2 - Type:0
07-16 17:10:39.262  1000  1027 V SqliteManager: query START, uri=content://mms-sms/canonical-addresses
07-16 17:10:39.272   422   491 I WifiHW  : CMD: AP_SCAN 2
07-16 17:10:39.272   498   498 D wpa_supplicant: ctrl_iface: AP_SCAN 2
07-16 17:10:39.272   422   491 I WifiHW  : REPLY: OK
07-16 17:10:39.272   422   491 I WifiHW  : CMD: SCAN
07-16 17:10:39.272   498   498 D wpa_supplicant: ctrl_iface: SCAN
07-16 17:10:39.272   498   498 D wpa_supplicant: Ongoing scan action - reject new request
07-16 17:10:39.272   422   491 I WifiHW  : REPLY: FAIL
07-16 17:10:39.282  1046  1060 W MotorolaSQLiteOpenHelper: EmailProvider.db
07-16 17:10:39.292   422   491 I WifiHW  : CMD: AP_SCAN 2
07-16 17:10:39.292   498   498 D wpa_supplicant: ctrl_iface: AP_SCAN 2
07-16 17:10:39.292   422   491 I WifiHW  : REPLY: OK
07-16 17:10:39.292   422   491 I WifiHW  : CMD: SCAN
07-16 17:10:39.292   498   498 D wpa_supplicant: ctrl_iface: SCAN
07-16 17:10:39.292   498   498 D wpa_supplicant: Ongoing scan action - reject new request
07-16 17:10:39.292   422   491 I WifiHW  : REPLY: FAIL
07-16 17:10:39.522   628   628 D MccTable: updateMccMncConfiguration: mcc=460, mnc=2
07-16 17:10:39.522   628   628 D MccTable: locale set to zh_cn
07-16 17:10:39.522   628   628 D MccTable: WIFI_COUNTRY_CODE set to cn
07-16 17:10:39.532   422   491 I WifiHW  : CMD: SET COUNTRY CN
07-16 17:10:39.532   498   498 D wpa_supplicant: ctrl_iface: SET COUNTRY CN
07-16 17:10:39.532   498   498 D wpa_supplicant: CTRL_IFACE SET 'COUNTRY'='CN'
07-16 17:10:39.532   498   498 D wpa_supplicant: country='CN'
07-16 17:10:39.532   422   491 I WifiHW  : REPLY: OK
07-16 17:10:39.602  1068  1068 D dalvikvm: Try to disable coredump for pid 1068
07-16 17:10:39.612  1046  1046 D Email   : availableMemory= 3890941952 threshold= 225750876
07-16 17:10:39.662  1046  1046 D Email/CpuPowerManager: WakeLock acquired!
07-16 17:10:39.662  1046  1046 D Email/CpuPowerManager: CmdExecEngineTemp:acquireCpu() - Count[CmdExecEngineTemp:]:1 | HolderMap size:1 | LA:0 | LR:0 | C:136 | tid:1
07-16 17:10:39.662  1046  1046 D Email/CpuPowerManager: CmdExecEngineTemp:acquireCpu() - Count[CmdExecEngineTemp:]:2 | HolderMap size:1 | LA:136 | LR:0 | C:137 | tid:1
07-16 17:10:39.662  1046  1046 D SncReceiver: Received Intentandroid.intent.action.SIM_STATE_CHANGED
07-16 17:10:39.662  1046  1046 I SncReceiver: sim extra state:NOT_READY
07-16 17:10:39.682  1068  1068 E Trace   : error opening trace file: Permission denied (13)
07-16 17:10:39.692  1046  1084 D Email/CpuPowerManager: CommandExecutionEngine:acquireCpu() - Count[CommandExecutionEngine:]:1 | HolderMap size:2 | LA:137 | LR:0 | C:140 | tid:93
07-16 17:10:39.692  1046  1084 D Email/CpuPowerManager: Requested tid (93) not found in WakeLockHolder
07-16 17:10:39.692  1046  1084 D Email/CpuPowerManager: CmdExecEngineTemp:releaseCpu() - Count[CmdExecEngineTemp:]:1 | HolderMap size:2 | LA:140 | LR:0 | C:165 | tid:93
07-16 17:10:39.722   720   720 D LauncherAppWidgetHostView: com.motorola.homescreen.LauncherAppWidgetHostView@211e6880: updated in orientation: 1
07-16 17:10:39.742  1046  1085 D EmailEngine: ASF - update all accounts
07-16 17:10:39.792  1000  1000 V MmsSystemEventRcvr: onReceive() - START, app version=.line=MSG-STAB-02.1-JB.customer=hkret.device=smi.model=XT890.modelno=.blur version=Blur_Version.0.0.1.XT890.Platform.en.TS.type=userdebug.build=11.8.0I_171.release=4.1.2.time=05/29/13 (versionName=4.1.2-eng.qiyang1.20130529.192451) (versionCode=16) (log=true) (ut=false) (config=false), intent received=Intent { act=android.intent.action.SERVICE_STATE flg=0x10 cmp=com.motorola.messaging/.receiver.MmsSystemEventReceiver (has extras) }
07-16 17:10:39.792  1000  1000 D MmsSystemEventRcvr: MMS-STATUS - SERVICE_STATE event received, state=NO SERVICE, roaming indicator=false
07-16 17:10:39.792  1000  1000 V TransactionManager: wakeup TransactionService - START
07-16 17:10:39.792  1000  1000 V MessageUtils: MSG-THREAD START - startService, intent=Intent { act=com.motorola.blur.conversation.ACTION_SERVICE_STATE_OFF cmp=com.motorola.messaging/.transaction.TransactionService }
07-16 17:10:39.792  1000  1000 V TaskManager: isAlreadyInPool - Pool:BG Current Thread:main
07-16 17:10:39.792  1000  1000 V TransactionManager: wakeup TransactionService - END
07-16 17:10:39.792  1000  1000 V MmsSystemEventRcvr: onReceive() - END
07-16 17:10:39.822   628   628 D TelephonyProvider: spn found in selection, original selection="numeric = '46002' AND spn LIKE 'CMCC'"
07-16 17:10:39.822   628   628 D TelephonyProvider: spn="CMCC", new selection="numeric = '46002'"
07-16 17:10:39.842  1000  1000 V SmsReceiver: onReceive() - START, app version=.line=MSG-STAB-02.1-JB.customer=hkret.device=smi.model=XT890.modelno=.blur version=Blur_Version.0.0.1.XT890.Platform.en.TS.type=userdebug.build=11.8.0I_171.release=4.1.2.time=05/29/13 (versionName=4.1.2-eng.qiyang1.20130529.192451) (versionCode=16) (log=true) (ut=false) (config=false), gsm mode=true, world=false, intent received=Intent { act=android.intent.action.SERVICE_STATE flg=0x10 cmp=com.motorola.messaging/.receiver.SmsReceiver (has extras) }
07-16 17:10:39.842   149   149 E LBS     : [LBS-DRV]  : ERROR: CheckIpcLJ::check - select() error: -1
07-16 17:10:39.852  1000  1000 V SmsReceiver: beginStartingService - START
07-16 17:10:39.852  1000  1000 V SmsReceiver: beginStartingService - synchronized
07-16 17:10:39.852  1000  1000 V SmsReceiver: createWakeLock - Power waked lock request
07-16 17:10:39.852  1000  1000 V SmsReceiver: createWakeLock - Power waked lock done
07-16 17:10:39.852  1000  1000 V SmsReceiver: acquireWakeLock done, held= true
07-16 17:10:39.852  1000  1000 V MessageUtils: MSG-THREAD START - startService, intent=Intent { act=android.intent.action.SERVICE_STATE flg=0x10 cmp=com.motorola.messaging/.transaction.SmsReceiverService (has extras) }
07-16 17:10:39.852  1000  1000 V TaskManager: isAlreadyInPool - Pool:BG Current Thread:main
07-16 17:10:39.852  1000  1000 V SmsReceiver: beginStartingService - END
07-16 17:10:39.852  1000  1000 V SmsReceiver: onReceive - END
07-16 17:10:39.872  1000  1032 D TaskManager: task type vector size:2 taks on executor:3
07-16 17:10:39.872   720   720 I Launcher: finishBindingItems
07-16 17:10:39.892   498   498 D wpa_supplicant: nl80211: Event message available
07-16 17:10:39.892   498   498 D wpa_supplicant: nl80211: New scan results available
07-16 17:10:39.892   498   498 D wpa_supplicant: Event 3 received on interface wlan0
07-16 17:10:39.892   498   498 D wpa_supplicant: nl80211: Associated on 2427 MHz
07-16 17:10:39.892   498   498 D wpa_supplicant: Received scan results (5 BSSes)
07-16 17:10:39.892   498   498 D wpa_supplicant: nl80211: Scan results indicate BSS status with 6c:e8:73:45:82:b0 as associated
07-16 17:10:39.892   498   498 D wpa_supplicant: BSS: Start scan result update 2
07-16 17:10:39.892   498   498 D wpa_supplicant: BSS: Updating wpa_s->current_bss
07-16 17:10:39.892   498   498 D wpa_supplicant: BSS: Add new id 2 BSSID 1c:fa:68:13:05:d9 SSID 'TP-LINK_1305D9'
07-16 17:10:39.892   498   498 D wpa_supplicant: BSS: Add new id 3 BSSID 00:14:6c:cf:d6:ac SSID 'NETGEAR'
07-16 17:10:39.892   498   498 D wpa_supplicant: BSS: Add new id 4 BSSID 38:83:45:49:51:82 SSID 'TP-LINK_495182'
07-16 17:10:39.892   498   498 D wpa_supplicant: BSS: last_scan_res_used=5/32 last_scan_full=0
07-16 17:10:39.892   498   498 D wpa_supplicant: New scan results available
07-16 17:10:39.892   498   498 D wpa_supplicant: Checking for other virtual interfaces sharing same radio (phy0) in event_scan_results
07-16 17:10:39.892   422   500 I WifiHW  : EVENT: CTRL-EVENT-BSS-ADDED 2 1c:fa:68:13:05:d9
07-16 17:10:39.892   422   500 I WifiHW  : EVENT: CTRL-EVENT-BSS-ADDED 3 00:14:6c:cf:d6:ac
07-16 17:10:39.892   422   500 I WifiHW  : EVENT: CTRL-EVENT-BSS-ADDED 4 38:83:45:49:51:82
07-16 17:10:39.892   422   500 I WifiHW  : EVENT: CTRL-EVENT-SCAN-RESULTS 
07-16 17:10:39.892   422   491 I WifiHW  : CMD: AP_SCAN 1
07-16 17:10:39.892   498   498 D wpa_supplicant: ctrl_iface: AP_SCAN 1
07-16 17:10:39.892   422   491 I WifiHW  : REPLY: OK
07-16 17:10:39.892   422   491 I WifiHW  : CMD: SCAN_RESULTS
07-16 17:10:39.892   498   498 D wpa_supplicant: ctrl_iface: SCAN_RESULTS
07-16 17:10:39.892   422   491 I WifiHW  : REPLY: bssid / frequency / signal level / flags / ssid
07-16 17:10:39.892   422   491 I WifiHW  : REPLY: 6c:e8:73:45:82:b0	2427	-34	[WPA2-PSK-CCMP][WPS][ESS]	moxingshe_office
07-16 17:10:39.892   422   491 I WifiHW  : REPLY: 0c:72:2c:6c:8a:08	2412	-87	[WPA-PSK-CCMP][WPA2-PSK-CCMP][WPS][ESS]	TP-LINK_6C8A08
07-16 17:10:39.892   422   491 I WifiHW  : REPLY: 1c:fa:68:13:05:d9	2437	-90	[WPA-PSK-CCMP][WPA2-PSK-CCMP][ESS]	TP-LINK_1305D9
07-16 17:10:39.892   422   491 I WifiHW  : REPLY: 00:14:6c:cf:d6:ac	2462	-91	[WPA-PSK-TKIP][ESS]	NETGEAR
07-16 17:10:39.892   422   491 I WifiHW  : REPLY: 38:83:45:49:51:82	2437	-94	[WPA-PSK-TKIP+CCMP][WPA2-PSK-TKIP+CCMP][WPS][ESS]	TP-LINK_495182
07-16 17:10:39.942   176   418 I LBS     : [LBS] IPC_ARB : +XREG: 0,0,900,"1864","0000A3E3"
07-16 17:10:39.942   176   418 I LBS     : [LBS] IPC_ARB : not registered
07-16 17:10:39.942   176   418 I LBS     : [LBS] IPC_ARB : +XREG: 4,0,900,"1864","0000A3E3"
07-16 17:10:39.942   176   418 I LBS     : [LBS] IPC_ARB : not registered
07-16 17:10:39.962  1033  1033 V ModemStatsService: receive intent android.intent.action.SIM_STATE_CHANGED
07-16 17:10:39.962  1068  1068 I ActivityThread: Pub com.moxier.eas.provider: com.moxier.eas.engine.provider.ExchangeProvider
07-16 17:10:39.982  1068  1068 I ActivityThread: Pub com.moxier.eas.providers.tasks: com.moxier.eas.engine.provider.EasTasksProvider
07-16 17:10:40.002  1068  1068 D Email   : onCreateCommon
07-16 17:10:40.002  1068  1068 D Email   : onCreateMoxier - com.motorola.motoemail:moxierengine
07-16 17:10:40.032  1000  1032 D TaskManager: About to start (BG) task: start_service - Id:6 - Type:0
07-16 17:10:40.052  1068  1068 D ExchangeService: !!! EAS ExchangeService, onCreate
07-16 17:10:40.122  1000  1032 V MessageUtils: MSG-THREAD END - startService
07-16 17:10:40.122  1000  1032 D TaskManager: Just finished (BG) task: start_service - Id:6 - Type:0
07-16 17:10:40.122  1000  1032 D TaskManager: task type vector size:1 taks on executor:2
07-16 17:10:40.122  1000  1032 D TaskManager: About to start (BG) task: start_service - Id:7 - Type:0
07-16 17:10:40.152  1068  1068 D ExchangeService: !!! EAS ExchangeService, onStartCommand
07-16 17:10:40.212  1068  1082 D Eas Debug: Logging: User engine protocol Exchange
07-16 17:10:40.282  1000  1032 V MessageUtils: MSG-THREAD END - startService
07-16 17:10:40.292  1000  1032 D TaskManager: Just finished (BG) task: start_service - Id:7 - Type:0
07-16 17:10:40.292   422   841 D dalvikvm: WAIT_FOR_CONCURRENT_GC blocked 0ms
07-16 17:10:40.362   422   775 D GpsLocationProvider: Gps MessageHandler. msg.what 7 msg.arg1:0 msg.arg2: 0
07-16 17:10:40.362   176   232 I LBS     : [LBS]  : cmd: 1245243, source 3
07-16 17:10:40.362   176   232 I LBS     : [LBS]  : ** SP state: SpReady, rcvd id: 0x13003b, time: 43692 (ms) **
07-16 17:10:40.362   176   232 I LBS     : [LBS]  : ** LRH state: LrhReady, rcvd: LCS_ANDROID_REF_LOCATION_ID, time: 43693 (ms) **
07-16 17:10:40.362   176   232 I LBS     : [LBS]  : AssistHdlr received unsolicited reference location
07-16 17:10:40.362   176   232 I LBS     : [LBS]  : Failed to cache unsolicited reference location
07-16 17:10:40.402  1000  1000 V TransactionService: MMS-THREAD onCreate - START, instance=com.motorola.messaging.transaction.TransactionService@210d6358 thread=(name=main, id=1)
07-16 17:10:40.412  1000  1000 V TransactionService: createWakeLock MMS-Connectivity-1, instance=com.motorola.messaging.transaction.TransactionService@210d6358, lock=WakeLock{210d7288 held=false, refCount=0} thread=(name=main, id=1)
07-16 17:10:40.412  1000  1000 V TransactionService: MMS-THREAD onCreate, start new thread: TransactionService - 92
07-16 17:10:40.412  1000  1027 V SqliteManager: query END, cursor=android.content.ContentResolver$CursorWrapperInner@210cec20, stack= <- log <- verbose <- query <- fill <- run <- run <- call <- innerRun <- run
07-16 17:10:40.422  1000  1000 V TransactionService: MMS-THREAD onCreate - END, thread=(name=main, id=1)
07-16 17:10:40.432  1000  1000 V TransactionService: MMS-THREAD - onStartCommand START, instance=com.motorola.messaging.transaction.TransactionService@210d6358, intent=Intent { act=com.motorola.blur.conversation.ACTION_SERVICE_STATE_OFF cmp=com.motorola.messaging/.transaction.TransactionService }, startId=1, flags=0, thread=(name=main, id=1), num threads: 11
07-16 17:10:40.432  1000  1000 I TransactionService: Start transaction service, app version=.line=MSG-STAB-02.1-JB.customer=hkret.device=smi.model=XT890.modelno=.blur version=Blur_Version.0.0.1.XT890.Platform.en.TS.type=userdebug.build=11.8.0I_171.release=4.1.2.time=05/29/13 (versionName=4.1.2-eng.qiyang1.20130529.192451) (versionCode=16) (log=true) (ut=false) (config=false)
07-16 17:10:40.432  1000  1000 D TransactionService: MMS-STATUS - Request to start/stop transation, type=4
07-16 17:10:40.432  1000  1000 V TransactionService: onStart: service off...
07-16 17:10:40.442  1000  1000 V TransactionSettings: retrieveApn START, apn=null, retrieveType=ANY, old settings=(Apn=null, Valid=false, Service Center=null, Proxy Address=null, Proxy Port=-1)
07-16 17:10:40.442  1000  1000 V SqliteManager: query START, uri=content://telephony/carriers/current
