07-16 17:10:30.129   498   498 D wpa_supplicant: ctrl_iface: GET_NETWORK 5 wep_key1
07-16 17:10:30.129   498   498 D wpa_supplicant: CTRL_IFACE: GET_NETWORK id=5 name='wep_key1'
07-16 17:10:30.129   498   498 D wpa_supplicant: CTRL_IFACE: Failed to get network variable 'wep_key1'
07-16 17:10:30.129   422   491 I WifiHW  : REPLY: FAIL
07-16 17:10:30.129   422   491 I WifiHW  : CMD: GET_NETWORK 5 wep_key2
07-16 17:10:30.129   498   498 D wpa_supplicant: ctrl_iface: GET_NETWORK 5 wep_key2
07-16 17:10:30.129   498   498 D wpa_supplicant: CTRL_IFACE: GET_NETWORK id=5 name='wep_key2'
07-16 17:10:30.129   498   498 D wpa_supplicant: CTRL_IFACE: Failed to get network variable 'wep_key2'
07-16 17:10:30.129   422   491 I WifiHW  : REPLY: FAIL
07-16 17:10:30.129   422   491 I WifiHW  : CMD: GET_NETWORK 5 wep_key3
07-16 17:10:30.129   498   498 D wpa_supplicant: ctrl_iface: GET_NETWORK 5 wep_key3
07-16 17:10:30.129   498   498 D wpa_supplicant: CTRL_IFACE: GET_NETWORK id=5 name='wep_key3'
07-16 17:10:30.129   498   498 D wpa_supplicant: CTRL_IFACE: Failed to get network variable 'wep_key3'
07-16 17:10:30.129   422   491 I WifiHW  : REPLY: FAIL
07-16 17:10:30.129   422   491 I WifiHW  : CMD: GET_NETWORK 5 psk
07-16 17:10:30.129   498   498 D wpa_supplicant: ctrl_iface: GET_NETWORK 5 psk
07-16 17:10:30.129   498   498 D wpa_supplicant: CTRL_IFACE: GET_NETWORK id=5 name='psk'
07-16 17:10:30.129   498   498 D wpa_supplicant: Do not allow key_data field to be exposed
07-16 17:10:30.129   422   491 I WifiHW  : REPLY: *
07-16 17:10:30.129   422   491 I WifiHW  : CMD: GET_NETWORK 5 proto
07-16 17:10:30.129   498   498 D wpa_supplicant: ctrl_iface: GET_NETWORK 5 proto
07-16 17:10:30.129   498   498 D wpa_supplicant: CTRL_IFACE: GET_NETWORK id=5 name='proto'
07-16 17:10:30.129   422   491 I WifiHW  : REPLY: WPA RSN
07-16 17:10:30.129   422   491 I WifiHW  : CMD: GET_NETWORK 5 key_mgmt
07-16 17:10:30.129   498   498 D wpa_supplicant: ctrl_iface: GET_NETWORK 5 key_mgmt
07-16 17:10:30.129   498   498 D wpa_supplicant: CTRL_IFACE: GET_NETWORK id=5 name='key_mgmt'
07-16 17:10:30.129   138   380 D logwrapper: "/system/bin/iptables -t mangle -F bw_mangle_POSTROUTING", ret=0
07-16 17:10:30.139   422   491 I WifiHW  : REPLY: WPA-PSK
07-16 17:10:30.139   422   491 I WifiHW  : CMD: GET_NETWORK 5 auth_alg
07-16 17:10:30.139   498   498 D wpa_supplicant: ctrl_iface: GET_NETWORK 5 auth_alg
07-16 17:10:30.139   498   498 D wpa_supplicant: CTRL_IFACE: GET_NETWORK id=5 name='auth_alg'
07-16 17:10:30.139   422   491 I WifiHW  : CMD: GET_NETWORK 5 pairwise
07-16 17:10:30.139   498   498 D wpa_supplicant: ctrl_iface: GET_NETWORK 5 pairwise
07-16 17:10:30.139   498   498 D wpa_supplicant: CTRL_IFACE: GET_NETWORK id=5 name='pairwise'
07-16 17:10:30.139   422   491 I WifiHW  : REPLY: CCMP TKIP
07-16 17:10:30.139   422   491 I WifiHW  : CMD: GET_NETWORK 5 group
07-16 17:10:30.139   498   498 D wpa_supplicant: ctrl_iface: GET_NETWORK 5 group
07-16 17:10:30.139   498   498 D wpa_supplicant: CTRL_IFACE: GET_NETWORK id=5 name='group'
07-16 17:10:30.139   422   491 I WifiHW  : REPLY: CCMP TKIP WEP104 WEP40
07-16 17:10:30.139   422   491 I WifiHW  : CMD: GET_NETWORK 5 eap
07-16 17:10:30.139   498   498 D wpa_supplicant: ctrl_iface: GET_NETWORK 5 eap
07-16 17:10:30.139   498   498 D wpa_supplicant: CTRL_IFACE: GET_NETWORK id=5 name='eap'
07-16 17:10:30.139   498   498 D wpa_supplicant: CTRL_IFACE: Failed to get network variable 'eap'
07-16 17:10:30.139   422   491 I WifiHW  : REPLY: FAIL
07-16 17:10:30.139   422   491 I WifiHW  : CMD: GET_NETWORK 5 phase2
07-16 17:10:30.139   498   498 D wpa_supplicant: ctrl_iface: GET_NETWORK 5 phase2
07-16 17:10:30.139   498   498 D wpa_supplicant: CTRL_IFACE: GET_NETWORK id=5 name='phase2'
07-16 17:10:30.139   498   498 D wpa_supplicant: CTRL_IFACE: Failed to get network variable 'phase2'
07-16 17:10:30.139   422   491 I WifiHW  : REPLY: FAIL
07-16 17:10:30.139   422   491 I WifiHW  : CMD: GET_NETWORK 5 identity
07-16 17:10:30.139   498   498 D wpa_supplicant: ctrl_iface: GET_NETWORK 5 identity
07-16 17:10:30.139   498   498 D wpa_supplicant: CTRL_IFACE: GET_NETWORK id=5 name='identity'
07-16 17:10:30.139   498   498 D wpa_supplicant: CTRL_IFACE: Failed to get network variable 'identity'
07-16 17:10:30.139   422   491 I WifiHW  : REPLY: FAIL
07-16 17:10:30.139   422   491 I WifiHW  : CMD: GET_NETWORK 5 anonymous_identity
07-16 17:10:30.139   498   498 D wpa_supplicant: ctrl_iface: GET_NETWORK 5 anonymous_identity
07-16 17:10:30.139   498   498 D wpa_supplicant: CTRL_IFACE: GET_NETWORK id=5 name='anonymous_identity'
07-16 17:10:30.139   498   498 D wpa_supplicant: CTRL_IFACE: Failed to get network variable 'anonymous_identity'
07-16 17:10:30.139   422   491 I WifiHW  : REPLY: FAIL
07-16 17:10:30.139   422   491 I WifiHW  : CMD: GET_NETWORK 5 password
07-16 17:10:30.139   498   498 D wpa_supplicant: ctrl_iface: GET_NETWORK 5 password
07-16 17:10:30.139   498   498 D wpa_supplicant: CTRL_IFACE: GET_NETWORK id=5 name='password'
07-16 17:10:30.139   498   498 D wpa_supplicant: CTRL_IFACE: Failed to get network variable 'password'
07-16 17:10:30.139   422   491 I WifiHW  : REPLY: FAIL
07-16 17:10:30.139   422   491 I WifiHW  : CMD: GET_NETWORK 5 client_cert
07-16 17:10:30.139   498   498 D wpa_supplicant: ctrl_iface: GET_NETWORK 5 client_cert
07-16 17:10:30.139   498   498 D wpa_supplicant: CTRL_IFACE: GET_NETWORK id=5 name='client_cert'
07-16 17:10:30.139   498   498 D wpa_supplicant: CTRL_IFACE: Failed to get network variable 'client_cert'
07-16 17:10:30.139   422   491 I WifiHW  : REPLY: FAIL
07-16 17:10:30.139   422   491 I WifiHW  : CMD: GET_NETWORK 5 private_key
07-16 17:10:30.139   498   498 D wpa_supplicant: ctrl_iface: GET_NETWORK 5 private_key
07-16 17:10:30.139   498   498 D wpa_supplicant: CTRL_IFACE: GET_NETWORK id=5 name='private_key'
07-16 17:10:30.139   498   498 D wpa_supplicant: CTRL_IFACE: Failed to get network variable 'private_key'
07-16 17:10:30.139   422   491 I WifiHW  : REPLY: FAIL
07-16 17:10:30.139   422   491 I WifiHW  : CMD: GET_NETWORK 5 engine
07-16 17:10:30.139   498   498 D wpa_supplicant: ctrl_iface: GET_NETWORK 5 engine
07-16 17:10:30.139   498   498 D wpa_supplicant: CTRL_IFACE: GET_NETWORK id=5 name='engine'
07-16 17:10:30.139   422   491 I WifiHW  : REPLY: 0
07-16 17:10:30.139   422   491 I WifiHW  : CMD: GET_NETWORK 5 engine_id
07-16 17:10:30.139   498   498 D wpa_supplicant: ctrl_iface: GET_NETWORK 5 engine_id
07-16 17:10:30.139   498   498 D wpa_supplicant: CTRL_IFACE: GET_NETWORK id=5 name='engine_id'
07-16 17:10:30.139   498   498 D wpa_supplicant: CTRL_IFACE: Failed to get network variable 'engine_id'
07-16 17:10:30.139   422   491 I WifiHW  : REPLY: FAIL
07-16 17:10:30.139   422   491 I WifiHW  : CMD: GET_NETWORK 5 key_id
07-16 17:10:30.139   498   498 D wpa_supplicant: ctrl_iface: GET_NETWORK 5 key_id
07-16 17:10:30.139   498   498 D wpa_supplicant: CTRL_IFACE: GET_NETWORK id=5 name='key_id'
07-16 17:10:30.139   498   498 D wpa_supplicant: CTRL_IFACE: Failed to get network variable 'key_id'
07-16 17:10:30.139   422   491 I WifiHW  : REPLY: FAIL
07-16 17:10:30.139   422   491 I WifiHW  : CMD: GET_NETWORK 5 ca_cert
07-16 17:10:30.139   498   498 D wpa_supplicant: ctrl_iface: GET_NETWORK 5 ca_cert
07-16 17:10:30.139   498   498 D wpa_supplicant: CTRL_IFACE: GET_NETWORK id=5 name='ca_cert'
07-16 17:10:30.139   498   498 D wpa_supplicant: CTRL_IFACE: Failed to get network variable 'ca_cert'
07-16 17:10:30.139   422   491 I WifiHW  : REPLY: FAIL
07-16 17:10:30.139   422   491 I WifiHW  : CMD: GET_NETWORK 5 pcsc
07-16 17:10:30.149   498   498 D wpa_supplicant: ctrl_iface: GET_NETWORK 5 pcsc
07-16 17:10:30.149   498   498 D wpa_supplicant: CTRL_IFACE: GET_NETWORK id=5 name='pcsc'
07-16 17:10:30.149   498   498 D wpa_supplicant: CTRL_IFACE: Failed to get network variable 'pcsc'
07-16 17:10:30.149   422   491 I WifiHW  : REPLY: FAIL
07-16 17:10:30.149   422   491 I WifiHW  : CMD: GET_NETWORK 5 eapRetryCount
07-16 17:10:30.149   498   498 D wpa_supplicant: ctrl_iface: GET_NETWORK 5 eapRetryCount
07-16 17:10:30.149   498   498 D wpa_supplicant: CTRL_IFACE: GET_NETWORK id=5 name='eapRetryCount'
07-16 17:10:30.149   422   491 I WifiHW  : REPLY: 0
07-16 17:10:30.149   422   491 I WifiHW  : CMD: GET_NETWORK 5 private_key
07-16 17:10:30.149   498   498 D wpa_supplicant: ctrl_iface: GET_NETWORK 5 private_key
07-16 17:10:30.149   498   498 D wpa_supplicant: CTRL_IFACE: GET_NETWORK id=5 name='private_key'
07-16 17:10:30.149   498   498 D wpa_supplicant: CTRL_IFACE: Failed to get network variable 'private_key'
07-16 17:10:30.149   422   491 I WifiHW  : REPLY: FAIL
07-16 17:10:30.149   422   491 I WifiHW  : CMD: GET_NETWORK 6 ssid
07-16 17:10:30.149   498   498 D wpa_supplicant: ctrl_iface: GET_NETWORK 6 ssid
07-16 17:10:30.149   498   498 D wpa_supplicant: CTRL_IFACE: GET_NETWORK id=6 name='ssid'
07-16 17:10:30.149   422   491 I WifiHW  : REPLY: "moxingshe_office"
07-16 17:10:30.149   422   491 I WifiHW  : CMD: GET_NETWORK 6 bssid
07-16 17:10:30.149   498   498 D wpa_supplicant: ctrl_iface: GET_NETWORK 6 bssid
07-16 17:10:30.149   498   498 D wpa_supplicant: CTRL_IFACE: GET_NETWORK id=6 name='bssid'
07-16 17:10:30.149   498   498 D wpa_supplicant: CTRL_IFACE: Failed to get network variable 'bssid'
07-16 17:10:30.149   422   491 I WifiHW  : REPLY: FAIL
07-16 17:10:30.149   422   491 I WifiHW  : CMD: GET_NETWORK 6 priority
07-16 17:10:30.149   498   498 D wpa_supplicant: ctrl_iface: GET_NETWORK 6 priority
07-16 17:10:30.149   498   498 D wpa_supplicant: CTRL_IFACE: GET_NETWORK id=6 name='priority'
07-16 17:10:30.149   138   380 D logwrapper: "/system/bin/ip6tables -t mangle -F bw_mangle_POSTROUTING", ret=0
07-16 17:10:30.149   422   491 I WifiHW  : REPLY: 10
07-16 17:10:30.149   422   491 I WifiHW  : CMD: GET_NETWORK 6 scan_ssid
07-16 17:10:30.149   498   498 D wpa_supplicant: ctrl_iface: GET_NETWORK 6 scan_ssid
07-16 17:10:30.149   498   498 D wpa_supplicant: CTRL_IFACE: GET_NETWORK id=6 name='scan_ssid'
07-16 17:10:30.149   422   491 I WifiHW  : REPLY: 0
07-16 17:10:30.149   422   491 I WifiHW  : CMD: GET_NETWORK 6 wep_tx_keyidx
07-16 17:10:30.149   498   498 D wpa_supplicant: ctrl_iface: GET_NETWORK 6 wep_tx_keyidx
07-16 17:10:30.149   498   498 D wpa_supplicant: CTRL_IFACE: GET_NETWORK id=6 name='wep_tx_keyidx'
07-16 17:10:30.149   422   491 I WifiHW  : REPLY: 0
07-16 17:10:30.149   422   491 I WifiHW  : CMD: GET_NETWORK 6 bgscan
07-16 17:10:30.159   498   498 D wpa_supplicant: ctrl_iface: GET_NETWORK 6 bgscan
07-16 17:10:30.159   498   498 D wpa_supplicant: CTRL_IFACE: GET_NETWORK id=6 name='bgscan'
07-16 17:10:30.159   422   491 I WifiHW  : REPLY: "learn:10:-65:20"
07-16 17:10:30.159   422   491 I WifiHW  : CMD: GET_NETWORK 6 wep_key0
07-16 17:10:30.159   498   498 D wpa_supplicant: ctrl_iface: GET_NETWORK 6 wep_key0
07-16 17:10:30.159   498   498 D wpa_supplicant: CTRL_IFACE: GET_NETWORK id=6 name='wep_key0'
07-16 17:10:30.159   498   498 D wpa_supplicant: CTRL_IFACE: Failed to get network variable 'wep_key0'
07-16 17:10:30.159   422   491 I WifiHW  : REPLY: FAIL
07-16 17:10:30.159   422   491 I WifiHW  : CMD: GET_NETWORK 6 wep_key1
07-16 17:10:30.159   498   498 D wpa_supplicant: ctrl_iface: GET_NETWORK 6 wep_key1
07-16 17:10:30.159   498   498 D wpa_supplicant: CTRL_IFACE: GET_NETWORK id=6 name='wep_key1'
07-16 17:10:30.159   498   498 D wpa_supplicant: CTRL_IFACE: Failed to get network variable 'wep_key1'
07-16 17:10:30.159   422   491 I WifiHW  : REPLY: FAIL
07-16 17:10:30.159   422   491 I WifiHW  : CMD: GET_NETWORK 6 wep_key2
07-16 17:10:30.159   498   498 D wpa_supplicant: ctrl_iface: GET_NETWORK 6 wep_key2
07-16 17:10:30.159   498   498 D wpa_supplicant: CTRL_IFACE: GET_NETWORK id=6 name='wep_key2'
07-16 17:10:30.159   498   498 D wpa_supplicant: CTRL_IFACE: Failed to get network variable 'wep_key2'
07-16 17:10:30.159   422   491 I WifiHW  : REPLY: FAIL
07-16 17:10:30.159   422   491 I WifiHW  : CMD: GET_NETWORK 6 wep_key3
07-16 17:10:30.159   498   498 D wpa_supplicant: ctrl_iface: GET_NETWORK 6 wep_key3
07-16 17:10:30.159   498   498 D wpa_supplicant: CTRL_IFACE: GET_NETWORK id=6 name='wep_key3'
07-16 17:10:30.159   498   498 D wpa_supplicant: CTRL_IFACE: Failed to get network variable 'wep_key3'
07-16 17:10:30.159   422   491 I WifiHW  : REPLY: FAIL
07-16 17:10:30.159   422   491 I WifiHW  : CMD: GET_NETWORK 6 psk
07-16 17:10:30.159   498   498 D wpa_supplicant: ctrl_iface: GET_NETWORK 6 psk
07-16 17:10:30.159   498   498 D wpa_supplicant: CTRL_IFACE: GET_NETWORK id=6 name='psk'
07-16 17:10:30.159   498   498 D wpa_supplicant: Do not allow key_data field to be exposed
07-16 17:10:30.159   422   491 I WifiHW  : REPLY: *
07-16 17:10:30.159   422   491 I WifiHW  : CMD: GET_NETWORK 6 proto
07-16 17:10:30.159   498   498 D wpa_supplicant: ctrl_iface: GET_NETWORK 6 proto
07-16 17:10:30.159   498   498 D wpa_supplicant: CTRL_IFACE: GET_NETWORK id=6 name='proto'
07-16 17:10:30.159   422   491 I WifiHW  : REPLY: WPA RSN
07-16 17:10:30.159   422   491 I WifiHW  : CMD: GET_NETWORK 6 key_mgmt
07-16 17:10:30.159   498   498 D wpa_supplicant: ctrl_iface: GET_NETWORK 6 key_mgmt
07-16 17:10:30.159   498   498 D wpa_supplicant: CTRL_IFACE: GET_NETWORK id=6 name='key_mgmt'
07-16 17:10:30.159   422   491 I WifiHW  : REPLY: WPA-PSK
07-16 17:10:30.159   422   491 I WifiHW  : CMD: GET_NETWORK 6 auth_alg
07-16 17:10:30.159   498   498 D wpa_supplicant: ctrl_iface: GET_NETWORK 6 auth_alg
07-16 17:10:30.159   498   498 D wpa_supplicant: CTRL_IFACE: GET_NETWORK id=6 name='auth_alg'
07-16 17:10:30.159   138   380 D logwrapper: "/system/bin/iptables -A bw_INPUT -i lo --jump RETURN", ret=0
07-16 17:10:30.159   422   491 I WifiHW  : CMD: GET_NETWORK 6 pairwise
07-16 17:10:30.159   498   498 D wpa_supplicant: ctrl_iface: GET_NETWORK 6 pairwise
07-16 17:10:30.159   498   498 D wpa_supplicant: CTRL_IFACE: GET_NETWORK id=6 name='pairwise'
07-16 17:10:30.159   422   491 I WifiHW  : REPLY: CCMP TKIP
07-16 17:10:30.159   422   491 I WifiHW  : CMD: GET_NETWORK 6 group
07-16 17:10:30.159   498   498 D wpa_supplicant: ctrl_iface: GET_NETWORK 6 group
07-16 17:10:30.159   498   498 D wpa_supplicant: CTRL_IFACE: GET_NETWORK id=6 name='group'
07-16 17:10:30.159   422   491 I WifiHW  : REPLY: CCMP TKIP WEP104 WEP40
07-16 17:10:30.159   422   491 I WifiHW  : CMD: GET_NETWORK 6 eap
07-16 17:10:30.159   498   498 D wpa_supplicant: ctrl_iface: GET_NETWORK 6 eap
07-16 17:10:30.159   498   498 D wpa_supplicant: CTRL_IFACE: GET_NETWORK id=6 name='eap'
07-16 17:10:30.159   498   498 D wpa_supplicant: CTRL_IFACE: Failed to get network variable 'eap'
07-16 17:10:30.159   422   491 I WifiHW  : REPLY: FAIL
07-16 17:10:30.169   422   491 I WifiHW  : CMD: GET_NETWORK 6 phase2
07-16 17:10:30.169   498   498 D wpa_supplicant: ctrl_iface: GET_NETWORK 6 phase2
07-16 17:10:30.169   498   498 D wpa_supplicant: CTRL_IFACE: GET_NETWORK id=6 name='phase2'
07-16 17:10:30.169   498   498 D wpa_supplicant: CTRL_IFACE: Failed to get network variable 'phase2'
07-16 17:10:30.169   422   491 I WifiHW  : REPLY: FAIL
07-16 17:10:30.169   422   491 I WifiHW  : CMD: GET_NETWORK 6 identity
07-16 17:10:30.169   498   498 D wpa_supplicant: ctrl_iface: GET_NETWORK 6 identity
07-16 17:10:30.169   498   498 D wpa_supplicant: CTRL_IFACE: GET_NETWORK id=6 name='identity'
07-16 17:10:30.169   498   498 D wpa_supplicant: CTRL_IFACE: Failed to get network variable 'identity'
07-16 17:10:30.169   422   491 I WifiHW  : REPLY: FAIL
07-16 17:10:30.169   422   491 I WifiHW  : CMD: GET_NETWORK 6 anonymous_identity
07-16 17:10:30.169   498   498 D wpa_supplicant: ctrl_iface: GET_NETWORK 6 anonymous_identity
07-16 17:10:30.169   498   498 D wpa_supplicant: CTRL_IFACE: GET_NETWORK id=6 name='anonymous_identity'
07-16 17:10:30.169   498   498 D wpa_supplicant: CTRL_IFACE: Failed to get network variable 'anonymous_identity'
07-16 17:10:30.169   422   491 I WifiHW  : REPLY: FAIL
07-16 17:10:30.169   422   491 I WifiHW  : CMD: GET_NETWORK 6 password
07-16 17:10:30.169   498   498 D wpa_supplicant: ctrl_iface: GET_NETWORK 6 password
07-16 17:10:30.169   498   498 D wpa_supplicant: CTRL_IFACE: GET_NETWORK id=6 name='password'
07-16 17:10:30.169   498   498 D wpa_supplicant: CTRL_IFACE: Failed to get network variable 'password'
07-16 17:10:30.169   422   491 I WifiHW  : REPLY: FAIL
07-16 17:10:30.169   422   491 I WifiHW  : CMD: GET_NETWORK 6 client_cert
07-16 17:10:30.169   498   498 D wpa_supplicant: ctrl_iface: GET_NETWORK 6 client_cert
07-16 17:10:30.169   498   498 D wpa_supplicant: CTRL_IFACE: GET_NETWORK id=6 name='client_cert'
07-16 17:10:30.169   498   498 D wpa_supplicant: CTRL_IFACE: Failed to get network variable 'client_cert'
07-16 17:10:30.169   422   491 I WifiHW  : REPLY: FAIL
07-16 17:10:30.169   422   491 I WifiHW  : CMD: GET_NETWORK 6 private_key
07-16 17:10:30.169   498   498 D wpa_supplicant: ctrl_iface: GET_NETWORK 6 private_key
07-16 17:10:30.169   498   498 D wpa_supplicant: CTRL_IFACE: GET_NETWORK id=6 name='private_key'
07-16 17:10:30.169   498   498 D wpa_supplicant: CTRL_IFACE: Failed to get network variable 'private_key'
07-16 17:10:30.169   422   491 I WifiHW  : REPLY: FAIL
07-16 17:10:30.169   422   491 I WifiHW  : CMD: GET_NETWORK 6 engine
07-16 17:10:30.169   498   498 D wpa_supplicant: ctrl_iface: GET_NETWORK 6 engine
07-16 17:10:30.169   498   498 D wpa_supplicant: CTRL_IFACE: GET_NETWORK id=6 name='engine'
07-16 17:10:30.169   422   491 I WifiHW  : REPLY: 0
07-16 17:10:30.169   422   491 I WifiHW  : CMD: GET_NETWORK 6 engine_id
07-16 17:10:30.169   498   498 D wpa_supplicant: ctrl_iface: GET_NETWORK 6 engine_id
07-16 17:10:30.169   498   498 D wpa_supplicant: CTRL_IFACE: GET_NETWORK id=6 name='engine_id'
07-16 17:10:30.169   498   498 D wpa_supplicant: CTRL_IFACE: Failed to get network variable 'engine_id'
07-16 17:10:30.169   422   491 I WifiHW  : REPLY: FAIL
07-16 17:10:30.169   138   380 D logwrapper: "/system/bin/ip6tables -A bw_INPUT -i lo --jump RETURN", ret=0
07-16 17:10:30.169   422   491 I WifiHW  : CMD: GET_NETWORK 6 key_id
07-16 17:10:30.169   498   498 D wpa_supplicant: ctrl_iface: GET_NETWORK 6 key_id
07-16 17:10:30.169   498   498 D wpa_supplicant: CTRL_IFACE: GET_NETWORK id=6 name='key_id'
07-16 17:10:30.169   498   498 D wpa_supplicant: CTRL_IFACE: Failed to get network variable 'key_id'
07-16 17:10:30.169   422   491 I WifiHW  : REPLY: FAIL
07-16 17:10:30.169   422   491 I WifiHW  : CMD: GET_NETWORK 6 ca_cert
07-16 17:10:30.169   498   498 D wpa_supplicant: ctrl_iface: GET_NETWORK 6 ca_cert
07-16 17:10:30.169   498   498 D wpa_supplicant: CTRL_IFACE: GET_NETWORK id=6 name='ca_cert'
07-16 17:10:30.169   498   498 D wpa_supplicant: CTRL_IFACE: Failed to get network variable 'ca_cert'
07-16 17:10:30.169   422   491 I WifiHW  : REPLY: FAIL
07-16 17:10:30.169   422   491 I WifiHW  : CMD: GET_NETWORK 6 pcsc
07-16 17:10:30.169   498   498 D wpa_supplicant: ctrl_iface: GET_NETWORK 6 pcsc
07-16 17:10:30.169   498   498 D wpa_supplicant: CTRL_IFACE: GET_NETWORK id=6 name='pcsc'
07-16 17:10:30.169   498   498 D wpa_supplicant: CTRL_IFACE: Failed to get network variable 'pcsc'
07-16 17:10:30.179   422   491 I WifiHW  : REPLY: FAIL
07-16 17:10:30.179   422   491 I WifiHW  : CMD: GET_NETWORK 6 eapRetryCount
07-16 17:10:30.179   498   498 D wpa_supplicant: ctrl_iface: GET_NETWORK 6 eapRetryCount
07-16 17:10:30.179   498   498 D wpa_supplicant: CTRL_IFACE: GET_NETWORK id=6 name='eapRetryCount'
07-16 17:10:30.179   422   491 I WifiHW  : REPLY: 6
07-16 17:10:30.179   422   491 I WifiHW  : CMD: GET_NETWORK 6 private_key
07-16 17:10:30.179   498   498 D wpa_supplicant: ctrl_iface: GET_NETWORK 6 private_key
07-16 17:10:30.179   498   498 D wpa_supplicant: CTRL_IFACE: GET_NETWORK id=6 name='private_key'
07-16 17:10:30.179   498   498 D wpa_supplicant: CTRL_IFACE: Failed to get network variable 'private_key'
07-16 17:10:30.179   422   491 I WifiHW  : REPLY: FAIL
07-16 17:10:30.189   138   380 D logwrapper: "/system/bin/iptables -A bw_INPUT -m owner --socket-exists", ret=0
07-16 17:10:30.189   422   491 I WifiHW  : CMD: SET device_name smi_ird
07-16 17:10:30.189   498   498 D wpa_supplicant: ctrl_iface: SET device_name smi_ird
07-16 17:10:30.189   498   498 D wpa_supplicant: CTRL_IFACE SET 'device_name'='smi_ird'
07-16 17:10:30.189   498   498 D wpa_supplicant: device_name='smi_ird'
07-16 17:10:30.189   422   491 I WifiHW  : REPLY: OK
07-16 17:10:30.189   422   491 I WifiHW  : CMD: SET manufacturer motorola
07-16 17:10:30.189   498   498 D wpa_supplicant: ctrl_iface: SET manufacturer motorola
07-16 17:10:30.189   498   498 D wpa_supplicant: CTRL_IFACE SET 'manufacturer'='motorola'
07-16 17:10:30.189   498   498 D wpa_supplicant: manufacturer='motorola'
07-16 17:10:30.189   422   491 I WifiHW  : REPLY: OK
07-16 17:10:30.189   422   491 I WifiHW  : CMD: SET model_name XT890
07-16 17:10:30.189   498   498 D wpa_supplicant: ctrl_iface: SET model_name XT890
07-16 17:10:30.189   498   498 D wpa_supplicant: CTRL_IFACE SET 'model_name'='XT890'
07-16 17:10:30.189   498   498 D wpa_supplicant: model_name='XT890'
07-16 17:10:30.189   422   491 I WifiHW  : REPLY: OK
07-16 17:10:30.189   422   491 I WifiHW  : CMD: SET model_number XT890
07-16 17:10:30.189   498   498 D wpa_supplicant: ctrl_iface: SET model_number XT890
07-16 17:10:30.189   498   498 D wpa_supplicant: CTRL_IFACE SET 'model_number'='XT890'
07-16 17:10:30.189   498   498 D wpa_supplicant: model_number='XT890'
07-16 17:10:30.189   422   491 I WifiHW  : REPLY: OK
07-16 17:10:30.189   422   491 I WifiHW  : CMD: SET serial_number LSJE1C0083
07-16 17:10:30.189   498   498 D wpa_supplicant: ctrl_iface: SET serial_number LSJE1C0083
07-16 17:10:30.189   498   498 D wpa_supplicant: CTRL_IFACE SET 'serial_number'='LSJE1C0083'
07-16 17:10:30.189   498   498 D wpa_supplicant: serial_number='LSJE1C0083'
07-16 17:10:30.189   422   491 I WifiHW  : REPLY: OK
07-16 17:10:30.189   422   491 I WifiHW  : CMD: SET config_methods virtual_display virtual_push_button
07-16 17:10:30.189   498   498 D wpa_supplicant: ctrl_iface: SET config_methods virtual_display virtual_push_button
07-16 17:10:30.189   498   498 D wpa_supplicant: CTRL_IFACE SET 'config_methods'='virtual_display virtual_push_button'
07-16 17:10:30.189   498   498 D wpa_supplicant: config_methods='virtual_display virtual_push_button'
07-16 17:10:30.189   422   491 I WifiHW  : REPLY: OK
07-16 17:10:30.199   422   491 I WifiHW  : CMD: SET device_type 10-0050F204-5
07-16 17:10:30.199   498   498 D wpa_supplicant: ctrl_iface: SET device_type 10-0050F204-5
07-16 17:10:30.199   498   498 D wpa_supplicant: CTRL_IFACE SET 'device_type'='10-0050F204-5'
07-16 17:10:30.199   422   491 I WifiHW  : REPLY: OK
07-16 17:10:30.199   138   380 D logwrapper: "/system/bin/ip6tables -A bw_INPUT -m owner --socket-exists", ret=0
07-16 17:10:30.209   138   380 D logwrapper: "/system/bin/iptables -A bw_OUTPUT -o lo --jump RETURN", ret=0
07-16 17:10:30.209   422   491 I WifiHW  : CMD: SCAN_INTERVAL 15
07-16 17:10:30.209   498   498 D wpa_supplicant: ctrl_iface: SCAN_INTERVAL 15
07-16 17:10:30.209   422   491 I WifiHW  : REPLY: OK
07-16 17:10:30.209   422   491 I WifiHW  : CMD: DRIVER BTCOEXSCAN-STOP
07-16 17:10:30.209   498   498 D wpa_supplicant: ctrl_iface: DRIVER BTCOEXSCAN-STOP
07-16 17:10:30.209   498   498 D wpa_supplicant: nl80211_priv_driver_cmd BTCOEXSCAN-STOP len = 4096
07-16 17:10:30.209   498   498 E wpa_supplicant: Unsupported command: BTCOEXSCAN-STOP
07-16 17:10:30.209   422   491 I WifiHW  : REPLY: FAIL
07-16 17:10:30.209   422   491 I WifiHW  : CMD: DRIVER RXFILTER-STOP
07-16 17:10:30.209   498   498 D wpa_supplicant: ctrl_iface: DRIVER RXFILTER-STOP
07-16 17:10:30.209   498   498 D wpa_supplicant: nl80211_priv_driver_cmd RXFILTER-STOP len = 4096
07-16 17:10:30.219   138   380 D logwrapper: "/system/bin/ip6tables -A bw_OUTPUT -o lo --jump RETURN", ret=0
07-16 17:10:30.219   422   491 I WifiHW  : REPLY: OK
07-16 17:10:30.219   422   491 I WifiHW  : CMD: DRIVER RXFILTER-ADD 3
07-16 17:10:30.219   498   498 D wpa_supplicant: ctrl_iface: DRIVER RXFILTER-ADD 3
07-16 17:10:30.219   498   498 D wpa_supplicant: nl80211_priv_driver_cmd RXFILTER-ADD 3 len = 4096
07-16 17:10:30.219   422   491 I WifiHW  : REPLY: OK
07-16 17:10:30.219   422   491 I WifiHW  : CMD: DRIVER RXFILTER-START
07-16 17:10:30.219   498   498 D wpa_supplicant: ctrl_iface: DRIVER RXFILTER-START
07-16 17:10:30.219   498   498 D wpa_supplicant: nl80211_priv_driver_cmd RXFILTER-START len = 4096
07-16 17:10:30.229   422   491 I WifiHW  : REPLY: OK
07-16 17:10:30.229   422   491 I WifiHW  : CMD: DRIVER RXFILTER-STOP
07-16 17:10:30.229   138   380 D logwrapper: "/system/bin/iptables -A bw_OUTPUT -m owner --socket-exists", ret=0
07-16 17:10:30.229   498   498 D wpa_supplicant: ctrl_iface: DRIVER RXFILTER-STOP
07-16 17:10:30.229   498   498 D wpa_supplicant: nl80211_priv_driver_cmd RXFILTER-STOP len = 4096
07-16 17:10:30.239   422   491 I WifiHW  : REPLY: OK
07-16 17:10:30.239   138   380 D logwrapper: "/system/bin/ip6tables -A bw_OUTPUT -m owner --socket-exists", ret=0
07-16 17:10:30.239   422   491 I WifiHW  : CMD: DRIVER RXFILTER-REMOVE 2
07-16 17:10:30.239   498   498 D wpa_supplicant: ctrl_iface: DRIVER RXFILTER-REMOVE 2
07-16 17:10:30.239   498   498 D wpa_supplicant: nl80211_priv_driver_cmd RXFILTER-REMOVE 2 len = 4096
07-16 17:10:30.239   422   491 I WifiHW  : REPLY: OK
07-16 17:10:30.239   422   491 I WifiHW  : CMD: DRIVER RXFILTER-START
07-16 17:10:30.239   498   498 D wpa_supplicant: ctrl_iface: DRIVER RXFILTER-START
07-16 17:10:30.239   498   498 D wpa_supplicant: nl80211_priv_driver_cmd RXFILTER-START len = 4096
07-16 17:10:30.249   422   491 I WifiHW  : REPLY: OK
07-16 17:10:30.249   138   380 D logwrapper: "/system/bin/iptables -A costly_shared --jump penalty_box", ret=0
07-16 17:10:30.249   422   491 I WifiHW  : CMD: SET ps 1
07-16 17:10:30.249   498   498 D wpa_supplicant: ctrl_iface: SET ps 1
07-16 17:10:30.249   498   498 D wpa_supplicant: CTRL_IFACE SET 'ps'='1'
07-16 17:10:30.249   422   491 I WifiHW  : REPLY: FAIL
07-16 17:10:30.249   422   491 I WifiHW  : CMD: AP_SCAN 1
07-16 17:10:30.249   498   498 D wpa_supplicant: ctrl_iface: AP_SCAN 1
07-16 17:10:30.249   422   491 I WifiHW  : REPLY: OK
07-16 17:10:30.249   422   491 I WifiHW  : CMD: RECONNECT
07-16 17:10:30.249   498   498 D wpa_supplicant: ctrl_iface: RECONNECT
07-16 17:10:30.249   422   491 I WifiHW  : REPLY: OK
07-16 17:10:30.249   422   491 I WifiHW  : CMD: STATUS
07-16 17:10:30.249   498   498 D wpa_supplicant: ctrl_iface: STATUS
07-16 17:10:30.249   422   491 I WifiHW  : REPLY: wpa_state=DISCONNECTED
07-16 17:10:30.249   422   491 I WifiHW  : REPLY: p2p_device_address=08:00:28:64:b5:25
07-16 17:10:30.249   422   491 I WifiHW  : REPLY: address=08:00:28:64:b5:25
07-16 17:10:30.259   422   491 I WifiHW  : CMD: P2P_SET disabled 1
07-16 17:10:30.259   498   498 D wpa_supplicant: ctrl_iface: P2P_SET disabled 1
07-16 17:10:30.259   498   498 D wpa_supplicant: P2P functionality disabled
07-16 17:10:30.259   498   498 D wpa_supplicant: wlan0: P2P: Stopping find
07-16 17:10:30.259   498   498 D wpa_supplicant: wlan0: P2P: Clear timeout (state=IDLE)
07-16 17:10:30.259   498   498 D wpa_supplicant: wlan0: P2P: State IDLE -> IDLE
07-16 17:10:30.259   498   498 D wpa_supplicant: wlan0: P2P: Clear timeout (state=IDLE)
07-16 17:10:30.259   498   498 D wpa_supplicant: wlan0: P2P: State IDLE -> IDLE
07-16 17:10:30.259   422   491 I WifiHW  : REPLY: OK
07-16 17:10:30.259   422   491 I WifiHW  : CMD: SET COUNTRY CN
07-16 17:10:30.259   498   498 D wpa_supplicant: ctrl_iface: SET COUNTRY CN
07-16 17:10:30.259   498   498 D wpa_supplicant: CTRL_IFACE SET 'COUNTRY'='CN'
07-16 17:10:30.259   498   498 D wpa_supplicant: country='CN'
07-16 17:10:30.259   422   491 I WifiHW  : REPLY: OK
07-16 17:10:30.259   138   380 D logwrapper: "/system/bin/ip6tables -A costly_shared --jump penalty_box", ret=0
07-16 17:10:30.259   422   491 I WifiHW  : CMD: DRIVER SETBAND 0
07-16 17:10:30.259   498   498 D wpa_supplicant: ctrl_iface: DRIVER SETBAND 0
07-16 17:10:30.259   498   498 D wpa_supplicant: SETBAND: 0
07-16 17:10:30.259   498   498 D wpa_supplicant: Setting scan request: 0 sec 0 usec
07-16 17:10:30.259   498   498 D wpa_supplicant: State: DISCONNECTED -> SCANNING
07-16 17:10:30.259   498   498 D wpa_supplicant: Starting AP scan for wildcard SSID
07-16 17:10:30.259   498   498 D wpa_supplicant: WPS: Building WPS IE for Probe Request
07-16 17:10:30.259   498   498 D wpa_supplicant: WPS:  * Version (hardcoded 0x10)
07-16 17:10:30.259   498   498 D wpa_supplicant: WPS:  * Request Type
07-16 17:10:30.259   498   498 D wpa_supplicant: WPS:  * Config Methods (2288)
07-16 17:10:30.259   498   498 D wpa_supplicant: WPS:  * UUID-E
07-16 17:10:30.259   498   498 D wpa_supplicant: WPS:  * Primary Device Type
07-16 17:10:30.259   498   498 D wpa_supplicant: WPS:  * RF Bands (3)
07-16 17:10:30.259   498   498 D wpa_supplicant: WPS:  * Association State
07-16 17:10:30.259   498   498 D wpa_supplicant: WPS:  * Configuration Error (0)
07-16 17:10:30.259   498   498 D wpa_supplicant: WPS:  * Device Password ID (0)
07-16 17:10:30.259   498   498 D wpa_supplicant: WPS:  * Manufacturer
07-16 17:10:30.259   498   498 D wpa_supplicant: WPS:  * Model Name
07-16 17:10:30.259   498   498 D wpa_supplicant: WPS:  * Model Number
07-16 17:10:30.259   498   498 D wpa_supplicant: WPS:  * Device Name
07-16 17:10:30.259   498   498 D wpa_supplicant: WPS:  * Version2 (0x20)
07-16 17:10:30.259   498   498 D wpa_supplicant: Scan requested (ret=0) - scan timeout 10 seconds
07-16 17:10:30.259   498   498 D wpa_supplicant: nl80211: Event message available
07-16 17:10:30.259   498   498 D wpa_supplicant: nl80211: Scan trigger
07-16 17:10:30.269   422   500 I WifiHW  : EVENT: CTRL-EVENT-STATE-CHANGE id=-1 state=3 BSSID=00:00:00:00:00:00 SSID=
07-16 17:10:30.269   422   491 I WifiHW  : REPLY: OK
07-16 17:10:30.269   422   491 D WifiStateMachine: resetPriorityIfNeeded Enter -1
07-16 17:10:30.269   422   491 I WifiHW  : CMD: SCAN
07-16 17:10:30.269   498   498 D wpa_supplicant: ctrl_iface: SCAN
07-16 17:10:30.269   498   498 D wpa_supplicant: Ongoing scan action - reject new request
07-16 17:10:30.269   422   491 I WifiHW  : REPLY: FAIL
07-16 17:10:30.269   138   380 D logwrapper: "/system/bin/iptables -t raw -A bw_raw_PREROUTING ! -i lo+ -m owner --socket-exists", ret=0
07-16 17:10:30.289   138   380 D logwrapper: "/system/bin/ip6tables -t raw -A bw_raw_PREROUTING ! -i lo+ -m owner --socket-exists", ret=0
07-16 17:10:30.299   138   380 D logwrapper: "/system/bin/iptables -t mangle -A bw_mangle_POSTROUTING ! -o lo+ -m owner --socket-exists", ret=0
07-16 17:10:30.309   138   380 D logwrapper: "/system/bin/ip6tables -t mangle -A bw_mangle_POSTROUTING ! -o lo+ -m owner --socket-exists", ret=0
07-16 17:10:30.329   554   554 D dalvikvm: Try to disable coredump for pid 554
07-16 17:10:30.349   422   465 V KeyguardViewManager: KGVM: Set visibility on com.android.internal.policy.impl.KeyguardViewManager$KeyguardViewHost@213f4518 to 6291456
07-16 17:10:30.419   422   465 D android.widget.GridLayout: vertical constraints: y5-y0>=888, y5-y4<=0, y4-y3<=29, y3-y2<=2, y2-y1<=29, y1-y0<=141 are inconsistent; permanently removing: y5-y4<=0. 
07-16 17:10:30.439   422   436 D hwcomposer: isSpriteLayer: got a sprite layer
07-16 17:10:30.449   554   554 E Trace   : error opening trace file: Permission denied (13)
07-16 17:10:30.459   422   436 D hwcomposer: isSpriteLayer: got a sprite layer
07-16 17:10:30.499   422   465 W IMGSRV  : :0: gralloc_device_alloc: ID: 6 handle: 0x5b623f40 size: 540 x 960 fmt: 5 usage: 0xb00
07-16 17:10:30.499   422   465 D OpenGLRenderer: Enabling debug mode 0
07-16 17:10:30.539   422   465 V LockPatternKeyguardView: Set visibility on com.android.internal.policy.impl.LockPatternKeyguardView$5@213fa128 to 8388608
07-16 17:10:30.589   422   436 D hwcomposer: isSpriteLayer: got a sprite layer
07-16 17:10:30.639   138   380 D logwrapper: "/system/bin/iptables ! -i lo+ -I bw_INPUT -m quota2 ! --quota 2097152 --name globalAlert", ret=0
07-16 17:10:30.639   513   513 E NFC     : could not retrieve NFC service
07-16 17:10:30.649   138   380 D logwrapper: "/system/bin/ip6tables ! -i lo+ -I bw_INPUT -m quota2 ! --quota 2097152 --name globalAlert", ret=0
07-16 17:10:30.669   138   380 D logwrapper: "/system/bin/iptables ! -o lo+ -I bw_OUTPUT -m quota2 ! --quota 2097152 --name globalAlert", ret=0
07-16 17:10:30.679   138   380 D logwrapper: "/system/bin/ip6tables ! -o lo+ -I bw_OUTPUT -m quota2 ! --quota 2097152 --name globalAlert", ret=0
07-16 17:10:30.689   422   436 D hwcomposer: isSpriteLayer: got a sprite layer
07-16 17:10:30.719   138   380 D logwrapper: "/system/bin/iptables -I penalty_box -m owner --uid-owner 10015 --jump REJECT --reject-with icmp-net-prohibited", ret=0
07-16 17:10:30.719   138   380 D logwrapper: "/system/bin/ip6tables -I penalty_box -m owner --uid-owner 10015 --jump REJECT --reject-with icmp6-no-route", ret=0
07-16 17:10:30.719   422   436 D hwcomposer: isSpriteLayer: got a sprite layer
07-16 17:10:30.729   138   380 D logwrapper: "/system/bin/iptables -I penalty_box -m owner --uid-owner 10040 --jump REJECT --reject-with icmp-net-prohibited", ret=0
07-16 17:10:30.739   138   380 D logwrapper: "/system/bin/ip6tables -I penalty_box -m owner --uid-owner 10040 --jump REJECT --reject-with icmp6-no-route", ret=0
07-16 17:10:30.759   138   380 D logwrapper: "/system/bin/iptables -I penalty_box -m owner --uid-owner 10095 --jump REJECT --reject-with icmp-net-prohibited", ret=0
07-16 17:10:30.759   422   436 D hwcomposer: isSpriteLayer: got a sprite layer
07-16 17:10:30.759   513   513 D libEGL  : loaded /vendor/lib/egl/libEGL_POWERVR_SGX540_121.so
07-16 17:10:30.769   138   380 D logwrapper: "/system/bin/ip6tables -I penalty_box -m owner --uid-owner 10095 --jump REJECT --reject-with icmp6-no-route", ret=0
07-16 17:10:30.769   513   513 D libEGL  : loaded /vendor/lib/egl/libGLESv1_CM_POWERVR_SGX540_121.so
07-16 17:10:30.789   422   436 D hwcomposer: isSpriteLayer: got a sprite layer
07-16 17:10:30.799   422   436 D hwcomposer: isSpriteLayer: got a sprite layer
07-16 17:10:30.819   513   513 D libEGL  : loaded /vendor/lib/egl/libGLESv2_POWERVR_SGX540_121.so
07-16 17:10:30.829   422   465 W IMGSRV  : :0: gralloc_device_alloc: ID: 7 handle: 0x5c033850 size: 540 x 850 fmt: 5 usage: 0xb00
07-16 17:10:30.859   422   465 V LockPatternKeyguardView: Set visibility on com.android.internal.policy.impl.LockPatternKeyguardView$5@213fa128 to 8388608
07-16 17:10:30.869   498   498 D wpa_supplicant: nl80211: Event message available
07-16 17:10:30.869   498   498 D wpa_supplicant: nl80211: New scan results available
07-16 17:10:30.869   498   498 D wpa_supplicant: Event 3 received on interface wlan0
07-16 17:10:30.869   498   498 D wpa_supplicant: Received scan results (2 BSSes)
07-16 17:10:30.869   498   498 D wpa_supplicant: BSS: Start scan result update 1
07-16 17:10:30.869   498   498 D wpa_supplicant: BSS: Add new id 0 BSSID 6c:e8:73:45:82:b0 SSID 'moxingshe_office'
07-16 17:10:30.869   498   498 D wpa_supplicant: BSS: Add new id 1 BSSID 0c:72:2c:6c:8a:08 SSID 'TP-LINK_6C8A08'
07-16 17:10:30.869   498   498 D wpa_supplicant: BSS: last_scan_res_used=2/32 last_scan_full=0
07-16 17:10:30.869   498   498 D wpa_supplicant: New scan results available
07-16 17:10:30.869   498   498 D wpa_supplicant: Selecting BSS from priority group 10
07-16 17:10:30.869   498   498 D wpa_supplicant: 0: 6c:e8:73:45:82:b0 ssid='moxingshe_office' wpa_ie_len=0 rsn_ie_len=20 caps=0x431 level=-34 wps
07-16 17:10:30.869   498   498 D wpa_supplicant:    selected based on RSN IE
07-16 17:10:30.869   498   498 D wpa_supplicant:    selected BSS 6c:e8:73:45:82:b0 ssid='moxingshe_office'
07-16 17:10:30.869   498   498 D wpa_supplicant: _wpa_supplicant_event_scan_results: 1 matching BSSes in scan results
07-16 17:10:30.869   498   498 D wpa_supplicant: wlan0: Request association: reassociate: 1  selected: 6c:e8:73:45:82:b0  bssid: 00:00:00:00:00:00  pending: 00:00:00:00:00:00  wpa_state: SCANNING
07-16 17:10:30.869   498   498 D wpa_supplicant: Automatic auth_alg selection: 0x1
07-16 17:10:30.869   498   498 D wpa_supplicant: RSN: using IEEE 802.11i/D9.0
07-16 17:10:30.869   498   498 D wpa_supplicant: WPA: Selected cipher suites: group 16 pairwise 16 key_mgmt 2 proto 2
07-16 17:10:30.869   498   498 D wpa_supplicant: WPA: clearing AP WPA IE
07-16 17:10:30.869   498   498 D wpa_supplicant: WPA: using GTK CCMP
07-16 17:10:30.869   498   498 D wpa_supplicant: WPA: using PTK CCMP
07-16 17:10:30.869   498   498 D wpa_supplicant: WPA: using KEY_MGMT WPA-PSK
07-16 17:10:30.869   498   498 D wpa_supplicant: Try to suspend Periodic Scan Offload when pso not enabled
07-16 17:10:30.869   498   498 D wpa_supplicant: cancel_sched_scan called when no sched scan
07-16 17:10:30.869   498   498 D wpa_supplicant: Cancelling scan request
07-16 17:10:30.869   498   498 I wpa_supplicant: wlan0: SME: Trying to authenticate with 6c:e8:73:45:82:b0 (SSID='moxingshe_office' freq=2427 MHz)
07-16 17:10:30.869   498   498 D wpa_supplicant: No keys have been configured - skip key clearing
07-16 17:10:30.869   498   498 D wpa_supplicant: State: SCANNING -> AUTHENTICATING
07-16 17:10:30.869   498   498 D wpa_supplicant: EAPOL: External notification - EAP success=0
07-16 17:10:30.869   498   498 D wpa_supplicant: EAPOL: Supplicant port status: Unauthorized
07-16 17:10:30.869   498   498 D wpa_supplicant: EAPOL: External notification - EAP fail=0
07-16 17:10:30.869   498   498 D wpa_supplicant: EAPOL: Supplicant port status: Unauthorized
07-16 17:10:30.869   498   498 D wpa_supplicant: EAPOL: External notification - portControl=Auto
07-16 17:10:30.869   498   498 D wpa_supplicant: EAPOL: Supplicant port status: Unauthorized
07-16 17:10:30.869   498   498 D wpa_supplicant: nl80211: Authenticate (ifindex=5, mode=2)
07-16 17:10:30.869   498   498 D wpa_supplicant:   * bssid=6c:e8:73:45:82:b0
07-16 17:10:30.869   498   498 D wpa_supplicant:   * freq=2427
07-16 17:10:30.869   498   498 D wpa_supplicant:   * Auth Type 0
07-16 17:10:30.869   498   498 D wpa_supplicant: nl80211: Authentication request send successfully
07-16 17:10:30.869   498   498 D wpa_supplicant: Checking for other virtual interfaces sharing same radio (phy0) in event_scan_results
07-16 17:10:30.869   422   500 I WifiHW  : EVENT: CTRL-EVENT-BSS-ADDED 0 6c:e8:73:45:82:b0
07-16 17:10:30.879   422   500 I WifiHW  : EVENT: CTRL-EVENT-BSS-ADDED 1 0c:72:2c:6c:8a:08
07-16 17:10:30.879   422   500 I WifiHW  : EVENT: CTRL-EVENT-SCAN-RESULTS 
07-16 17:10:30.879   422   500 I WifiHW  : EVENT: WPS-AP-AVAILABLE 
07-16 17:10:30.879   422   491 I WifiHW  : CMD: AP_SCAN 1
07-16 17:10:30.879   498   498 D wpa_supplicant: ctrl_iface: AP_SCAN 1
07-16 17:10:30.879   422   500 I WifiHW  : EVENT: SME: Trying to authenticate with 6c:e8:73:45:82:b0 (SSID='moxingshe_office' freq=2427 MHz)
07-16 17:10:30.879   422   500 I WifiHW  : EVENT: CTRL-EVENT-STATE-CHANGE id=-1 state=4 BSSID=6c:e8:73:45:82:b0 SSID=
07-16 17:10:30.879   422   491 I WifiHW  : REPLY: OK
07-16 17:10:30.879   422   491 I WifiHW  : CMD: SCAN_RESULTS
07-16 17:10:30.879   498   498 D wpa_supplicant: ctrl_iface: SCAN_RESULTS
07-16 17:10:30.889   422   491 I WifiHW  : REPLY: bssid / frequency / signal level / flags / ssid
07-16 17:10:30.889   422   491 I WifiHW  : REPLY: 6c:e8:73:45:82:b0	2427	-34	[WPA2-PSK-CCMP][WPS][ESS]	moxingshe_office
07-16 17:10:30.889   422   491 I WifiHW  : REPLY: 0c:72:2c:6c:8a:08	2412	-87	[WPA-PSK-CCMP][WPA2-PSK-CCMP][WPS][ESS]	TP-LINK_6C8A08
07-16 17:10:30.899   498   498 D wpa_supplicant: EAPOL: disable timer tick
07-16 17:10:30.899   498   498 D wpa_supplicant: EAPOL: Supplicant port status: Unauthorized
07-16 17:10:30.899   422   491 D WifiStateMachine: resetPriorityIfNeeded Enter -1
07-16 17:10:30.909   582   582 D dalvikvm: Try to disable coredump for pid 582
07-16 17:10:30.909   422   465 W IMGSRV  : :0: gralloc_device_free: ID: 7 handle: 0x5c033850 size: 540 x 850 fmt: 5 usage: 0xb00
07-16 17:10:30.909   422   465 W IMGSRV  : :0: gralloc_device_free: ID: 6 handle: 0x5b623f40 size: 540 x 960 fmt: 5 usage: 0xb00
07-16 17:10:30.939   498   498 D wpa_supplicant: nl80211: Event message available
07-16 17:10:30.939   498   498 D wpa_supplicant: nl80211: MLME event 37
07-16 17:10:30.939   498   498 D wpa_supplicant: Event 11 received on interface wlan0
07-16 17:10:30.939   498   498 D wpa_supplicant: SME: Authentication response: peer=6c:e8:73:45:82:b0 auth_type=0 status_code=0
07-16 17:10:30.939   498   498 I wpa_supplicant: wlan0: Trying to associate with 6c:e8:73:45:82:b0 (SSID='moxingshe_office' freq=2427 MHz)
07-16 17:10:30.939   498   498 D wpa_supplicant: State: AUTHENTICATING -> ASSOCIATING
07-16 17:10:30.939   498   498 D wpa_supplicant: wpa_driver_nl80211_set_operstate: operstate 0->0 (DORMANT)
07-16 17:10:30.939   498   498 D wpa_supplicant: netlink: Operstate: linkmode=-1, operstate=5
07-16 17:10:30.939   422   500 I WifiHW  : EVENT: Trying to associate with 6c:e8:73:45:82:b0 (SSID='moxingshe_office' freq=2427 MHz)
07-16 17:10:30.939   498   498 D wpa_supplicant: nl80211: Associate (ifindex=5)
07-16 17:10:30.939   498   498 D wpa_supplicant:   * bssid=6c:e8:73:45:82:b0
07-16 17:10:30.939   498   498 D wpa_supplicant:   * freq=2427
07-16 17:10:30.939   498   498 D wpa_supplicant:   * pairwise=0xfac04
07-16 17:10:30.939   422   500 I WifiHW  : EVENT: CTRL-EVENT-STATE-CHANGE id=6 state=5 BSSID=6c:e8:73:45:82:b0 SSID=moxingshe_office
07-16 17:10:30.939   498   498 D wpa_supplicant:   * group=0xfac04
07-16 17:10:30.939   498   498 D wpa_supplicant: nl80211: Association request send successfully
07-16 17:10:30.939   422   491 D WifiStateMachine: resetPriorityIfNeeded Enter 6
07-16 17:10:30.939   422   465 W IMGSRV  : :0: gralloc_device_alloc: ID: 8 handle: 0x5c1d0e80 size: 540 x 850 fmt: 5 usage: 0xb00
07-16 17:10:30.969   582   582 E Trace   : error opening trace file: Permission denied (13)
07-16 17:10:30.989   582   582 I ActivityThread: Pub downloads: com.android.providers.downloads.DownloadProvider
07-16 17:10:31.019   422   465 W IMGSRV  : :0: gralloc_device_alloc: ID: 9 handle: 0x5ce86200 size: 540 x 850 fmt: 5 usage: 0xb00
07-16 17:10:31.029   422   465 W IMGSRV  : :0: gralloc_device_alloc: ID: 10 handle: 0x5ce879c0 size: 540 x 850 fmt: 5 usage: 0xb00
07-16 17:10:31.029   498   498 D wpa_supplicant: nl80211: Event message available
07-16 17:10:31.029   498   498 D wpa_supplicant: nl80211: New station 6c:e8:73:45:82:b0
07-16 17:10:31.059   422   431 W IMGSRV  : :0: gralloc_device_alloc: ID: 11 handle: 0x5cea5f10 size: 540 x 38 fmt: 5 usage: 0xb00
07-16 17:10:31.069   513   513 W IMGSRV  : :0: gralloc_register_buffer: ID: 11 handle: 0x550b5ce0 size: 540 x 38 fmt: 5 usage: 0xb00
07-16 17:10:31.069   513   513 D OpenGLRenderer: Enabling debug mode 0
07-16 17:10:31.079   498   498 D wpa_supplicant: nl80211: Event message available
07-16 17:10:31.079   498   498 D wpa_supplicant: nl80211: MLME event 38
07-16 17:10:31.079   498   498 D wpa_supplicant: Event 0 received on interface wlan0
07-16 17:10:31.079   498   498 D wpa_supplicant: Association info event
07-16 17:10:31.079   498   498 D wpa_supplicant: freq=2427 MHz
07-16 17:10:31.079   498   498 D wpa_supplicant: State: ASSOCIATING -> ASSOCIATED
07-16 17:10:31.079   498   498 D wpa_supplicant: wpa_driver_nl80211_set_operstate: operstate 0->0 (DORMANT)
07-16 17:10:31.079   498   498 D wpa_supplicant: netlink: Operstate: linkmode=-1, operstate=5
07-16 17:10:31.089   498   498 D wpa_supplicant: Associated to a new BSS: BSSID=6c:e8:73:45:82:b0
07-16 17:10:31.089   498   498 D wpa_supplicant: No keys have been configured - skip key clearing
07-16 17:10:31.089   498   498 I wpa_supplicant: wlan0: Associated with 6c:e8:73:45:82:b0
07-16 17:10:31.089   498   498 D wpa_supplicant: WPA: Association event - clear replay counter
07-16 17:10:31.089   498   498 D wpa_supplicant: WPA: Clear old PTK
07-16 17:10:31.089   498   498 D wpa_supplicant: EAPOL: External notification - portEnabled=0
07-16 17:10:31.089   136   314 D TCMD    : NL - Read 1000 bytes from update socket.
07-16 17:10:31.089   498   498 D wpa_supplicant: EAPOL: Supplicant port status: Unauthorized
07-16 17:10:31.089   136   314 D TCMD    : NL - message type is RTM_NEWLINK
07-16 17:10:31.089   136   314 D TCMD    : Listening for incoming client connection request
07-16 17:10:31.089   498   498 D wpa_supplicant: EAPOL: External notification - portValid=0
07-16 17:10:31.089   498   498 D wpa_supplicant: EAPOL: Supplicant port status: Unauthorized
07-16 17:10:31.089   498   498 D wpa_supplicant: EAPOL: External notification - EAP success=0
07-16 17:10:31.089   498   498 D wpa_supplicant: EAPOL: Supplicant port status: Unauthorized
07-16 17:10:31.089   498   498 D wpa_supplicant: EAPOL: External notification - portEnabled=1
07-16 17:10:31.089   498   498 D wpa_supplicant: EAPOL: SUPP_PAE entering state CONNECTING
07-16 17:10:31.089   498   498 D wpa_supplicant: EAPOL: enable timer tick
07-16 17:10:31.089   498   498 D wpa_supplicant: EAPOL: SUPP_BE entering state IDLE
07-16 17:10:31.089   498   498 D wpa_supplicant: Setting authentication timeout: 10 sec 0 usec
07-16 17:10:31.089   498   498 D wpa_supplicant: Try to suspend Periodic Scan Offload when pso not enabled
07-16 17:10:31.089   498   498 D wpa_supplicant: cancel_sched_scan called when no sched scan
07-16 17:10:31.089   498   498 D wpa_supplicant: Cancelling scan request
07-16 17:10:31.089   498   498 D wpa_supplicant: nl80211: Ignore connect event (cmd=46) when using userspace SME
07-16 17:10:31.089   498   498 D wpa_supplicant: RTM_NEWLINK: operstate=0 ifi_flags=0x11003 ([UP][LOWER_UP])
07-16 17:10:31.089   498   498 D wpa_supplicant: RTM_NEWLINK, IFLA_IFNAME: Interface 'wlan0' added
07-16 17:10:31.089   498   498 D wpa_supplicant: Event 5 received on interface wlan0
07-16 17:10:31.089   498   498 D wpa_supplicant: RX EAPOL from 6c:e8:73:45:82:b0
07-16 17:10:31.089   498   498 D wpa_supplicant: Setting authentication timeout: 10 sec 0 usec
07-16 17:10:31.089   498   498 D wpa_supplicant: IEEE 802.1X RX: version=2 type=3 length=95
07-16 17:10:31.089   498   498 D wpa_supplicant:   EAPOL-Key type=2
07-16 17:10:31.089   498   498 D wpa_supplicant:   key_info 0x8a (ver=2 keyidx=0 rsvd=0 Pairwise Ack)
07-16 17:10:31.089   498   498 D wpa_supplicant:   key_length=16 key_data_length=0
07-16 17:10:31.089   498   498 D wpa_supplicant: State: ASSOCIATED -> 4WAY_HANDSHAKE
07-16 17:10:31.089   498   498 D wpa_supplicant: WPA: RX message 1 of 4-Way Handshake from 6c:e8:73:45:82:b0 (ver=2)
07-16 17:10:31.089   422   487 D Tethering: interfaceLinkStateChanged wlan0, true
07-16 17:10:31.089   422   487 D Tethering: interfaceStatusChanged wlan0, true
07-16 17:10:31.089   498   498 D wpa_supplicant: WPA: PTK derivation - A1=08:00:28:64:b5:25 A2=6c:e8:73:45:82:b0
07-16 17:10:31.089   498   498 D wpa_supplicant: WPA: Sending EAPOL-Key 2/4
07-16 17:10:31.089   422   500 I WifiHW  : EVENT: CTRL-EVENT-STATE-CHANGE id=6 state=6 BSSID=6c:e8:73:45:82:b0 SSID=moxingshe_office
07-16 17:10:31.089   422   500 I WifiHW  : EVENT: Associated with 6c:e8:73:45:82:b0
07-16 17:10:31.089   422   500 I WifiHW  : EVENT: CTRL-EVENT-STATE-CHANGE id=6 state=7 BSSID=00:00:00:00:00:00 SSID=moxingshe_office
07-16 17:10:31.089   422   491 D WifiStateMachine: resetPriorityIfNeeded Enter 6
07-16 17:10:31.089   422   491 D WifiStateMachine: resetPriorityIfNeeded Enter 6
07-16 17:10:31.099   498   498 D wpa_supplicant: RX EAPOL from 6c:e8:73:45:82:b0
07-16 17:10:31.099   498   498 D wpa_supplicant: IEEE 802.1X RX: version=2 type=3 length=151
07-16 17:10:31.099   498   498 D wpa_supplicant:   EAPOL-Key type=2
07-16 17:10:31.099   498   498 D wpa_supplicant:   key_info 0x13ca (ver=2 keyidx=0 rsvd=0 Pairwise Install Ack MIC Secure Encr)
07-16 17:10:31.099   498   498 D wpa_supplicant:   key_length=16 key_data_length=56
07-16 17:10:31.099   498   498 D wpa_supplicant: State: 4WAY_HANDSHAKE -> 4WAY_HANDSHAKE
07-16 17:10:31.099   498   498 D wpa_supplicant: WPA: RX message 3 of 4-Way Handshake from 6c:e8:73:45:82:b0 (ver=2)
07-16 17:10:31.099   498   498 D wpa_supplicant: WPA: Sending EAPOL-Key 4/4
07-16 17:10:31.099   498   498 D wpa_supplicant: WPA: Installing PTK to the driver
07-16 17:10:31.099   498   498 D wpa_supplicant: wpa_driver_nl80211_set_key: ifindex=5 alg=3 addr=0x4128a1bc key_idx=0 set_tx=1 seq_len=6 key_len=16
07-16 17:10:31.099   498   498 D wpa_supplicant:    addr=6c:e8:73:45:82:b0
07-16 17:10:31.099   498   498 D wpa_supplicant: EAPOL: External notification - portValid=1
07-16 17:10:31.099   498   498 D wpa_supplicant: State: 4WAY_HANDSHAKE -> GROUP_HANDSHAKE
07-16 17:10:31.099   498   498 D wpa_supplicant: WPA: Installing GTK to the driver (keyidx=1 tx=0 len=16)
07-16 17:10:31.099   498   498 D wpa_supplicant: wpa_driver_nl80211_set_key: ifindex=5 alg=3 addr=0x40105bf4 key_idx=1 set_tx=0 seq_len=6 key_len=16
07-16 17:10:31.099   498   498 D wpa_supplicant:    broadcast key
07-16 17:10:31.099   498   498 I wpa_supplicant: wlan0: WPA: Key negotiation completed with 6c:e8:73:45:82:b0 [PTK=CCMP GTK=CCMP]
07-16 17:10:31.099   498   498 D wpa_supplicant: Cancelling authentication timeout
07-16 17:10:31.099   498   498 D wpa_supplicant: State: GROUP_HANDSHAKE -> COMPLETED
