07-16 17:10:29.989   422   491 I WifiHW  : CMD: GET_NETWORK 0 key_id
07-16 17:10:29.989   498   498 D wpa_supplicant: ctrl_iface: GET_NETWORK 0 key_id
07-16 17:10:29.989   498   498 D wpa_supplicant: CTRL_IFACE: GET_NETWORK id=0 name='key_id'
07-16 17:10:29.989   498   498 D wpa_supplicant: CTRL_IFACE: Failed to get network variable 'key_id'
07-16 17:10:29.989   422   491 I WifiHW  : REPLY: FAIL
07-16 17:10:29.999   422   491 I WifiHW  : CMD: GET_NETWORK 0 ca_cert
07-16 17:10:29.999   138   380 D logwrapper: "/system/bin/iptables -F bw_OUTPUT", ret=0
07-16 17:10:29.999   498   498 D wpa_supplicant: ctrl_iface: GET_NETWORK 0 ca_cert
07-16 17:10:29.999   498   498 D wpa_supplicant: CTRL_IFACE: GET_NETWORK id=0 name='ca_cert'
07-16 17:10:29.999   498   498 D wpa_supplicant: CTRL_IFACE: Failed to get network variable 'ca_cert'
07-16 17:10:29.999   422   491 I WifiHW  : REPLY: FAIL
07-16 17:10:29.999   422   491 I WifiHW  : CMD: GET_NETWORK 0 pcsc
07-16 17:10:29.999   498   498 D wpa_supplicant: ctrl_iface: GET_NETWORK 0 pcsc
07-16 17:10:29.999   498   498 D wpa_supplicant: CTRL_IFACE: GET_NETWORK id=0 name='pcsc'
07-16 17:10:29.999   498   498 D wpa_supplicant: CTRL_IFACE: Failed to get network variable 'pcsc'
07-16 17:10:29.999   422   491 I WifiHW  : REPLY: FAIL
07-16 17:10:29.999   422   491 I WifiHW  : CMD: GET_NETWORK 0 eapRetryCount
07-16 17:10:29.999   498   498 D wpa_supplicant: ctrl_iface: GET_NETWORK 0 eapRetryCount
07-16 17:10:29.999   498   498 D wpa_supplicant: CTRL_IFACE: GET_NETWORK id=0 name='eapRetryCount'
07-16 17:10:29.999   422   491 I WifiHW  : REPLY: 6
07-16 17:10:29.999   422   491 I WifiHW  : CMD: GET_NETWORK 0 private_key
07-16 17:10:29.999   498   498 D wpa_supplicant: ctrl_iface: GET_NETWORK 0 private_key
07-16 17:10:29.999   498   498 D wpa_supplicant: CTRL_IFACE: GET_NETWORK id=0 name='private_key'
07-16 17:10:29.999   498   498 D wpa_supplicant: CTRL_IFACE: Failed to get network variable 'private_key'
07-16 17:10:29.999   422   491 I WifiHW  : REPLY: FAIL
07-16 17:10:29.999   422   491 I WifiHW  : CMD: GET_NETWORK 1 ssid
07-16 17:10:29.999   498   498 D wpa_supplicant: ctrl_iface: GET_NETWORK 1 ssid
07-16 17:10:29.999   498   498 D wpa_supplicant: CTRL_IFACE: GET_NETWORK id=1 name='ssid'
07-16 17:10:29.999   422   491 I WifiHW  : REPLY: "CRH-380-FC04"
07-16 17:10:29.999   422   491 I WifiHW  : CMD: GET_NETWORK 1 bssid
07-16 17:10:30.009   498   498 D wpa_supplicant: ctrl_iface: GET_NETWORK 1 bssid
07-16 17:10:30.009   498   498 D wpa_supplicant: CTRL_IFACE: GET_NETWORK id=1 name='bssid'
07-16 17:10:30.009   498   498 D wpa_supplicant: CTRL_IFACE: Failed to get network variable 'bssid'
07-16 17:10:30.009   422   491 I WifiHW  : REPLY: FAIL
07-16 17:10:30.009   422   491 I WifiHW  : CMD: GET_NETWORK 1 priority
07-16 17:10:30.009   498   498 D wpa_supplicant: ctrl_iface: GET_NETWORK 1 priority
07-16 17:10:30.009   498   498 D wpa_supplicant: CTRL_IFACE: GET_NETWORK id=1 name='priority'
07-16 17:10:30.009   422   491 I WifiHW  : REPLY: 2
07-16 17:10:30.009   422   461 I lights  : LCD:  77 ( 30), sensor
07-16 17:10:30.019   138   380 D logwrapper: "/system/bin/ip6tables -F bw_OUTPUT", ret=0
07-16 17:10:30.019   422   491 I WifiHW  : CMD: GET_NETWORK 1 scan_ssid
07-16 17:10:30.019   498   498 D wpa_supplicant: ctrl_iface: GET_NETWORK 1 scan_ssid
07-16 17:10:30.019   498   498 D wpa_supplicant: CTRL_IFACE: GET_NETWORK id=1 name='scan_ssid'
07-16 17:10:30.019   422   491 I WifiHW  : REPLY: 0
07-16 17:10:30.019   422   491 I WifiHW  : CMD: GET_NETWORK 1 wep_tx_keyidx
07-16 17:10:30.019   498   498 D wpa_supplicant: ctrl_iface: GET_NETWORK 1 wep_tx_keyidx
07-16 17:10:30.019   498   498 D wpa_supplicant: CTRL_IFACE: GET_NETWORK id=1 name='wep_tx_keyidx'
07-16 17:10:30.019   422   491 I WifiHW  : REPLY: 0
07-16 17:10:30.019   422   491 I WifiHW  : CMD: GET_NETWORK 1 bgscan
07-16 17:10:30.019   498   498 D wpa_supplicant: ctrl_iface: GET_NETWORK 1 bgscan
07-16 17:10:30.019   498   498 D wpa_supplicant: CTRL_IFACE: GET_NETWORK id=1 name='bgscan'
07-16 17:10:30.019   422   491 I WifiHW  : REPLY: "learn:10:-65:20"
07-16 17:10:30.019   422   491 I WifiHW  : CMD: GET_NETWORK 1 wep_key0
07-16 17:10:30.019   498   498 D wpa_supplicant: ctrl_iface: GET_NETWORK 1 wep_key0
07-16 17:10:30.019   498   498 D wpa_supplicant: CTRL_IFACE: GET_NETWORK id=1 name='wep_key0'
07-16 17:10:30.019   498   498 D wpa_supplicant: CTRL_IFACE: Failed to get network variable 'wep_key0'
07-16 17:10:30.019   422   491 I WifiHW  : REPLY: FAIL
07-16 17:10:30.019   422   491 I WifiHW  : CMD: GET_NETWORK 1 wep_key1
07-16 17:10:30.019   498   498 D wpa_supplicant: ctrl_iface: GET_NETWORK 1 wep_key1
07-16 17:10:30.019   498   498 D wpa_supplicant: CTRL_IFACE: GET_NETWORK id=1 name='wep_key1'
07-16 17:10:30.019   498   498 D wpa_supplicant: CTRL_IFACE: Failed to get network variable 'wep_key1'
07-16 17:10:30.019   422   491 I WifiHW  : REPLY: FAIL
07-16 17:10:30.019   422   491 I WifiHW  : CMD: GET_NETWORK 1 wep_key2
07-16 17:10:30.019   498   498 D wpa_supplicant: ctrl_iface: GET_NETWORK 1 wep_key2
07-16 17:10:30.019   498   498 D wpa_supplicant: CTRL_IFACE: GET_NETWORK id=1 name='wep_key2'
07-16 17:10:30.019   498   498 D wpa_supplicant: CTRL_IFACE: Failed to get network variable 'wep_key2'
07-16 17:10:30.019   422   491 I WifiHW  : REPLY: FAIL
07-16 17:10:30.019   422   491 I WifiHW  : CMD: GET_NETWORK 1 wep_key3
07-16 17:10:30.019   498   498 D wpa_supplicant: ctrl_iface: GET_NETWORK 1 wep_key3
07-16 17:10:30.019   498   498 D wpa_supplicant: CTRL_IFACE: GET_NETWORK id=1 name='wep_key3'
07-16 17:10:30.019   498   498 D wpa_supplicant: CTRL_IFACE: Failed to get network variable 'wep_key3'
07-16 17:10:30.019   422   491 I WifiHW  : REPLY: FAIL
07-16 17:10:30.019   422   491 I WifiHW  : CMD: GET_NETWORK 1 psk
07-16 17:10:30.019   498   498 D wpa_supplicant: ctrl_iface: GET_NETWORK 1 psk
07-16 17:10:30.019   498   498 D wpa_supplicant: CTRL_IFACE: GET_NETWORK id=1 name='psk'
07-16 17:10:30.019   498   498 D wpa_supplicant: CTRL_IFACE: Failed to get network variable 'psk'
07-16 17:10:30.029   422   491 I WifiHW  : REPLY: FAIL
07-16 17:10:30.029   422   491 I WifiHW  : CMD: GET_NETWORK 1 proto
07-16 17:10:30.029   498   498 D wpa_supplicant: ctrl_iface: GET_NETWORK 1 proto
07-16 17:10:30.029   498   498 D wpa_supplicant: CTRL_IFACE: GET_NETWORK id=1 name='proto'
07-16 17:10:30.029   422   491 I WifiHW  : REPLY: WPA RSN
07-16 17:10:30.029   422   491 I WifiHW  : CMD: GET_NETWORK 1 key_mgmt
07-16 17:10:30.029   498   498 D wpa_supplicant: ctrl_iface: GET_NETWORK 1 key_mgmt
07-16 17:10:30.029   498   498 D wpa_supplicant: CTRL_IFACE: GET_NETWORK id=1 name='key_mgmt'
07-16 17:10:30.029   422   491 I WifiHW  : REPLY: NONE
07-16 17:10:30.029   422   491 I WifiHW  : CMD: GET_NETWORK 1 auth_alg
07-16 17:10:30.029   498   498 D wpa_supplicant: ctrl_iface: GET_NETWORK 1 auth_alg
07-16 17:10:30.029   498   498 D wpa_supplicant: CTRL_IFACE: GET_NETWORK id=1 name='auth_alg'
07-16 17:10:30.029   422   491 I WifiHW  : CMD: GET_NETWORK 1 pairwise
07-16 17:10:30.029   498   498 D wpa_supplicant: ctrl_iface: GET_NETWORK 1 pairwise
07-16 17:10:30.029   498   498 D wpa_supplicant: CTRL_IFACE: GET_NETWORK id=1 name='pairwise'
07-16 17:10:30.029   422   491 I WifiHW  : REPLY: CCMP TKIP
07-16 17:10:30.029   422   491 I WifiHW  : CMD: GET_NETWORK 1 group
07-16 17:10:30.029   422   461 I lights  : LCD:  57 ( 22), sensor
07-16 17:10:30.039   138   380 D logwrapper: "/system/bin/iptables -F bw_FORWARD", ret=0
07-16 17:10:30.049   138   380 D logwrapper: "/system/bin/ip6tables -F bw_FORWARD", ret=0
07-16 17:10:30.049   498   498 D wpa_supplicant: ctrl_iface: GET_NETWORK 1 group
07-16 17:10:30.049   498   498 D wpa_supplicant: CTRL_IFACE: GET_NETWORK id=1 name='group'
07-16 17:10:30.049   422   491 I WifiHW  : REPLY: CCMP TKIP WEP104 WEP40
07-16 17:10:30.049   422   491 I WifiHW  : CMD: GET_NETWORK 1 eap
07-16 17:10:30.049   498   498 D wpa_supplicant: ctrl_iface: GET_NETWORK 1 eap
07-16 17:10:30.049   498   498 D wpa_supplicant: CTRL_IFACE: GET_NETWORK id=1 name='eap'
07-16 17:10:30.049   498   498 D wpa_supplicant: CTRL_IFACE: Failed to get network variable 'eap'
07-16 17:10:30.049   422   491 I WifiHW  : REPLY: FAIL
07-16 17:10:30.049   422   491 I WifiHW  : CMD: GET_NETWORK 1 phase2
07-16 17:10:30.049   498   498 D wpa_supplicant: ctrl_iface: GET_NETWORK 1 phase2
07-16 17:10:30.049   498   498 D wpa_supplicant: CTRL_IFACE: GET_NETWORK id=1 name='phase2'
07-16 17:10:30.049   498   498 D wpa_supplicant: CTRL_IFACE: Failed to get network variable 'phase2'
07-16 17:10:30.049   422   491 I WifiHW  : REPLY: FAIL
07-16 17:10:30.049   422   491 I WifiHW  : CMD: GET_NETWORK 1 identity
07-16 17:10:30.049   498   498 D wpa_supplicant: ctrl_iface: GET_NETWORK 1 identity
07-16 17:10:30.049   498   498 D wpa_supplicant: CTRL_IFACE: GET_NETWORK id=1 name='identity'
07-16 17:10:30.049   498   498 D wpa_supplicant: CTRL_IFACE: Failed to get network variable 'identity'
07-16 17:10:30.049   422   491 I WifiHW  : REPLY: FAIL
07-16 17:10:30.049   422   491 I WifiHW  : CMD: GET_NETWORK 1 anonymous_identity
07-16 17:10:30.049   498   498 D wpa_supplicant: ctrl_iface: GET_NETWORK 1 anonymous_identity
07-16 17:10:30.049   498   498 D wpa_supplicant: CTRL_IFACE: GET_NETWORK id=1 name='anonymous_identity'
07-16 17:10:30.049   498   498 D wpa_supplicant: CTRL_IFACE: Failed to get network variable 'anonymous_identity'
07-16 17:10:30.049   422   491 I WifiHW  : REPLY: FAIL
07-16 17:10:30.049   422   491 I WifiHW  : CMD: GET_NETWORK 1 password
07-16 17:10:30.049   498   498 D wpa_supplicant: ctrl_iface: GET_NETWORK 1 password
07-16 17:10:30.049   498   498 D wpa_supplicant: CTRL_IFACE: GET_NETWORK id=1 name='password'
07-16 17:10:30.049   498   498 D wpa_supplicant: CTRL_IFACE: Failed to get network variable 'password'
07-16 17:10:30.049   422   491 I WifiHW  : REPLY: FAIL
07-16 17:10:30.049   422   491 I WifiHW  : CMD: GET_NETWORK 1 client_cert
07-16 17:10:30.049   498   498 D wpa_supplicant: ctrl_iface: GET_NETWORK 1 client_cert
07-16 17:10:30.049   498   498 D wpa_supplicant: CTRL_IFACE: GET_NETWORK id=1 name='client_cert'
07-16 17:10:30.049   498   498 D wpa_supplicant: CTRL_IFACE: Failed to get network variable 'client_cert'
07-16 17:10:30.049   422   491 I WifiHW  : REPLY: FAIL
07-16 17:10:30.049   422   491 I WifiHW  : CMD: GET_NETWORK 1 private_key
07-16 17:10:30.049   498   498 D wpa_supplicant: ctrl_iface: GET_NETWORK 1 private_key
07-16 17:10:30.049   498   498 D wpa_supplicant: CTRL_IFACE: GET_NETWORK id=1 name='private_key'
07-16 17:10:30.049   498   498 D wpa_supplicant: CTRL_IFACE: Failed to get network variable 'private_key'
07-16 17:10:30.049   422   491 I WifiHW  : REPLY: FAIL
07-16 17:10:30.049   422   491 I WifiHW  : CMD: GET_NETWORK 1 engine
07-16 17:10:30.049   498   498 D wpa_supplicant: ctrl_iface: GET_NETWORK 1 engine
07-16 17:10:30.049   498   498 D wpa_supplicant: CTRL_IFACE: GET_NETWORK id=1 name='engine'
07-16 17:10:30.049   422   491 I WifiHW  : REPLY: 0
07-16 17:10:30.049   422   491 I WifiHW  : CMD: GET_NETWORK 1 engine_id
07-16 17:10:30.049   498   498 D wpa_supplicant: ctrl_iface: GET_NETWORK 1 engine_id
07-16 17:10:30.049   498   498 D wpa_supplicant: CTRL_IFACE: GET_NETWORK id=1 name='engine_id'
07-16 17:10:30.049   498   498 D wpa_supplicant: CTRL_IFACE: Failed to get network variable 'engine_id'
07-16 17:10:30.049   422   491 I WifiHW  : REPLY: FAIL
07-16 17:10:30.049   422   491 I WifiHW  : CMD: GET_NETWORK 1 key_id
07-16 17:10:30.049   422   461 I lights  : LCD:  42 ( 16), sensor
07-16 17:10:30.049   498   498 D wpa_supplicant: ctrl_iface: GET_NETWORK 1 key_id
07-16 17:10:30.049   498   498 D wpa_supplicant: CTRL_IFACE: GET_NETWORK id=1 name='key_id'
07-16 17:10:30.049   498   498 D wpa_supplicant: CTRL_IFACE: Failed to get network variable 'key_id'
07-16 17:10:30.049   422   491 I WifiHW  : REPLY: FAIL
07-16 17:10:30.049   422   491 I WifiHW  : CMD: GET_NETWORK 1 ca_cert
07-16 17:10:30.049   498   498 D wpa_supplicant: ctrl_iface: GET_NETWORK 1 ca_cert
07-16 17:10:30.049   498   498 D wpa_supplicant: CTRL_IFACE: GET_NETWORK id=1 name='ca_cert'
07-16 17:10:30.049   498   498 D wpa_supplicant: CTRL_IFACE: Failed to get network variable 'ca_cert'
07-16 17:10:30.049   422   491 I WifiHW  : REPLY: FAIL
07-16 17:10:30.049   422   491 I WifiHW  : CMD: GET_NETWORK 1 pcsc
07-16 17:10:30.049   498   498 D wpa_supplicant: ctrl_iface: GET_NETWORK 1 pcsc
07-16 17:10:30.049   498   498 D wpa_supplicant: CTRL_IFACE: GET_NETWORK id=1 name='pcsc'
07-16 17:10:30.049   498   498 D wpa_supplicant: CTRL_IFACE: Failed to get network variable 'pcsc'
07-16 17:10:30.049   422   491 I WifiHW  : REPLY: FAIL
07-16 17:10:30.049   422   491 I WifiHW  : CMD: GET_NETWORK 1 eapRetryCount
07-16 17:10:30.049   498   498 D wpa_supplicant: ctrl_iface: GET_NETWORK 1 eapRetryCount
07-16 17:10:30.049   498   498 D wpa_supplicant: CTRL_IFACE: GET_NETWORK id=1 name='eapRetryCount'
07-16 17:10:30.049   422   491 I WifiHW  : REPLY: 0
07-16 17:10:30.049   422   491 I WifiHW  : CMD: GET_NETWORK 1 private_key
07-16 17:10:30.049   498   498 D wpa_supplicant: ctrl_iface: GET_NETWORK 1 private_key
07-16 17:10:30.049   498   498 D wpa_supplicant: CTRL_IFACE: GET_NETWORK id=1 name='private_key'
07-16 17:10:30.049   498   498 D wpa_supplicant: CTRL_IFACE: Failed to get network variable 'private_key'
07-16 17:10:30.049   422   491 I WifiHW  : REPLY: FAIL
07-16 17:10:30.049   422   491 I WifiHW  : CMD: GET_NETWORK 2 ssid
07-16 17:10:30.049   498   498 D wpa_supplicant: ctrl_iface: GET_NETWORK 2 ssid
07-16 17:10:30.049   498   498 D wpa_supplicant: CTRL_IFACE: GET_NETWORK id=2 name='ssid'
07-16 17:10:30.049   422   491 I WifiHW  : REPLY: "Courtyard@Guestroom"
07-16 17:10:30.049   422   491 I WifiHW  : CMD: GET_NETWORK 2 bssid
07-16 17:10:30.049   498   498 D wpa_supplicant: ctrl_iface: GET_NETWORK 2 bssid
07-16 17:10:30.049   498   498 D wpa_supplicant: CTRL_IFACE: GET_NETWORK id=2 name='bssid'
07-16 17:10:30.049   498   498 D wpa_supplicant: CTRL_IFACE: Failed to get network variable 'bssid'
07-16 17:10:30.059   422   491 I WifiHW  : REPLY: FAIL
07-16 17:10:30.059   422   491 I WifiHW  : CMD: GET_NETWORK 2 priority
07-16 17:10:30.059   498   498 D wpa_supplicant: ctrl_iface: GET_NETWORK 2 priority
07-16 17:10:30.059   498   498 D wpa_supplicant: CTRL_IFACE: GET_NETWORK id=2 name='priority'
07-16 17:10:30.059   422   491 I WifiHW  : REPLY: 3
07-16 17:10:30.059   422   491 I WifiHW  : CMD: GET_NETWORK 2 scan_ssid
07-16 17:10:30.059   498   498 D wpa_supplicant: ctrl_iface: GET_NETWORK 2 scan_ssid
07-16 17:10:30.059   498   498 D wpa_supplicant: CTRL_IFACE: GET_NETWORK id=2 name='scan_ssid'
07-16 17:10:30.059   422   491 I WifiHW  : REPLY: 0
07-16 17:10:30.059   422   491 I WifiHW  : CMD: GET_NETWORK 2 wep_tx_keyidx
07-16 17:10:30.059   498   498 D wpa_supplicant: ctrl_iface: GET_NETWORK 2 wep_tx_keyidx
07-16 17:10:30.059   498   498 D wpa_supplicant: CTRL_IFACE: GET_NETWORK id=2 name='wep_tx_keyidx'
07-16 17:10:30.059   422   491 I WifiHW  : REPLY: 0
07-16 17:10:30.059   422   491 I WifiHW  : CMD: GET_NETWORK 2 bgscan
07-16 17:10:30.059   498   498 D wpa_supplicant: ctrl_iface: GET_NETWORK 2 bgscan
07-16 17:10:30.059   498   498 D wpa_supplicant: CTRL_IFACE: GET_NETWORK id=2 name='bgscan'
07-16 17:10:30.059   422   491 I WifiHW  : REPLY: "learn:10:-65:20"
07-16 17:10:30.059   422   491 I WifiHW  : CMD: GET_NETWORK 2 wep_key0
07-16 17:10:30.059   498   498 D wpa_supplicant: ctrl_iface: GET_NETWORK 2 wep_key0
07-16 17:10:30.059   498   498 D wpa_supplicant: CTRL_IFACE: GET_NETWORK id=2 name='wep_key0'
07-16 17:10:30.059   498   498 D wpa_supplicant: CTRL_IFACE: Failed to get network variable 'wep_key0'
07-16 17:10:30.059   422   491 I WifiHW  : REPLY: FAIL
07-16 17:10:30.059   422   491 I WifiHW  : CMD: GET_NETWORK 2 wep_key1
07-16 17:10:30.059   498   498 D wpa_supplicant: ctrl_iface: GET_NETWORK 2 wep_key1
07-16 17:10:30.059   498   498 D wpa_supplicant: CTRL_IFACE: GET_NETWORK id=2 name='wep_key1'
07-16 17:10:30.059   498   498 D wpa_supplicant: CTRL_IFACE: Failed to get network variable 'wep_key1'
07-16 17:10:30.059   422   491 I WifiHW  : REPLY: FAIL
07-16 17:10:30.059   422   491 I WifiHW  : CMD: GET_NETWORK 2 wep_key2
07-16 17:10:30.059   498   498 D wpa_supplicant: ctrl_iface: GET_NETWORK 2 wep_key2
07-16 17:10:30.059   498   498 D wpa_supplicant: CTRL_IFACE: GET_NETWORK id=2 name='wep_key2'
07-16 17:10:30.059   498   498 D wpa_supplicant: CTRL_IFACE: Failed to get network variable 'wep_key2'
07-16 17:10:30.059   422   491 I WifiHW  : REPLY: FAIL
07-16 17:10:30.059   138   380 D logwrapper: "/system/bin/iptables -F penalty_box", ret=0
07-16 17:10:30.059   422   491 I WifiHW  : CMD: GET_NETWORK 2 wep_key3
07-16 17:10:30.059   498   498 D wpa_supplicant: ctrl_iface: GET_NETWORK 2 wep_key3
07-16 17:10:30.059   498   498 D wpa_supplicant: CTRL_IFACE: GET_NETWORK id=2 name='wep_key3'
07-16 17:10:30.059   498   498 D wpa_supplicant: CTRL_IFACE: Failed to get network variable 'wep_key3'
07-16 17:10:30.059   422   491 I WifiHW  : REPLY: FAIL
07-16 17:10:30.059   422   491 I WifiHW  : CMD: GET_NETWORK 2 psk
07-16 17:10:30.059   498   498 D wpa_supplicant: ctrl_iface: GET_NETWORK 2 psk
07-16 17:10:30.059   498   498 D wpa_supplicant: CTRL_IFACE: GET_NETWORK id=2 name='psk'
07-16 17:10:30.059   498   498 D wpa_supplicant: CTRL_IFACE: Failed to get network variable 'psk'
07-16 17:10:30.059   422   491 I WifiHW  : REPLY: FAIL
07-16 17:10:30.059   422   491 I WifiHW  : CMD: GET_NETWORK 2 proto
07-16 17:10:30.059   498   498 D wpa_supplicant: ctrl_iface: GET_NETWORK 2 proto
07-16 17:10:30.059   498   498 D wpa_supplicant: CTRL_IFACE: GET_NETWORK id=2 name='proto'
07-16 17:10:30.059   422   491 I WifiHW  : REPLY: WPA RSN
07-16 17:10:30.059   422   491 I WifiHW  : CMD: GET_NETWORK 2 key_mgmt
07-16 17:10:30.059   498   498 D wpa_supplicant: ctrl_iface: GET_NETWORK 2 key_mgmt
07-16 17:10:30.059   498   498 D wpa_supplicant: CTRL_IFACE: GET_NETWORK id=2 name='key_mgmt'
07-16 17:10:30.059   422   491 I WifiHW  : REPLY: NONE
07-16 17:10:30.059   422   491 I WifiHW  : CMD: GET_NETWORK 2 auth_alg
07-16 17:10:30.059   498   498 D wpa_supplicant: ctrl_iface: GET_NETWORK 2 auth_alg
07-16 17:10:30.059   498   498 D wpa_supplicant: CTRL_IFACE: GET_NETWORK id=2 name='auth_alg'
07-16 17:10:30.059   422   491 I WifiHW  : CMD: GET_NETWORK 2 pairwise
07-16 17:10:30.059   498   498 D wpa_supplicant: ctrl_iface: GET_NETWORK 2 pairwise
07-16 17:10:30.059   498   498 D wpa_supplicant: CTRL_IFACE: GET_NETWORK id=2 name='pairwise'
07-16 17:10:30.059   422   491 I WifiHW  : REPLY: CCMP TKIP
07-16 17:10:30.059   422   491 I WifiHW  : CMD: GET_NETWORK 2 group
07-16 17:10:30.059   498   498 D wpa_supplicant: ctrl_iface: GET_NETWORK 2 group
07-16 17:10:30.059   498   498 D wpa_supplicant: CTRL_IFACE: GET_NETWORK id=2 name='group'
07-16 17:10:30.069   422   491 I WifiHW  : REPLY: CCMP TKIP WEP104 WEP40
07-16 17:10:30.069   422   491 I WifiHW  : CMD: GET_NETWORK 2 eap
07-16 17:10:30.069   498   498 D wpa_supplicant: ctrl_iface: GET_NETWORK 2 eap
07-16 17:10:30.069   498   498 D wpa_supplicant: CTRL_IFACE: GET_NETWORK id=2 name='eap'
07-16 17:10:30.069   498   498 D wpa_supplicant: CTRL_IFACE: Failed to get network variable 'eap'
07-16 17:10:30.069   422   491 I WifiHW  : REPLY: FAIL
07-16 17:10:30.069   422   491 I WifiHW  : CMD: GET_NETWORK 2 phase2
07-16 17:10:30.069   498   498 D wpa_supplicant: ctrl_iface: GET_NETWORK 2 phase2
07-16 17:10:30.069   498   498 D wpa_supplicant: CTRL_IFACE: GET_NETWORK id=2 name='phase2'
07-16 17:10:30.069   498   498 D wpa_supplicant: CTRL_IFACE: Failed to get network variable 'phase2'
07-16 17:10:30.069   422   491 I WifiHW  : REPLY: FAIL
07-16 17:10:30.069   422   491 I WifiHW  : CMD: GET_NETWORK 2 identity
07-16 17:10:30.069   498   498 D wpa_supplicant: ctrl_iface: GET_NETWORK 2 identity
07-16 17:10:30.069   498   498 D wpa_supplicant: CTRL_IFACE: GET_NETWORK id=2 name='identity'
07-16 17:10:30.069   498   498 D wpa_supplicant: CTRL_IFACE: Failed to get network variable 'identity'
07-16 17:10:30.069   422   491 I WifiHW  : REPLY: FAIL
07-16 17:10:30.069   422   491 I WifiHW  : CMD: GET_NETWORK 2 anonymous_identity
07-16 17:10:30.069   498   498 D wpa_supplicant: ctrl_iface: GET_NETWORK 2 anonymous_identity
07-16 17:10:30.069   498   498 D wpa_supplicant: CTRL_IFACE: GET_NETWORK id=2 name='anonymous_identity'
07-16 17:10:30.069   498   498 D wpa_supplicant: CTRL_IFACE: Failed to get network variable 'anonymous_identity'
07-16 17:10:30.069   422   491 I WifiHW  : REPLY: FAIL
07-16 17:10:30.069   422   491 I WifiHW  : CMD: GET_NETWORK 2 password
07-16 17:10:30.069   498   498 D wpa_supplicant: ctrl_iface: GET_NETWORK 2 password
07-16 17:10:30.069   498   498 D wpa_supplicant: CTRL_IFACE: GET_NETWORK id=2 name='password'
07-16 17:10:30.069   498   498 D wpa_supplicant: CTRL_IFACE: Failed to get network variable 'password'
07-16 17:10:30.069   422   491 I WifiHW  : REPLY: FAIL
07-16 17:10:30.069   422   491 I WifiHW  : CMD: GET_NETWORK 2 client_cert
07-16 17:10:30.069   498   498 D wpa_supplicant: ctrl_iface: GET_NETWORK 2 client_cert
07-16 17:10:30.069   498   498 D wpa_supplicant: CTRL_IFACE: GET_NETWORK id=2 name='client_cert'
07-16 17:10:30.069   498   498 D wpa_supplicant: CTRL_IFACE: Failed to get network variable 'client_cert'
07-16 17:10:30.069   422   491 I WifiHW  : REPLY: FAIL
07-16 17:10:30.069   422   491 I WifiHW  : CMD: GET_NETWORK 2 private_key
07-16 17:10:30.069   498   498 D wpa_supplicant: ctrl_iface: GET_NETWORK 2 private_key
07-16 17:10:30.069   498   498 D wpa_supplicant: CTRL_IFACE: GET_NETWORK id=2 name='private_key'
07-16 17:10:30.069   498   498 D wpa_supplicant: CTRL_IFACE: Failed to get network variable 'private_key'
07-16 17:10:30.069   422   491 I WifiHW  : REPLY: FAIL
07-16 17:10:30.069   422   491 I WifiHW  : CMD: GET_NETWORK 2 engine
07-16 17:10:30.069   498   498 D wpa_supplicant: ctrl_iface: GET_NETWORK 2 engine
07-16 17:10:30.069   498   498 D wpa_supplicant: CTRL_IFACE: GET_NETWORK id=2 name='engine'
07-16 17:10:30.069   422   491 I WifiHW  : REPLY: 0
07-16 17:10:30.069   422   491 I WifiHW  : CMD: GET_NETWORK 2 engine_id
07-16 17:10:30.069   498   498 D wpa_supplicant: ctrl_iface: GET_NETWORK 2 engine_id
07-16 17:10:30.069   498   498 D wpa_supplicant: CTRL_IFACE: GET_NETWORK id=2 name='engine_id'
07-16 17:10:30.069   498   498 D wpa_supplicant: CTRL_IFACE: Failed to get network variable 'engine_id'
07-16 17:10:30.069   422   491 I WifiHW  : REPLY: FAIL
07-16 17:10:30.069   422   491 I WifiHW  : CMD: GET_NETWORK 2 key_id
07-16 17:10:30.069   498   498 D wpa_supplicant: ctrl_iface: GET_NETWORK 2 key_id
07-16 17:10:30.069   498   498 D wpa_supplicant: CTRL_IFACE: GET_NETWORK id=2 name='key_id'
07-16 17:10:30.069   498   498 D wpa_supplicant: CTRL_IFACE: Failed to get network variable 'key_id'
07-16 17:10:30.069   422   491 I WifiHW  : REPLY: FAIL
07-16 17:10:30.069   422   491 I WifiHW  : CMD: GET_NETWORK 2 ca_cert
07-16 17:10:30.069   498   498 D wpa_supplicant: ctrl_iface: GET_NETWORK 2 ca_cert
07-16 17:10:30.069   498   498 D wpa_supplicant: CTRL_IFACE: GET_NETWORK id=2 name='ca_cert'
07-16 17:10:30.069   498   498 D wpa_supplicant: CTRL_IFACE: Failed to get network variable 'ca_cert'
07-16 17:10:30.069   422   491 I WifiHW  : REPLY: FAIL
07-16 17:10:30.069   422   491 I WifiHW  : CMD: GET_NETWORK 2 pcsc
07-16 17:10:30.069   498   498 D wpa_supplicant: ctrl_iface: GET_NETWORK 2 pcsc
07-16 17:10:30.069   498   498 D wpa_supplicant: CTRL_IFACE: GET_NETWORK id=2 name='pcsc'
07-16 17:10:30.069   498   498 D wpa_supplicant: CTRL_IFACE: Failed to get network variable 'pcsc'
07-16 17:10:30.069   422   491 I WifiHW  : REPLY: FAIL
07-16 17:10:30.069   422   491 I WifiHW  : CMD: GET_NETWORK 2 eapRetryCount
07-16 17:10:30.069   498   498 D wpa_supplicant: ctrl_iface: GET_NETWORK 2 eapRetryCount
07-16 17:10:30.069   498   498 D wpa_supplicant: CTRL_IFACE: GET_NETWORK id=2 name='eapRetryCount'
07-16 17:10:30.069   422   491 I WifiHW  : REPLY: 0
07-16 17:10:30.069   422   491 I WifiHW  : CMD: GET_NETWORK 2 private_key
07-16 17:10:30.069   498   498 D wpa_supplicant: ctrl_iface: GET_NETWORK 2 private_key
07-16 17:10:30.069   498   498 D wpa_supplicant: CTRL_IFACE: GET_NETWORK id=2 name='private_key'
07-16 17:10:30.069   498   498 D wpa_supplicant: CTRL_IFACE: Failed to get network variable 'private_key'
07-16 17:10:30.069   422   491 I WifiHW  : REPLY: FAIL
07-16 17:10:30.069   422   491 I WifiHW  : CMD: GET_NETWORK 3 ssid
07-16 17:10:30.069   498   498 D wpa_supplicant: ctrl_iface: GET_NETWORK 3 ssid
07-16 17:10:30.069   498   498 D wpa_supplicant: CTRL_IFACE: GET_NETWORK id=3 name='ssid'
07-16 17:10:30.069   422   491 I WifiHW  : REPLY: "wqy-6"
07-16 17:10:30.069   422   491 I WifiHW  : CMD: GET_NETWORK 3 bssid
07-16 17:10:30.069   498   498 D wpa_supplicant: ctrl_iface: GET_NETWORK 3 bssid
07-16 17:10:30.069   498   498 D wpa_supplicant: CTRL_IFACE: GET_NETWORK id=3 name='bssid'
07-16 17:10:30.069   498   498 D wpa_supplicant: CTRL_IFACE: Failed to get network variable 'bssid'
07-16 17:10:30.069   422   491 I WifiHW  : REPLY: FAIL
07-16 17:10:30.069   422   491 I WifiHW  : CMD: GET_NETWORK 3 priority
07-16 17:10:30.069   498   498 D wpa_supplicant: ctrl_iface: GET_NETWORK 3 priority
07-16 17:10:30.069   498   498 D wpa_supplicant: CTRL_IFACE: GET_NETWORK id=3 name='priority'
07-16 17:10:30.079   422   491 I WifiHW  : REPLY: 4
07-16 17:10:30.079   422   491 I WifiHW  : CMD: GET_NETWORK 3 scan_ssid
07-16 17:10:30.079   498   498 D wpa_supplicant: ctrl_iface: GET_NETWORK 3 scan_ssid
07-16 17:10:30.079   498   498 D wpa_supplicant: CTRL_IFACE: GET_NETWORK id=3 name='scan_ssid'
07-16 17:10:30.079   422   491 I WifiHW  : REPLY: 0
07-16 17:10:30.079   422   491 I WifiHW  : CMD: GET_NETWORK 3 wep_tx_keyidx
07-16 17:10:30.079   498   498 D wpa_supplicant: ctrl_iface: GET_NETWORK 3 wep_tx_keyidx
07-16 17:10:30.079   498   498 D wpa_supplicant: CTRL_IFACE: GET_NETWORK id=3 name='wep_tx_keyidx'
07-16 17:10:30.079   138   380 D logwrapper: "/system/bin/ip6tables -F penalty_box", ret=0
07-16 17:10:30.079   422   491 I WifiHW  : REPLY: 0
07-16 17:10:30.079   422   491 I WifiHW  : CMD: GET_NETWORK 3 bgscan
07-16 17:10:30.079   498   498 D wpa_supplicant: ctrl_iface: GET_NETWORK 3 bgscan
07-16 17:10:30.079   498   498 D wpa_supplicant: CTRL_IFACE: GET_NETWORK id=3 name='bgscan'
07-16 17:10:30.079   422   491 I WifiHW  : REPLY: "learn:10:-65:20"
07-16 17:10:30.079   422   491 I WifiHW  : CMD: GET_NETWORK 3 wep_key0
07-16 17:10:30.079   498   498 D wpa_supplicant: ctrl_iface: GET_NETWORK 3 wep_key0
07-16 17:10:30.079   498   498 D wpa_supplicant: CTRL_IFACE: GET_NETWORK id=3 name='wep_key0'
07-16 17:10:30.079   498   498 D wpa_supplicant: CTRL_IFACE: Failed to get network variable 'wep_key0'
07-16 17:10:30.079   422   491 I WifiHW  : REPLY: FAIL
07-16 17:10:30.079   422   491 I WifiHW  : CMD: GET_NETWORK 3 wep_key1
07-16 17:10:30.079   498   498 D wpa_supplicant: ctrl_iface: GET_NETWORK 3 wep_key1
07-16 17:10:30.079   498   498 D wpa_supplicant: CTRL_IFACE: GET_NETWORK id=3 name='wep_key1'
07-16 17:10:30.079   498   498 D wpa_supplicant: CTRL_IFACE: Failed to get network variable 'wep_key1'
07-16 17:10:30.079   422   491 I WifiHW  : REPLY: FAIL
07-16 17:10:30.079   422   491 I WifiHW  : CMD: GET_NETWORK 3 wep_key2
07-16 17:10:30.079   498   498 D wpa_supplicant: ctrl_iface: GET_NETWORK 3 wep_key2
07-16 17:10:30.079   498   498 D wpa_supplicant: CTRL_IFACE: GET_NETWORK id=3 name='wep_key2'
07-16 17:10:30.079   498   498 D wpa_supplicant: CTRL_IFACE: Failed to get network variable 'wep_key2'
07-16 17:10:30.079   422   491 I WifiHW  : REPLY: FAIL
07-16 17:10:30.079   422   491 I WifiHW  : CMD: GET_NETWORK 3 wep_key3
07-16 17:10:30.079   498   498 D wpa_supplicant: ctrl_iface: GET_NETWORK 3 wep_key3
07-16 17:10:30.079   498   498 D wpa_supplicant: CTRL_IFACE: GET_NETWORK id=3 name='wep_key3'
07-16 17:10:30.079   498   498 D wpa_supplicant: CTRL_IFACE: Failed to get network variable 'wep_key3'
07-16 17:10:30.079   422   491 I WifiHW  : REPLY: FAIL
07-16 17:10:30.079   422   491 I WifiHW  : CMD: GET_NETWORK 3 psk
07-16 17:10:30.079   498   498 D wpa_supplicant: ctrl_iface: GET_NETWORK 3 psk
07-16 17:10:30.079   498   498 D wpa_supplicant: CTRL_IFACE: GET_NETWORK id=3 name='psk'
07-16 17:10:30.079   498   498 D wpa_supplicant: Do not allow key_data field to be exposed
07-16 17:10:30.079   422   491 I WifiHW  : REPLY: *
07-16 17:10:30.079   422   491 I WifiHW  : CMD: GET_NETWORK 3 proto
07-16 17:10:30.079   498   498 D wpa_supplicant: ctrl_iface: GET_NETWORK 3 proto
07-16 17:10:30.079   498   498 D wpa_supplicant: CTRL_IFACE: GET_NETWORK id=3 name='proto'
07-16 17:10:30.079   422   491 I WifiHW  : REPLY: WPA RSN
07-16 17:10:30.079   422   491 I WifiHW  : CMD: GET_NETWORK 3 key_mgmt
07-16 17:10:30.079   498   498 D wpa_supplicant: ctrl_iface: GET_NETWORK 3 key_mgmt
07-16 17:10:30.079   498   498 D wpa_supplicant: CTRL_IFACE: GET_NETWORK id=3 name='key_mgmt'
07-16 17:10:30.079   422   491 I WifiHW  : REPLY: WPA-PSK
07-16 17:10:30.079   422   491 I WifiHW  : CMD: GET_NETWORK 3 auth_alg
07-16 17:10:30.079   498   498 D wpa_supplicant: ctrl_iface: GET_NETWORK 3 auth_alg
07-16 17:10:30.079   498   498 D wpa_supplicant: CTRL_IFACE: GET_NETWORK id=3 name='auth_alg'
07-16 17:10:30.079   422   491 I WifiHW  : CMD: GET_NETWORK 3 pairwise
07-16 17:10:30.079   498   498 D wpa_supplicant: ctrl_iface: GET_NETWORK 3 pairwise
07-16 17:10:30.079   498   498 D wpa_supplicant: CTRL_IFACE: GET_NETWORK id=3 name='pairwise'
07-16 17:10:30.079   422   491 I WifiHW  : REPLY: CCMP TKIP
07-16 17:10:30.089   422   491 I WifiHW  : CMD: GET_NETWORK 3 group
07-16 17:10:30.089   498   498 D wpa_supplicant: ctrl_iface: GET_NETWORK 3 group
07-16 17:10:30.089   498   498 D wpa_supplicant: CTRL_IFACE: GET_NETWORK id=3 name='group'
07-16 17:10:30.089   422   491 I WifiHW  : REPLY: CCMP TKIP WEP104 WEP40
07-16 17:10:30.089   422   491 I WifiHW  : CMD: GET_NETWORK 3 eap
07-16 17:10:30.089   498   498 D wpa_supplicant: ctrl_iface: GET_NETWORK 3 eap
07-16 17:10:30.089   498   498 D wpa_supplicant: CTRL_IFACE: GET_NETWORK id=3 name='eap'
07-16 17:10:30.089   498   498 D wpa_supplicant: CTRL_IFACE: Failed to get network variable 'eap'
07-16 17:10:30.089   422   491 I WifiHW  : REPLY: FAIL
07-16 17:10:30.089   422   491 I WifiHW  : CMD: GET_NETWORK 3 phase2
07-16 17:10:30.089   498   498 D wpa_supplicant: ctrl_iface: GET_NETWORK 3 phase2
07-16 17:10:30.089   498   498 D wpa_supplicant: CTRL_IFACE: GET_NETWORK id=3 name='phase2'
07-16 17:10:30.089   498   498 D wpa_supplicant: CTRL_IFACE: Failed to get network variable 'phase2'
07-16 17:10:30.089   422   491 I WifiHW  : REPLY: FAIL
07-16 17:10:30.089   422   491 I WifiHW  : CMD: GET_NETWORK 3 identity
07-16 17:10:30.089   138   380 D logwrapper: "/system/bin/iptables -F costly_shared", ret=0
07-16 17:10:30.089   498   498 D wpa_supplicant: ctrl_iface: GET_NETWORK 3 identity
07-16 17:10:30.089   498   498 D wpa_supplicant: CTRL_IFACE: GET_NETWORK id=3 name='identity'
07-16 17:10:30.089   498   498 D wpa_supplicant: CTRL_IFACE: Failed to get network variable 'identity'
07-16 17:10:30.089   422   491 I WifiHW  : REPLY: FAIL
07-16 17:10:30.089   422   491 I WifiHW  : CMD: GET_NETWORK 3 anonymous_identity
07-16 17:10:30.089   498   498 D wpa_supplicant: ctrl_iface: GET_NETWORK 3 anonymous_identity
07-16 17:10:30.089   498   498 D wpa_supplicant: CTRL_IFACE: GET_NETWORK id=3 name='anonymous_identity'
07-16 17:10:30.089   498   498 D wpa_supplicant: CTRL_IFACE: Failed to get network variable 'anonymous_identity'
07-16 17:10:30.089   422   491 I WifiHW  : REPLY: FAIL
07-16 17:10:30.089   422   491 I WifiHW  : CMD: GET_NETWORK 3 password
07-16 17:10:30.089   498   498 D wpa_supplicant: ctrl_iface: GET_NETWORK 3 password
07-16 17:10:30.089   498   498 D wpa_supplicant: CTRL_IFACE: GET_NETWORK id=3 name='password'
07-16 17:10:30.089   498   498 D wpa_supplicant: CTRL_IFACE: Failed to get network variable 'password'
07-16 17:10:30.089   422   491 I WifiHW  : REPLY: FAIL
07-16 17:10:30.089   422   491 I WifiHW  : CMD: GET_NETWORK 3 client_cert
07-16 17:10:30.089   498   498 D wpa_supplicant: ctrl_iface: GET_NETWORK 3 client_cert
07-16 17:10:30.089   498   498 D wpa_supplicant: CTRL_IFACE: GET_NETWORK id=3 name='client_cert'
07-16 17:10:30.089   498   498 D wpa_supplicant: CTRL_IFACE: Failed to get network variable 'client_cert'
07-16 17:10:30.089   422   491 I WifiHW  : REPLY: FAIL
07-16 17:10:30.089   422   491 I WifiHW  : CMD: GET_NETWORK 3 private_key
07-16 17:10:30.089   498   498 D wpa_supplicant: ctrl_iface: GET_NETWORK 3 private_key
07-16 17:10:30.089   498   498 D wpa_supplicant: CTRL_IFACE: GET_NETWORK id=3 name='private_key'
07-16 17:10:30.089   498   498 D wpa_supplicant: CTRL_IFACE: Failed to get network variable 'private_key'
07-16 17:10:30.089   422   491 I WifiHW  : REPLY: FAIL
07-16 17:10:30.089   422   491 I WifiHW  : CMD: GET_NETWORK 3 engine
07-16 17:10:30.089   498   498 D wpa_supplicant: ctrl_iface: GET_NETWORK 3 engine
07-16 17:10:30.089   498   498 D wpa_supplicant: CTRL_IFACE: GET_NETWORK id=3 name='engine'
07-16 17:10:30.089   422   491 I WifiHW  : REPLY: 0
07-16 17:10:30.089   422   491 I WifiHW  : CMD: GET_NETWORK 3 engine_id
07-16 17:10:30.089   498   498 D wpa_supplicant: ctrl_iface: GET_NETWORK 3 engine_id
07-16 17:10:30.089   498   498 D wpa_supplicant: CTRL_IFACE: GET_NETWORK id=3 name='engine_id'
07-16 17:10:30.089   498   498 D wpa_supplicant: CTRL_IFACE: Failed to get network variable 'engine_id'
07-16 17:10:30.089   422   491 I WifiHW  : REPLY: FAIL
07-16 17:10:30.089   422   491 I WifiHW  : CMD: GET_NETWORK 3 key_id
07-16 17:10:30.089   498   498 D wpa_supplicant: ctrl_iface: GET_NETWORK 3 key_id
07-16 17:10:30.089   498   498 D wpa_supplicant: CTRL_IFACE: GET_NETWORK id=3 name='key_id'
07-16 17:10:30.089   498   498 D wpa_supplicant: CTRL_IFACE: Failed to get network variable 'key_id'
07-16 17:10:30.089   422   491 I WifiHW  : REPLY: FAIL
07-16 17:10:30.089   422   491 I WifiHW  : CMD: GET_NETWORK 3 ca_cert
07-16 17:10:30.089   498   498 D wpa_supplicant: ctrl_iface: GET_NETWORK 3 ca_cert
07-16 17:10:30.089   498   498 D wpa_supplicant: CTRL_IFACE: GET_NETWORK id=3 name='ca_cert'
07-16 17:10:30.089   498   498 D wpa_supplicant: CTRL_IFACE: Failed to get network variable 'ca_cert'
07-16 17:10:30.089   422   491 I WifiHW  : REPLY: FAIL
07-16 17:10:30.089   422   491 I WifiHW  : CMD: GET_NETWORK 3 pcsc
07-16 17:10:30.089   498   498 D wpa_supplicant: ctrl_iface: GET_NETWORK 3 pcsc
07-16 17:10:30.089   498   498 D wpa_supplicant: CTRL_IFACE: GET_NETWORK id=3 name='pcsc'
07-16 17:10:30.089   498   498 D wpa_supplicant: CTRL_IFACE: Failed to get network variable 'pcsc'
07-16 17:10:30.089   422   491 I WifiHW  : REPLY: FAIL
07-16 17:10:30.099   422   491 I WifiHW  : CMD: GET_NETWORK 3 eapRetryCount
07-16 17:10:30.099   498   498 D wpa_supplicant: ctrl_iface: GET_NETWORK 3 eapRetryCount
07-16 17:10:30.099   498   498 D wpa_supplicant: CTRL_IFACE: GET_NETWORK id=3 name='eapRetryCount'
07-16 17:10:30.099   422   491 I WifiHW  : REPLY: 6
07-16 17:10:30.099   422   491 I WifiHW  : CMD: GET_NETWORK 3 private_key
07-16 17:10:30.099   498   498 D wpa_supplicant: ctrl_iface: GET_NETWORK 3 private_key
07-16 17:10:30.099   498   498 D wpa_supplicant: CTRL_IFACE: GET_NETWORK id=3 name='private_key'
07-16 17:10:30.099   498   498 D wpa_supplicant: CTRL_IFACE: Failed to get network variable 'private_key'
07-16 17:10:30.099   422   491 I WifiHW  : REPLY: FAIL
07-16 17:10:30.099   422   491 I WifiHW  : CMD: GET_NETWORK 4 ssid
07-16 17:10:30.099   498   498 D wpa_supplicant: ctrl_iface: GET_NETWORK 4 ssid
07-16 17:10:30.099   498   498 D wpa_supplicant: CTRL_IFACE: GET_NETWORK id=4 name='ssid'
07-16 17:10:30.099   422   491 I WifiHW  : REPLY: "danny"
07-16 17:10:30.099   422   491 I WifiHW  : CMD: GET_NETWORK 4 bssid
07-16 17:10:30.099   498   498 D wpa_supplicant: ctrl_iface: GET_NETWORK 4 bssid
07-16 17:10:30.099   498   498 D wpa_supplicant: CTRL_IFACE: GET_NETWORK id=4 name='bssid'
07-16 17:10:30.099   498   498 D wpa_supplicant: CTRL_IFACE: Failed to get network variable 'bssid'
07-16 17:10:30.099   422   491 I WifiHW  : REPLY: FAIL
07-16 17:10:30.099   422   491 I WifiHW  : CMD: GET_NETWORK 4 priority
07-16 17:10:30.099   498   498 D wpa_supplicant: ctrl_iface: GET_NETWORK 4 priority
07-16 17:10:30.099   498   498 D wpa_supplicant: CTRL_IFACE: GET_NETWORK id=4 name='priority'
07-16 17:10:30.099   422   491 I WifiHW  : REPLY: 5
07-16 17:10:30.099   422   491 I WifiHW  : CMD: GET_NETWORK 4 scan_ssid
07-16 17:10:30.099   498   498 D wpa_supplicant: ctrl_iface: GET_NETWORK 4 scan_ssid
07-16 17:10:30.099   498   498 D wpa_supplicant: CTRL_IFACE: GET_NETWORK id=4 name='scan_ssid'
07-16 17:10:30.099   138   380 D logwrapper: "/system/bin/ip6tables -F costly_shared", ret=0
07-16 17:10:30.099   422   491 I WifiHW  : REPLY: 0
07-16 17:10:30.099   422   491 I WifiHW  : CMD: GET_NETWORK 4 wep_tx_keyidx
07-16 17:10:30.099   498   498 D wpa_supplicant: ctrl_iface: GET_NETWORK 4 wep_tx_keyidx
07-16 17:10:30.099   498   498 D wpa_supplicant: CTRL_IFACE: GET_NETWORK id=4 name='wep_tx_keyidx'
07-16 17:10:30.099   422   491 I WifiHW  : REPLY: 0
07-16 17:10:30.099   422   491 I WifiHW  : CMD: GET_NETWORK 4 bgscan
07-16 17:10:30.099   498   498 D wpa_supplicant: ctrl_iface: GET_NETWORK 4 bgscan
07-16 17:10:30.099   498   498 D wpa_supplicant: CTRL_IFACE: GET_NETWORK id=4 name='bgscan'
07-16 17:10:30.099   422   491 I WifiHW  : REPLY: "learn:10:-65:20"
07-16 17:10:30.099   422   491 I WifiHW  : CMD: GET_NETWORK 4 wep_key0
07-16 17:10:30.099   498   498 D wpa_supplicant: ctrl_iface: GET_NETWORK 4 wep_key0
07-16 17:10:30.099   498   498 D wpa_supplicant: CTRL_IFACE: GET_NETWORK id=4 name='wep_key0'
07-16 17:10:30.099   498   498 D wpa_supplicant: CTRL_IFACE: Failed to get network variable 'wep_key0'
07-16 17:10:30.099   422   491 I WifiHW  : REPLY: FAIL
07-16 17:10:30.099   422   491 I WifiHW  : CMD: GET_NETWORK 4 wep_key1
07-16 17:10:30.099   498   498 D wpa_supplicant: ctrl_iface: GET_NETWORK 4 wep_key1
07-16 17:10:30.099   498   498 D wpa_supplicant: CTRL_IFACE: GET_NETWORK id=4 name='wep_key1'
07-16 17:10:30.099   498   498 D wpa_supplicant: CTRL_IFACE: Failed to get network variable 'wep_key1'
07-16 17:10:30.099   422   491 I WifiHW  : REPLY: FAIL
07-16 17:10:30.099   422   491 I WifiHW  : CMD: GET_NETWORK 4 wep_key2
07-16 17:10:30.099   498   498 D wpa_supplicant: ctrl_iface: GET_NETWORK 4 wep_key2
07-16 17:10:30.099   498   498 D wpa_supplicant: CTRL_IFACE: GET_NETWORK id=4 name='wep_key2'
07-16 17:10:30.099   498   498 D wpa_supplicant: CTRL_IFACE: Failed to get network variable 'wep_key2'
07-16 17:10:30.099   422   491 I WifiHW  : REPLY: FAIL
07-16 17:10:30.099   422   491 I WifiHW  : CMD: GET_NETWORK 4 wep_key3
07-16 17:10:30.099   498   498 D wpa_supplicant: ctrl_iface: GET_NETWORK 4 wep_key3
07-16 17:10:30.099   498   498 D wpa_supplicant: CTRL_IFACE: GET_NETWORK id=4 name='wep_key3'
07-16 17:10:30.099   498   498 D wpa_supplicant: CTRL_IFACE: Failed to get network variable 'wep_key3'
07-16 17:10:30.099   422   491 I WifiHW  : REPLY: FAIL
07-16 17:10:30.099   422   491 I WifiHW  : CMD: GET_NETWORK 4 psk
07-16 17:10:30.099   498   498 D wpa_supplicant: ctrl_iface: GET_NETWORK 4 psk
07-16 17:10:30.099   498   498 D wpa_supplicant: CTRL_IFACE: GET_NETWORK id=4 name='psk'
07-16 17:10:30.099   498   498 D wpa_supplicant: Do not allow key_data field to be exposed
07-16 17:10:30.099   422   491 I WifiHW  : REPLY: *
07-16 17:10:30.099   422   491 I WifiHW  : CMD: GET_NETWORK 4 proto
07-16 17:10:30.099   498   498 D wpa_supplicant: ctrl_iface: GET_NETWORK 4 proto
07-16 17:10:30.099   498   498 D wpa_supplicant: CTRL_IFACE: GET_NETWORK id=4 name='proto'
07-16 17:10:30.099   422   491 I WifiHW  : REPLY: WPA RSN
07-16 17:10:30.099   422   491 I WifiHW  : CMD: GET_NETWORK 4 key_mgmt
07-16 17:10:30.099   498   498 D wpa_supplicant: ctrl_iface: GET_NETWORK 4 key_mgmt
07-16 17:10:30.099   498   498 D wpa_supplicant: CTRL_IFACE: GET_NETWORK id=4 name='key_mgmt'
07-16 17:10:30.099   422   491 I WifiHW  : REPLY: WPA-PSK
07-16 17:10:30.099   422   491 I WifiHW  : CMD: GET_NETWORK 4 auth_alg
07-16 17:10:30.099   498   498 D wpa_supplicant: ctrl_iface: GET_NETWORK 4 auth_alg
07-16 17:10:30.099   498   498 D wpa_supplicant: CTRL_IFACE: GET_NETWORK id=4 name='auth_alg'
07-16 17:10:30.109   422   491 I WifiHW  : CMD: GET_NETWORK 4 pairwise
07-16 17:10:30.109   498   498 D wpa_supplicant: ctrl_iface: GET_NETWORK 4 pairwise
07-16 17:10:30.109   498   498 D wpa_supplicant: CTRL_IFACE: GET_NETWORK id=4 name='pairwise'
07-16 17:10:30.109   422   491 I WifiHW  : REPLY: CCMP TKIP
07-16 17:10:30.109   422   491 I WifiHW  : CMD: GET_NETWORK 4 group
07-16 17:10:30.109   498   498 D wpa_supplicant: ctrl_iface: GET_NETWORK 4 group
07-16 17:10:30.109   498   498 D wpa_supplicant: CTRL_IFACE: GET_NETWORK id=4 name='group'
07-16 17:10:30.109   138   380 D logwrapper: "/system/bin/iptables -t raw -F bw_raw_PREROUTING", ret=0
07-16 17:10:30.109   422   491 I WifiHW  : REPLY: CCMP TKIP WEP104 WEP40
07-16 17:10:30.109   422   491 I WifiHW  : CMD: GET_NETWORK 4 eap
07-16 17:10:30.109   498   498 D wpa_supplicant: ctrl_iface: GET_NETWORK 4 eap
07-16 17:10:30.109   498   498 D wpa_supplicant: CTRL_IFACE: GET_NETWORK id=4 name='eap'
07-16 17:10:30.109   498   498 D wpa_supplicant: CTRL_IFACE: Failed to get network variable 'eap'
07-16 17:10:30.109   422   491 I WifiHW  : REPLY: FAIL
07-16 17:10:30.109   422   491 I WifiHW  : CMD: GET_NETWORK 4 phase2
07-16 17:10:30.109   498   498 D wpa_supplicant: ctrl_iface: GET_NETWORK 4 phase2
07-16 17:10:30.109   498   498 D wpa_supplicant: CTRL_IFACE: GET_NETWORK id=4 name='phase2'
07-16 17:10:30.109   498   498 D wpa_supplicant: CTRL_IFACE: Failed to get network variable 'phase2'
07-16 17:10:30.109   422   491 I WifiHW  : REPLY: FAIL
07-16 17:10:30.109   422   465 V TransportControlView: Create TCV com.android.internal.widget.TransportControlView@21431d58
07-16 17:10:30.109   422   491 I WifiHW  : CMD: GET_NETWORK 4 identity
07-16 17:10:30.109   498   498 D wpa_supplicant: ctrl_iface: GET_NETWORK 4 identity
07-16 17:10:30.109   498   498 D wpa_supplicant: CTRL_IFACE: GET_NETWORK id=4 name='identity'
07-16 17:10:30.109   498   498 D wpa_supplicant: CTRL_IFACE: Failed to get network variable 'identity'
07-16 17:10:30.109   422   491 I WifiHW  : REPLY: FAIL
07-16 17:10:30.109   422   491 I WifiHW  : CMD: GET_NETWORK 4 anonymous_identity
07-16 17:10:30.109   498   498 D wpa_supplicant: ctrl_iface: GET_NETWORK 4 anonymous_identity
07-16 17:10:30.109   498   498 D wpa_supplicant: CTRL_IFACE: GET_NETWORK id=4 name='anonymous_identity'
07-16 17:10:30.109   498   498 D wpa_supplicant: CTRL_IFACE: Failed to get network variable 'anonymous_identity'
07-16 17:10:30.109   422   491 I WifiHW  : REPLY: FAIL
07-16 17:10:30.109   422   491 I WifiHW  : CMD: GET_NETWORK 4 password
07-16 17:10:30.109   498   498 D wpa_supplicant: ctrl_iface: GET_NETWORK 4 password
07-16 17:10:30.109   498   498 D wpa_supplicant: CTRL_IFACE: GET_NETWORK id=4 name='password'
07-16 17:10:30.109   498   498 D wpa_supplicant: CTRL_IFACE: Failed to get network variable 'password'
07-16 17:10:30.119   422   491 I WifiHW  : REPLY: FAIL
07-16 17:10:30.119   138   380 D logwrapper: "/system/bin/ip6tables -t raw -F bw_raw_PREROUTING", ret=0
07-16 17:10:30.119   422   491 I WifiHW  : CMD: GET_NETWORK 4 client_cert
07-16 17:10:30.119   498   498 D wpa_supplicant: ctrl_iface: GET_NETWORK 4 client_cert
07-16 17:10:30.119   498   498 D wpa_supplicant: CTRL_IFACE: GET_NETWORK id=4 name='client_cert'
07-16 17:10:30.119   498   498 D wpa_supplicant: CTRL_IFACE: Failed to get network variable 'client_cert'
07-16 17:10:30.119   422   491 I WifiHW  : REPLY: FAIL
07-16 17:10:30.119   422   491 I WifiHW  : CMD: GET_NETWORK 4 private_key
07-16 17:10:30.119   498   498 D wpa_supplicant: ctrl_iface: GET_NETWORK 4 private_key
07-16 17:10:30.119   498   498 D wpa_supplicant: CTRL_IFACE: GET_NETWORK id=4 name='private_key'
07-16 17:10:30.119   498   498 D wpa_supplicant: CTRL_IFACE: Failed to get network variable 'private_key'
07-16 17:10:30.119   422   491 I WifiHW  : REPLY: FAIL
07-16 17:10:30.119   422   491 I WifiHW  : CMD: GET_NETWORK 4 engine
07-16 17:10:30.119   498   498 D wpa_supplicant: ctrl_iface: GET_NETWORK 4 engine
07-16 17:10:30.119   498   498 D wpa_supplicant: CTRL_IFACE: GET_NETWORK id=4 name='engine'
07-16 17:10:30.119   422   491 I WifiHW  : REPLY: 0
07-16 17:10:30.119   422   491 I WifiHW  : CMD: GET_NETWORK 4 engine_id
07-16 17:10:30.119   498   498 D wpa_supplicant: ctrl_iface: GET_NETWORK 4 engine_id
07-16 17:10:30.119   498   498 D wpa_supplicant: CTRL_IFACE: GET_NETWORK id=4 name='engine_id'
07-16 17:10:30.119   498   498 D wpa_supplicant: CTRL_IFACE: Failed to get network variable 'engine_id'
07-16 17:10:30.119   422   491 I WifiHW  : REPLY: FAIL
07-16 17:10:30.119   422   491 I WifiHW  : CMD: GET_NETWORK 4 key_id
07-16 17:10:30.119   498   498 D wpa_supplicant: ctrl_iface: GET_NETWORK 4 key_id
07-16 17:10:30.119   498   498 D wpa_supplicant: CTRL_IFACE: GET_NETWORK id=4 name='key_id'
07-16 17:10:30.119   498   498 D wpa_supplicant: CTRL_IFACE: Failed to get network variable 'key_id'
07-16 17:10:30.119   422   491 I WifiHW  : REPLY: FAIL
07-16 17:10:30.119   422   491 I WifiHW  : CMD: GET_NETWORK 4 ca_cert
07-16 17:10:30.119   498   498 D wpa_supplicant: ctrl_iface: GET_NETWORK 4 ca_cert
07-16 17:10:30.119   498   498 D wpa_supplicant: CTRL_IFACE: GET_NETWORK id=4 name='ca_cert'
07-16 17:10:30.119   498   498 D wpa_supplicant: CTRL_IFACE: Failed to get network variable 'ca_cert'
07-16 17:10:30.119   422   491 I WifiHW  : REPLY: FAIL
07-16 17:10:30.119   422   491 I WifiHW  : CMD: GET_NETWORK 4 pcsc
07-16 17:10:30.119   498   498 D wpa_supplicant: ctrl_iface: GET_NETWORK 4 pcsc
07-16 17:10:30.119   498   498 D wpa_supplicant: CTRL_IFACE: GET_NETWORK id=4 name='pcsc'
07-16 17:10:30.119   498   498 D wpa_supplicant: CTRL_IFACE: Failed to get network variable 'pcsc'
07-16 17:10:30.119   422   491 I WifiHW  : REPLY: FAIL
07-16 17:10:30.119   422   491 I WifiHW  : CMD: GET_NETWORK 4 eapRetryCount
07-16 17:10:30.119   498   498 D wpa_supplicant: ctrl_iface: GET_NETWORK 4 eapRetryCount
07-16 17:10:30.119   498   498 D wpa_supplicant: CTRL_IFACE: GET_NETWORK id=4 name='eapRetryCount'
07-16 17:10:30.119   422   491 I WifiHW  : REPLY: 6
07-16 17:10:30.119   422   491 I WifiHW  : CMD: GET_NETWORK 4 private_key
07-16 17:10:30.119   498   498 D wpa_supplicant: ctrl_iface: GET_NETWORK 4 private_key
07-16 17:10:30.119   498   498 D wpa_supplicant: CTRL_IFACE: GET_NETWORK id=4 name='private_key'
07-16 17:10:30.119   498   498 D wpa_supplicant: CTRL_IFACE: Failed to get network variable 'private_key'
07-16 17:10:30.119   422   491 I WifiHW  : REPLY: FAIL
07-16 17:10:30.119   422   491 I WifiHW  : CMD: GET_NETWORK 5 ssid
07-16 17:10:30.119   498   498 D wpa_supplicant: ctrl_iface: GET_NETWORK 5 ssid
07-16 17:10:30.119   498   498 D wpa_supplicant: CTRL_IFACE: GET_NETWORK id=5 name='ssid'
07-16 17:10:30.119   422   491 I WifiHW  : REPLY: "TP-LINK_F01"
07-16 17:10:30.119   422   491 I WifiHW  : CMD: GET_NETWORK 5 bssid
07-16 17:10:30.119   498   498 D wpa_supplicant: ctrl_iface: GET_NETWORK 5 bssid
07-16 17:10:30.119   498   498 D wpa_supplicant: CTRL_IFACE: GET_NETWORK id=5 name='bssid'
07-16 17:10:30.119   498   498 D wpa_supplicant: CTRL_IFACE: Failed to get network variable 'bssid'
07-16 17:10:30.119   422   491 I WifiHW  : REPLY: FAIL
07-16 17:10:30.119   422   491 I WifiHW  : CMD: GET_NETWORK 5 priority
07-16 17:10:30.119   498   498 D wpa_supplicant: ctrl_iface: GET_NETWORK 5 priority
07-16 17:10:30.119   498   498 D wpa_supplicant: CTRL_IFACE: GET_NETWORK id=5 name='priority'
07-16 17:10:30.119   422   491 I WifiHW  : REPLY: 7
07-16 17:10:30.119   422   491 I WifiHW  : CMD: GET_NETWORK 5 scan_ssid
07-16 17:10:30.119   498   498 D wpa_supplicant: ctrl_iface: GET_NETWORK 5 scan_ssid
07-16 17:10:30.119   498   498 D wpa_supplicant: CTRL_IFACE: GET_NETWORK id=5 name='scan_ssid'
07-16 17:10:30.119   422   491 I WifiHW  : REPLY: 0
07-16 17:10:30.119   422   491 I WifiHW  : CMD: GET_NETWORK 5 wep_tx_keyidx
07-16 17:10:30.119   498   498 D wpa_supplicant: ctrl_iface: GET_NETWORK 5 wep_tx_keyidx
07-16 17:10:30.119   498   498 D wpa_supplicant: CTRL_IFACE: GET_NETWORK id=5 name='wep_tx_keyidx'
07-16 17:10:30.119   422   491 I WifiHW  : REPLY: 0
07-16 17:10:30.119   422   491 I WifiHW  : CMD: GET_NETWORK 5 bgscan
07-16 17:10:30.119   498   498 D wpa_supplicant: ctrl_iface: GET_NETWORK 5 bgscan
07-16 17:10:30.119   498   498 D wpa_supplicant: CTRL_IFACE: GET_NETWORK id=5 name='bgscan'
07-16 17:10:30.119   422   491 I WifiHW  : REPLY: "learn:10:-65:20"
07-16 17:10:30.119   422   491 I WifiHW  : CMD: GET_NETWORK 5 wep_key0
07-16 17:10:30.119   498   498 D wpa_supplicant: ctrl_iface: GET_NETWORK 5 wep_key0
07-16 17:10:30.119   498   498 D wpa_supplicant: CTRL_IFACE: GET_NETWORK id=5 name='wep_key0'
07-16 17:10:30.119   498   498 D wpa_supplicant: CTRL_IFACE: Failed to get network variable 'wep_key0'
07-16 17:10:30.129   422   491 I WifiHW  : REPLY: FAIL
07-16 17:10:30.129   422   491 I WifiHW  : CMD: GET_NETWORK 5 wep_key1
