--------- beginning of /dev/log/main
07-16 17:10:05.829   132   132 E ia_watchdog: Watchdog daemon starting
07-16 17:10:05.829   132   132 E ia_watchdog: Watchdog Timer set to timer=50 margin=60 extra_margin=20
07-16 17:10:05.859   152   152 I recovery: Recovery image config file /system/etc/install-recovery.cfg not found 
07-16 17:10:05.869   145   145 I sh      : /system/bin/sh: /system/bin/hardware_revisions.sh: No such file or directory
07-16 17:10:05.869   145   145 I logwrapper: /system/bin/sh terminated by exit(127)
07-16 17:10:05.899   132   132 E ia_watchdog: waiting for a timer interrupt
07-16 17:10:05.939   137   137 I sh      : moto-usb-sh: action = ""
07-16 17:10:05.949   137   137 I sh      : moto-usb-sh: bootmode = "main"
07-16 17:10:05.949   137   137 I sh      : moto-usb-sh: using serialno = "LSJE1C0083"
07-16 17:10:06.009   135   135 D TCMD    : RILD_TCMD: Starting native thread
07-16 17:10:06.009   135   135 D TCMD    : RILD_TCMD: Starting gki main thread
07-16 17:10:06.019   155   155 D BHD     : Battery Health Daemon start!
07-16 17:10:06.019   155   155 D BHD     : Get /sys/devices/ipc/msic_battery/is_valid = 1
07-16 17:10:06.019   155   155 D BHD     : Get /sys/class/power_supply/max170xx_battery/voltage_min_design = 2500000
07-16 17:10:06.089   133   133 D STMD    : main - STMD STATE: BOOT (version: 3.1.20)
07-16 17:10:06.099   153   153 I AKMD2   : AK8963 for Android v20111216(Library: v1.0.0.809) started.
07-16 17:10:06.099   153   153 I AKMD2   : Debug: OFF
07-16 17:10:06.099   153   153 I AKMD2   : Debug level: 0
07-16 17:10:06.099   153   153 I AKMD2   : Output to: LOGD
07-16 17:10:06.099   160   160 I RescueStarter: RescueStarter 7.0.463 starts
07-16 17:10:06.099   160   160 I RescueStarter: ready, waiting for connection
07-16 17:10:06.139   155   155 D BHD     : Created socket 7 for uevents
07-16 17:10:06.169   139   139 I DEBUG   : debuggerd: May 29 2013 19:39:05
07-16 17:10:06.219   131   131 E IMGSRV  : :0: SetupuKernel : EDM status value DevVAddr: 0x0F004000 pvLinAddrKM: 0xF22CC000
07-16 17:10:06.249   147   147 I ATVC    : atvc_pal_production_part: start
07-16 17:10:06.259   134   134 V bd_prov : Retrieving bd address from chaabi ...
07-16 17:10:06.259   134   134 E bd_prov : Error retrieving chaabi bd address, error -2
07-16 17:10:06.259   134   134 I bd_prov : Starting uim...
07-16 17:10:06.339   133   133 D STMD    : read_config_file - STMD parameters:
07-16 17:10:06.339   133   133 D STMD    : ModemPort                : /dev/ttyIFX0
07-16 17:10:06.339   133   133 D STMD    : LatestTTYName            : /dev/gsmtty63
07-16 17:10:06.339   133   133 D STMD    : NumberOfAllowedClient    : 12
07-16 17:10:06.339   133   133 D STMD    : MaximumRetryTime         : 60
07-16 17:10:06.339   133   133 D STMD    : DelayBeforeFirstAt       : 2
07-16 17:10:06.339   133   133 D STMD    : MaxFrameSize             : 1509
07-16 17:10:06.339   133   133 D STMD    : ModemResetEnable         : ENABLED
07-16 17:10:06.339   133   133 D STMD    : ModemCoreDumpEnable      : ENABLED
07-16 17:10:06.339   133   133 D STMD    : MaxModemWarmReset        : 1
07-16 17:10:06.339   133   133 D STMD    : ModemColdResetEnable     : ENABLED
07-16 17:10:06.339   133   133 D STMD    : MaxModemColdReset        : 1
07-16 17:10:06.339   133   133 D STMD    : PlatformRebootEnable     : ENABLED
07-16 17:10:06.339   133   133 D STMD    : MaxPlatformReboot        : 1
07-16 17:10:06.339   133   133 D STMD    : ModemResetDelay          : 3
07-16 17:10:06.339   133   133 D STMD    : MinTimeIssue             : 600
07-16 17:10:06.339   133   133 D STMD    : DelayBeforeReset         : 300
07-16 17:10:06.339   133   133 D STMD    : DelayBeforeReboot        : 1
07-16 17:10:06.339   133   133 D STMD    : detect_hsi_driver - HSI FFL detected
07-16 17:10:06.339   133   133 D STMD    : main - reset: /sys/module/hsi_ffl_tty/parameters/reset_modem
07-16 17:10:06.339   133   133 D STMD    : configure_escalation_recovery - reset management	[ENABLED]
07-16 17:10:06.339   133   133 D STMD    : configure_escalation_recovery - modem COLD reset	[ENABLED]
07-16 17:10:06.339   133   133 D STMD    : configure_escalation_recovery - platform reboot	[ENABLED]
07-16 17:10:06.359   185   185 E uim-sysfs: uim: Inside main
07-16 17:10:06.359   185   185 E uim-sysfs: uim:ST built into the kernel ?
07-16 17:10:06.379   185   185 E uim-sysfs: uim:BT driver module un-available... 
07-16 17:10:06.379   185   185 E uim-sysfs: uim:BT driver built into the kernel ?
07-16 17:10:06.379   185   185 E uim-sysfs: uim:FM driver module un-available... 
07-16 17:10:06.379   185   185 E uim-sysfs: uim:FM driver built into the kernel ?
07-16 17:10:06.379   185   185 E uim-sysfs: uim:GPS driver module un-available... 
07-16 17:10:06.379   185   185 E uim-sysfs: uim:GPS driver built into the kernel ?
07-16 17:10:06.379   185   185 E uim-sysfs: uim:FM V4L2 driver module un-available... 
07-16 17:10:06.379   185   185 E uim-sysfs: uim:FM V4L2 driver built into the kernel ?
07-16 17:10:06.379   185   185 E uim-sysfs: uim:found bluetooth rfkill entry @ 0
07-16 17:10:06.379   185   185 E uim-sysfs: 
07-16 17:10:06.379   185   185 E uim-sysfs: uim:changed permissions for /sys/class/rfkill/rfkill0/state(0) 
07-16 17:10:06.379   185   185 E uim-sysfs: 
07-16 17:10:06.379   185   185 E uim-sysfs: uim:install already set
07-16 17:10:06.379   185   185 E uim-sysfs: uim: Inside st_uart_config
07-16 17:10:06.379   185   185 E uim-sysfs: uim:install set to 1
07-16 17:10:06.379   185   185 E uim-sysfs: uim: Inside set_baud_rate
07-16 17:10:06.379   185   185 E uim-sysfs: uim: set_baud_rate() done
07-16 17:10:06.379   185   185 E uim-sysfs: uim: Setting speed to 3500000
07-16 17:10:06.379   185   185 E uim-sysfs: uim: Inside read_command_complete
07-16 17:10:06.379   185   185 E uim-sysfs: uim: Command complete started
07-16 17:10:06.379   185   185 E uim-sysfs: uim: Inside read_hci_event
07-16 17:10:06.379   185   185 E uim-sysfs: uim: read_hci_event
07-16 17:10:06.439   185   185 E uim-sysfs: uim: Command complete done
07-16 17:10:06.439   185   185 E uim-sysfs: uim: Speed changed to 3500000
07-16 17:10:06.439   185   185 E uim-sysfs: uim: Inside set_custom_baud_rate
07-16 17:10:06.439   185   185 E uim-sysfs: uim: Changing baud rate to 3500000, flow control to 1
07-16 17:10:06.439   185   185 E uim-sysfs: uim: set_custom_baud_rate() done
07-16 17:10:06.439   185   185 E uim-sysfs: uim: Installed N_TI_WL Line displine
07-16 17:10:06.479   146   146 D qe      : base |/|
07-16 17:10:06.479   146   146 D qe      : 
07-16 17:10:06.479   146   146 D qe      : Calling scan_path |/system|
07-16 17:10:06.479   146   146 D qe      : 
07-16 17:10:06.489   190   190 I ATVC    : atvc_pal_production_part: start
07-16 17:10:06.489   133   133 D STMD    : load_mcdr - found library: libmcdr.so. MCDR ENABLED
07-16 17:10:06.489   133   133 I STMD    : main - Unsecure BP part
07-16 17:10:06.489   133   198 V STMD    : socket_manager - (clean-up) - started
07-16 17:10:06.489   133   196 D STMD    : write_to_file - write to (/sys/power/wake_lock) succeed
07-16 17:10:06.489   133   197 V STMD    : socket_manager - (modem-status) - started
07-16 17:10:06.509   149   149 I LBS     : [LBS] LCS_APFLEX_ARB : Cache apflex rw @ /data/location/location.cfg
07-16 17:10:06.519   149   149 I LBS     : [LBS] LCS_APFLEX_ARB : flex from cache: GPS DRV - gps_driver_path = /system/bin/TIDrv
07-16 17:10:06.519   149   149 I LBS     : [LBS] LCS_APFLEX_ARB : flex from cache: GPS DRV - gps_driver_options = -ipunix -path /system/etc/gps/ti/pathconfigfile.txt
07-16 17:10:06.539   190   190 I ATVC    : atvc_pal_production_part: determined engineering state
07-16 17:10:06.549   147   147 I ATVC    : atvc_pal_production_part: determined engineering state
07-16 17:10:06.589   138   138 I Netd    : Netd 1.0 starting
07-16 17:10:06.599   190   190 I ATVC    : atvc_pal_init_factory_state: start
07-16 17:10:06.599   147   147 I ATVC    : atvc_pal_init_factory_state: start
07-16 17:10:06.599   190   190 I ATVC    : atvc_pal_init_factory_state: determined initial factory state
07-16 17:10:06.609   190   190 I ATVC    : atvc_pal_init_factory_state: determined engineering part
07-16 17:10:06.609   190   190 I ATVC    : atval_enforce_android_policy: engineering part or in initial factory state.  all enabled minus adb root (observes default android behavior).
07-16 17:10:06.609   190   190 I ATVC    : read handset resource access flags: 
07-16 17:10:06.609   190   190 I ATVC    : 0xfffffff7
07-16 17:10:06.609   190   190 I ATVC    : atval_setup_properties: valid datablock - setting flags
07-16 17:10:06.609   147   147 I ATVC    : atvc_pal_init_factory_state: determined initial factory state
07-16 17:10:06.609   147   147 I ATVC    : atvc_pal_init_factory_state: determined engineering part
07-16 17:10:06.609   147   147 I ATVC    : atval_enforce_android_policy: engineering part or in initial factory state.  all enabled minus adb root (observes default android behavior).
07-16 17:10:06.609   147   147 I ATVC    : read handset resource access flags: 
07-16 17:10:06.609   147   147 I ATVC    : 0xfffffff7
07-16 17:10:06.609   147   147 I ATVC    : atval_setup_properties: valid datablock - setting flags
07-16 17:10:06.639   190   190 I ATVC    : atval_setup_properties: set ATVAL_READ_ALLOW_SIMSWAP_FLAG
07-16 17:10:06.639   147   147 I ATVC    : atval_setup_properties: set ATVAL_READ_ALLOW_SIMSWAP_FLAG
07-16 17:10:06.639   190   190 I ATVC    : atval_setup_properties: set ATVAL_READ_ALLOW_ALL_LOGGING_FLAG
07-16 17:10:06.639   147   147 I ATVC    : atval_setup_properties: set ATVAL_READ_ALLOW_ALL_LOGGING_FLAG
07-16 17:10:06.639   190   190 I ATVC    : atval_setup_properties: set ATVAL_READ_ALLOW_NETMON_USB_FLAG
07-16 17:10:06.639   147   147 I ATVC    : atval_setup_properties: set ATVAL_READ_ALLOW_NETMON_USB_FLAG
07-16 17:10:06.649   190   190 I ATVC    : atval_setup_properties: set ATVAL_READ_ALLOW_NETMON_IH_FLAG
07-16 17:10:06.649   190   190 I ATVC    : atval_setup_properties: set ATVAL_READ_ALLOW_RES_CORE_FLAG
07-16 17:10:06.649   147   147 I ATVC    : atval_setup_properties: set ATVAL_READ_ALLOW_NETMON_IH_FLAG
07-16 17:10:06.659   147   147 I ATVC    : atval_setup_properties: set ATVAL_READ_ALLOW_RES_CORE_FLAG
07-16 17:10:06.659   190   190 I ATVC    : atval_setup_properties: set ATVAL_READ_ALLOW_RES_PANIC_FLAG
07-16 17:10:06.669   190   190 I ATVC    : atval_setup_properties: set ATVAL_READ_ALLOW_ALL_CORE_FLAG
07-16 17:10:06.669   190   190 I ATVC    : atval_enforce_android_policy: finalize the properties
07-16 17:10:06.669   147   147 I ATVC    : atval_setup_properties: set ATVAL_READ_ALLOW_RES_PANIC_FLAG
07-16 17:10:06.679   147   147 I ATVC    : atval_setup_properties: set ATVAL_READ_ALLOW_ALL_CORE_FLAG
07-16 17:10:06.679   147   147 I ATVC    : atval_enforce_android_policy: finalize the properties
07-16 17:10:06.729   192   192 I CRASHLOG:  crashlogd only snoop modem 
07-16 17:10:06.789   138   138 D logwrapper: "/system/bin/iptables -P INPUT ACCEPT", ret=0
07-16 17:10:06.789   138   138 D logwrapper: "/system/bin/iptables -P OUTPUT ACCEPT", ret=0
07-16 17:10:06.799   192   192 I CRASHLOG: phone enter state: normal start.
07-16 17:10:06.819   138   138 D logwrapper: "/system/bin/iptables -P FORWARD ACCEPT", ret=0
07-16 17:10:06.839   138   138 D logwrapper: "/system/bin/iptables -D FORWARD -j natctrl_FORWARD", ret=512
07-16 17:10:06.849   176   235 I LBS     : [LBS] SHM_ARB : [GF Main] GKI_forwarder started
07-16 17:10:06.849   176   235 I LBS     : [LBS] SHM_ARB : [GF create_sock] Obtained file descriptor for socket 'location_shim' fd = 11
07-16 17:10:06.849   176   235 I LBS     : [LBS] SHM_ARB : [GF create_sock] Listening on file descriptor '11' for socket 'location_shim'
07-16 17:10:06.849   176   235 I LBS     : [LBS] SHM_ARB : [GF recv_data] failed to release wakelock: GkiForwarder_WakeLock
07-16 17:10:06.849   176   234 I LBS     : [LBS] SHM_ARB : shim/main.cpp 225: Entering lcs_shim_suapi_init() 
07-16 17:10:06.849   176   234 I LBS     : [LBS] SHM_ARB : Queue Created LCS_SHIM_QUEUE 
07-16 17:10:06.849   176   234 I LBS     : [LBS] SHM_ARB : Registered LCS_SHIM_QUEUE 
07-16 17:10:06.849   176   234 I LBS     : [LBS] SHM_ARB : Successfully created Shim Port From Queue
07-16 17:10:06.849   176   234 I LBS     : [LBS] SHM_ARB : Registered p/dl_gps_shim 
07-16 17:10:06.849   176   234 I LBS     : [LBS] SHM_ARB : shim/main.cpp 322: Shim Waiting for SUAPI Message
07-16 17:10:06.849   176   236 I LBS     : [LBS] SPL_ARB : supl_ni//src/app_supl_ni_main.c 937: Initializing SUPL.
07-16 17:10:06.849   176   236 I LBS     : [LBS] SPL_ARB : supl_ni//src/app_supl_ni_main.c 341: Unregistered p/supl_ni
07-16 17:10:06.849   176   236 I LBS     : [LBS] SPL_ARB : supl_ni//src/app_supl_ni_main.c 351: Successfully Deleted SUPL Port
07-16 17:10:06.849   176   236 I LBS     : [LBS] SPL_ARB : supl_ni//src/app_supl_ni_main.c 442: Successfully created SUPL Queue SUPL_NI_QUEUE.
07-16 17:10:06.849   176   236 I LBS     : [LBS] SPL_ARB : supl_ni//src/app_supl_ni_main.c 454: Registered SUPL_NI_QUEUE
07-16 17:10:06.849   176   236 I LBS     : [LBS] SPL_ARB : supl_ni//src/app_supl_ni_main.c 489: Successfully created Supl Port From Queue
07-16 17:10:06.849   176   236 I LBS     : [LBS] SPL_ARB : Registered p/supl_ni
07-16 17:10:06.849   176   236 I LBS     : [LBS] SPL_ARB : supl_ni//src/app_supl_ni_main.c 253: Initializing SUPL NI
07-16 17:10:06.849   176   236 I LBS     : [LBS] SPL_ARB : supl_ni//src/supl_ni_loc_sp_subsys.c 213: arry_elem[0] = 255
07-16 17:10:06.859   176   236 I LBS     : [LBS] SPL_ARB : Whitelist Turned OFF
07-16 17:10:06.859   176   236 I LBS     : [LBS] SPL_ARB : GPS_IN_SUPLNI_DATASEC_reset
07-16 17:10:06.859   176   236 I LBS     : [LBS] SPL_ARB : Initialization was allowed
07-16 17:10:06.859   176   236 I LBS     : [LBS] SPL_ARB : Transition to State 1
07-16 17:10:06.859   176   236 I LBS     : [LBS] SPL_ARB : GPS_OUT_SUPLNI_DATASEC_reset
07-16 17:10:06.859   176   236 I LBS     : [LBS] SPL_ARB : supl_ni//src/app_supl_ni_main.c 868: Waiting for SUPL Message.
07-16 17:10:06.859   176   234 I LBS     : [LBS] SHM_ARB : Shim Received Msg: LCS_SHIM_REQ_PROXY_CREATE_MSG_ID
07-16 17:10:06.859   176   234 I LBS     : [LBS] SHM_ARB : Handling Proxy Create AUF event
07-16 17:10:06.859   176   234 I LBS     : [LBS] SHM_ARB : shim/main.cpp 506: Deleting su Message 
07-16 17:10:06.859   176   234 I LBS     : [LBS] SHM_ARB : shim/main.cpp 322: Shim Waiting for SUAPI Message
07-16 17:10:06.859   176   236 I LBS     : [LBS] SPL_ARB : Message ours; create sequence number 1 matches our 4294967295
07-16 17:10:06.859   176   236 I LBS     : [LBS] SPL_ARB : Proxy created successfully
07-16 17:10:06.859   176   236 I LBS     : [LBS] SPL_ARB : Transition to State 2
07-16 17:10:06.859   176   236 I LBS     : [LBS] SUPL_INF : len =   4   GPS_IN_SUPLNI_SESSION_handle_data_connect_ind
07-16 17:10:06.859   176   236 I LBS     : [LBS] SUPL_INF : 02000000
07-16 17:10:06.859   176   236 I LBS     : [LBS] SPL_ARB : 6686 DL_LCS_SUPL_CARRIER_INDEPENDENT()=0, p_apd->supl_session_inst_data.is_fallback_fqdn=0
07-16 17:10:06.859   176   236 I LBS     : [LBS] SPL_ARB : supl_ni//src/suplni_prov.c 626: Constructing Fqdn from IMSI !!!
07-16 17:10:06.859   176   236 I LBS     : [LBS] IPC_ARB : ERROR: SIM state: 
07-16 17:10:06.859   176   236 I LBS     : [LBS] IPC_ARB : Unable to retrieve MCC/MNC
07-16 17:10:06.859   176   236 I LBS     : [LBS] IPC_ARB : ERROR: unable to retrieve SIM MCC/MNC (0, 0x409109ec, 0x409109ee)
07-16 17:10:06.859   176   236 I LBS     : [LBS] SUPL_INF : len =   4   GPS_IN_SUPLNI_SESSION_handle_data_connect_ind
07-16 17:10:06.859   176   236 I LBS     : [LBS] SUPL_INF : 00000000
07-16 17:10:06.859   176   236 I LBS     : [LBS] SPL_ARB : Message handled
07-16 17:10:06.859   176   236 I LBS     : [LBS] SPL_ARB : supl_ni//src/app_supl_ni_main.c 868: Waiting for SUPL Message.
07-16 17:10:06.859   138   138 D logwrapper: "/system/bin/iptables -F natctrl_FORWARD", ret=256
07-16 17:10:06.869   149   149 I LBS     : [LBS-DRV]  : Using Unix domain sockets: server=/data/location/GpsIpcDrvSocket  client=/data/location/GpsIpcSpDrvSocket
07-16 17:10:06.869   138   138 D logwrapper: "/system/bin/iptables -N natctrl_FORWARD", ret=0
07-16 17:10:06.879   138   138 D logwrapper: "/system/bin/iptables -A FORWARD -j natctrl_FORWARD", ret=0
07-16 17:10:06.889   138   138 D logwrapper: "/system/bin/iptables -t nat -D POSTROUTING -j natctrl_nat_POSTROUTING", ret=512
07-16 17:10:06.889   138   138 D logwrapper: "/system/bin/iptables -t nat -F natctrl_nat_POSTROUTING", ret=256
07-16 17:10:06.889   149   149 D LBS     : [LBS-DRV]  : modem/common/location/platform/ipc/IpcSocket.cpp:2 451: Listening on /data/location/GpsIpcDrvSocket with FD: 12
07-16 17:10:06.919   138   138 D logwrapper: "/system/bin/iptables -t nat -N natctrl_nat_POSTROUTING", ret=0
07-16 17:10:06.959   138   138 D logwrapper: "/system/bin/iptables -t nat -A POSTROUTING -j natctrl_nat_POSTROUTING", ret=0
07-16 17:10:06.959   138   138 D logwrapper: "/system/bin/iptables -t nat -D PREROUTING -j natctrl_nat_PREROUTING", ret=512
07-16 17:10:06.969   138   138 D logwrapper: "/system/bin/iptables -t nat -F natctrl_nat_PREROUTING", ret=256
07-16 17:10:06.969   195   195 D helsmond: Built: May 29 2013 19:39:17, property "sys.helsmon.fullcheck.interval": 3600
07-16 17:10:06.969   192   192 E CRASHLOG: REBOOT  58b1c30c92cb24da7c33  2013-07-16/17:10:06  UNKNOWN
07-16 17:10:06.969   192   192 E CRASHLOG: STATE   c1f3edbf40174d8bf8cc  2013-07-16/17:10:06  DECRYPTED
07-16 17:10:06.969   192   192 W CRASHLOG: /data/logs/uptime has been snooped
07-16 17:10:06.979   192   254 E CRASHLOG: log service stopped whereas property is set .. restarting
07-16 17:10:06.979   192   192 W CRASHLOG: /data/logs/modemcrash has been snooped
07-16 17:10:06.979   192   192 W CRASHLOG: /data/logs/modemcrash has been snooped
07-16 17:10:06.979   192   192 W CRASHLOG: /data/logs/modemcrash has been snooped
07-16 17:10:07.009   149   149 E LBS     : [LBS-DRV]  : ERROR: failed to release wake lock: CHECK_IPC_DRV_WakeLock
07-16 17:10:07.009   138   138 D logwrapper: "/system/bin/iptables -t nat -N natctrl_nat_PREROUTING", ret=0
07-16 17:10:07.019   135   169 D TCMD    : RILD_TCMD: [TCMD GKI MAIN] tcmd gki main started  
07-16 17:10:07.019   135   169 D TCMD    : RILD_TCMD: TCMD GKI - MSL:  waiting on GKI Queue ...
07-16 17:10:07.019   135   168 D TCMD    : RILD_TCMD: rild_tcmd_main_thread is up and running
07-16 17:10:07.019   135   168 D TCMD    : RILD_TCMD: Got control socket successfully
07-16 17:10:07.019   135   168 D TCMD    : RILD_TCMD: Listen to connection is successful
07-16 17:10:07.019   135   168 D TCMD    : RILD_TCMD: create listen socket ok, fd = 10
07-16 17:10:07.019   135   168 D TCMD    : RILD_TCMD: Listening for client connection on fd 10
07-16 17:10:07.079   138   138 D logwrapper: "/system/bin/iptables -t nat -A PREROUTING -j natctrl_nat_PREROUTING", ret=0
07-16 17:10:07.089   195   253 D helsmond: Task hidden('(null)'): 0.101876876 seconds
07-16 17:10:07.099   138   138 D logwrapper: "/system/bin/iptables -F natctrl_FORWARD", ret=0
07-16 17:10:07.109   138   138 D logwrapper: "/system/bin/iptables -t nat -F natctrl_nat_POSTROUTING", ret=0
07-16 17:10:07.139   133   198 D STMD    : socket_manager - (clean-up) - client name:(/system/bin/rild) idx:(0) connected
07-16 17:10:07.139   133   198 D STMD    : socket_manager - (clean-up) - next client id: 1
07-16 17:10:07.149   133   262 D STMD    : cleanup_client_handler - client - name:(/system/bin/rild) idx:(0) - start
07-16 17:10:07.149   133   197 D STMD    : socket_manager - (modem-status) - client name:(/system/bin/rild) idx:(0) connected
07-16 17:10:07.149   133   197 D STMD    : socket_manager - (modem-status) - next client id: 1
07-16 17:10:07.159   133   264 D STMD    : modem_status_client_handler - client - name:(/system/bin/rild) idx:(0) - Started
07-16 17:10:07.309   138   138 D logwrapper: "/system/bin/ip rule flush", ret=0
07-16 17:10:07.339   138   138 D logwrapper: "/system/bin/ip -6 rule flush", ret=0
07-16 17:10:07.369   176   238 I LBS     : [LBS] IPC_ARB : translators/common/tl_ipc_lcs.cpp: 242: tl_ipc_lcs thread launched
07-16 17:10:07.369   176   238 I LBS     : [LBS] IPC_ARB : translators/common/tl_ipc_lcs_suapi_handler.cpp: 297: SUAPI init complete.
07-16 17:10:07.369   176   238 I LBS     : [LBS] IPC_ARB : Waiting for modem up status
07-16 17:10:07.369   176   238 I LBS     : [LBS] IPC_ARB : Connected to modem status socket
07-16 17:10:07.369   133   197 D STMD    : socket_manager - (modem-status) - client name:(location) idx:(1) connected
07-16 17:10:07.369   133   197 D STMD    : socket_manager - (modem-status) - next client id: 2
07-16 17:10:07.389   138   138 D logwrapper: "/system/bin/ip rule add from all lookup default prio 32767", ret=0
07-16 17:10:07.389   133   268 D STMD    : modem_status_client_handler - client - name:(location) idx:(1) - Started
07-16 17:10:07.399   176   238 I LBS     : [LBS] IPC_ARB : Received modem status [0]
07-16 17:10:07.419   138   138 D logwrapper: "/system/bin/ip rule add from all lookup main prio 32766", ret=0
07-16 17:10:07.449   138   138 D logwrapper: "/system/bin/ip -6 rule add from all lookup default prio 32767", ret=0
07-16 17:10:07.459   138   138 D logwrapper: "/system/bin/ip -6 rule add from all lookup main prio 32766", ret=0
07-16 17:10:07.479   138   138 D logwrapper: "/system/bin/ip route flush cache", ret=0
07-16 17:10:07.479   138   138 D logwrapper: "/system/bin/iptables -F bw_INPUT", ret=256
07-16 17:10:07.559   138   138 D logwrapper: "/system/bin/ip6tables -F bw_INPUT", ret=256
07-16 17:10:07.579   138   138 D logwrapper: "/system/bin/iptables -F bw_OUTPUT", ret=256
07-16 17:10:07.579   138   138 D logwrapper: "/system/bin/ip6tables -F bw_OUTPUT", ret=256
07-16 17:10:07.609   138   138 D logwrapper: "/system/bin/iptables -F bw_FORWARD", ret=256
07-16 17:10:07.629   138   138 D logwrapper: "/system/bin/ip6tables -F bw_FORWARD", ret=256
07-16 17:10:07.659   138   138 D logwrapper: "/system/bin/iptables -F penalty_box", ret=256
07-16 17:10:07.689   138   138 D logwrapper: "/system/bin/ip6tables -F penalty_box", ret=256
07-16 17:10:07.709   138   138 D logwrapper: "/system/bin/iptables -F costly_shared", ret=256
07-16 17:10:07.709   138   138 D logwrapper: "/system/bin/ip6tables -F costly_shared", ret=256
07-16 17:10:07.719   138   138 D logwrapper: "/system/bin/iptables -t raw -F bw_raw_PREROUTING", ret=256
07-16 17:10:07.719   138   138 D logwrapper: "/system/bin/ip6tables -t raw -F bw_raw_PREROUTING", ret=256
07-16 17:10:07.729   138   138 D logwrapper: "/system/bin/iptables -t mangle -F bw_mangle_POSTROUTING", ret=256
07-16 17:10:07.729   138   138 D logwrapper: "/system/bin/ip6tables -t mangle -F bw_mangle_POSTROUTING", ret=256
07-16 17:10:07.739   138   138 D logwrapper: "/system/bin/iptables -D INPUT -j bw_INPUT", ret=512
07-16 17:10:07.749   138   138 D logwrapper: "/system/bin/ip6tables -D INPUT -j bw_INPUT", ret=512
07-16 17:10:07.769   138   138 D logwrapper: "/system/bin/iptables -D OUTPUT -j bw_OUTPUT", ret=512
07-16 17:10:07.779   138   138 D logwrapper: "/system/bin/ip6tables -D OUTPUT -j bw_OUTPUT", ret=512
07-16 17:10:07.779   138   138 D logwrapper: "/system/bin/iptables -D FORWARD -j bw_FORWARD", ret=512
07-16 17:10:07.789   138   138 D logwrapper: "/system/bin/ip6tables -D FORWARD -j bw_FORWARD", ret=512
07-16 17:10:07.789   138   138 D logwrapper: "/system/bin/iptables -t raw -D bw_raw_PREROUTING", ret=256
07-16 17:10:07.799   138   138 D logwrapper: "/system/bin/ip6tables -t raw -D bw_raw_PREROUTING", ret=256
07-16 17:10:07.809   138   138 D logwrapper: "/system/bin/iptables -t mangle -D bw_mangle_POSTROUTING", ret=256
07-16 17:10:07.829   138   138 D logwrapper: "/system/bin/ip6tables -t mangle -D bw_mangle_POSTROUTING", ret=256
07-16 17:10:07.849   138   138 D logwrapper: "/system/bin/iptables -X bw_INPUT", ret=256
07-16 17:10:07.869   127   127 D enc_mgt_tool: Log verbosity level 1
07-16 17:10:07.879   138   138 D logwrapper: "/system/bin/ip6tables -X bw_INPUT", ret=256
07-16 17:10:07.879   138   138 D logwrapper: "/system/bin/iptables -X bw_OUTPUT", ret=256
07-16 17:10:07.879   176   232 I LBS     : [LBS]  : ** SP STATE TRANSITION: null --> SpStartingUp **
07-16 17:10:07.879   176   232 I LBS     : [LBS]  : Unregistered: p/location_sp
07-16 17:10:07.879   176   232 I LBS     : [LBS]  : Deleted SP port
07-16 17:10:07.879   176   232 I LBS     : [LBS]  : Created queue: LOCATION_SP_QUEUE
07-16 17:10:07.879   176   232 I LBS     : [LBS]  : Registered: LOCATION_SP_QUEUE
07-16 17:10:07.879   176   232 I LBS     : [LBS]  : Created SP Port From Queue
07-16 17:10:07.879   176   232 I LBS     : [LBS]  : Registered: p/location_sp
07-16 17:10:07.879   176   232 I LBS     : [LBS] LCS_APFLEX_ARB : Cache apflex rw @ /data/location/location.cfg
07-16 17:10:07.889   138   138 D logwrapper: "/system/bin/ip6tables -X bw_OUTPUT", ret=256
07-16 17:10:07.899   127   127 D enc_mgt_tool: Looking for key with signature [1011121314151617] in kernel keying...
07-16 17:10:07.899   127   127 D enc_mgt_tool: setup_key_for_user_session: sys.mot.encrypt.keysig=1011121314151617
07-16 17:10:07.899   140   140 D AndroidRuntime: 
07-16 17:10:07.899   140   140 D AndroidRuntime: >>>>>> AndroidRuntime START com.android.internal.os.ZygoteInit <<<<<<
07-16 17:10:07.919   176   232 I LBS     : [LBS] LCS_APFLEX_ARB : flex from cache: LCS SEEM - DL_LCS_DEFAULT_DATA_PROFILE = CingularWap
07-16 17:10:07.919   176   232 I LBS     : [LBS] LCS_APFLEX_ARB : flex from cache: LCS SEEM - DL_LCS_CAPABILITY_MSBASED_AGPS = 1
07-16 17:10:07.919   176   232 I LBS     : [LBS] LCS_APFLEX_ARB : flex from cache: LCS SEEM - DL_LCS_CAPABILITY_MSASSIST_AGPS = 1
07-16 17:10:07.919   176   232 I LBS     : [LBS] LCS_APFLEX_ARB : flex from cache: LCS SEEM - DL_LCS_CAPABILITY_CONV_AGPS = 1
07-16 17:10:07.919   176   232 I LBS     : [LBS] LCS_APFLEX_ARB : flex from cache: LCS SEEM - DL_LCS_CAPABILITY_MSBASED_OTDOA = 0
07-16 17:10:07.919   176   232 I LBS     : [LBS] LCS_APFLEX_ARB : flex from cache: LCS SEEM - DL_LCS_CAPABILITY_MSASSIST_OTDOA = 0
07-16 17:10:07.919   176   232 I LBS     : [LBS] LCS_APFLEX_ARB : flex from cache: LCS SEEM - DL_LCS_CAPABILITY_CELLID = 1
07-16 17:10:07.919   176   232 I LBS     : [LBS] LCS_APFLEX_ARB : flex from cache: LCS SEEM - DL_LCS_NETWORK_3GPP = 1
07-16 17:10:07.919   176   232 I LBS     : [LBS] LCS_APFLEX_ARB : flex from cache: LCS SEEM - DL_LCS_NETWORK_CDMA = 0
07-16 17:10:07.919   176   232 I LBS     : [LBS] LCS_APFLEX_ARB : flex from cache: LCS SEEM - DL_LCS_NOTIFY_VERIFY_CAPABILITY = 1
07-16 17:10:07.919   176   232 I LBS     : [LBS] LCS_APFLEX_ARB : flex from cache: LCS SEEM - DL_LCS_SS_MOLR_CAPABILITY = 0
07-16 17:10:07.919   176   232 I LBS     : [LBS] LCS_APFLEX_ARB : flex from cache: LCS SEEM - DL_LCS_NETWORK_LTE = 0
07-16 17:10:07.919   176   232 I LBS     : [LBS] LCS_APFLEX_ARB : flex from cache: GPS DRV - EXT_EPH_ENABLED = 0
07-16 17:10:07.919   176   232 I LBS     : [LBS] LCS_APFLEX_ARB : flex from cache: GPS DRV - abs_gps_week_at_bld_time = 1648
07-16 17:10:07.919   176   232 I LBS     : [LBS] LCS_APFLEX_ARB : flex from cache: LCS SEEM - DL_LCS_NETWORK_SUPL = 1
07-16 17:10:07.919   176   232 I LBS     : [LBS] LCS_APFLEX_ARB : flex from cache: LCS SEEM - DL_LCS_SUPL_SECURITY_ON = 0
07-16 17:10:07.919   176   232 I LBS     : [LBS] LCS_APFLEX_ARB : flex from cache: LCS SEEM - DL_LCS_SUPL_TRACK_ENH = 1
07-16 17:10:07.919   176   232 I LBS     : [LBS] LCS_APFLEX_ARB : flex from cache: LCS SEEM - DL_LCS_PREF_POSMETHOD = 0
07-16 17:10:07.919   176   232 I LBS     : [LBS] LCS_APFLEX_ARB : flex from cache: LCS SEEM - DL_LCS_SUPL_MT_TEST = 0
07-16 17:10:07.919   176   232 I LBS     : [LBS] LCS_APFLEX_ARB : flex from cache: LCS SEEM - DL_LCS_SUPL_FALLBACK_TO_3GPP = 0
07-16 17:10:07.919   176   232 I LBS     : [LBS] LCS_APFLEX_ARB : flex from cache: LCS SEEM - DL_LCS_SUPL_DEBUG_INDICATIONS = 0
07-16 17:10:07.919   176   232 I LBS     : [LBS] LCS_APFLEX_ARB : flex from cache: LCS SEEM - DL_LCS_SUPL_MT_OFF = 1
07-16 17:10:07.919   176   232 I LBS     : [LBS] LCS_APFLEX_ARB : flex from cache: LCS SEEM - DL_LCS_SUPL_CARRIER_INDEPENDENT = 1
07-16 17:10:07.919   176   232 I LBS     : [LBS] LCS_APFLEX_ARB : flex from cache: LCS SEEM - DL_LCS_3GPP_USER_STATUS_OVERRIDE = 1
07-16 17:10:07.919   176   232 I LBS     : [LBS] LCS_APFLEX_ARB : flex from cache: GPS DRV - leap_seconds = 15
07-16 17:10:07.919   176   232 I LBS     : [LBS] LCS_APFLEX_ARB : flex from cache: GPS DRV - ref_pos_unc_valid = 1
07-16 17:10:07.919   176   232 I LBS     : [LBS] LCS_APFLEX_ARB : flex from cache: GPS DRV - ref_pos_semi_major_unc = 83
07-16 17:10:07.919   176   232 I LBS     : [LBS] LCS_APFLEX_ARB : flex from cache: GPS DRV - ref_pos_semi_minor_unc = 83
07-16 17:10:07.919   176   232 I LBS     : [LBS] LCS_APFLEX_ARB : flex from cache: GPS DRV - ref_pos_altitude_unc = 47
07-16 17:10:07.919   176   232 I LBS     : [LBS] LCS_APFLEX_ARB : flex from cache: GPS DRV - ref_time_unc_valid = 1
07-16 17:10:07.919   176   232 I LBS     : [LBS] LCS_APFLEX_ARB : flex from cache: GPS DRV - ref_time_unc = 145
07-16 17:10:07.919   176   232 I LBS     : [LBS] LCS_APFLEX_ARB : flex from cache: CAIDL - ACTIVE_TRANS_OFFSET = 1000
07-16 17:10:07.919   176   232 I LBS     : [LBS] LCS_APFLEX_ARB : flex from cache: CAIDL - MIN_WAKEUP_OFFSET = 3000
07-16 17:10:07.919   176   232 I LBS     : [LBS] LCS_APFLEX_ARB : flex from cache: CAIDL - MAX_WAKEUP_OFFSET = 10000
07-16 17:10:07.919   176   232 I LBS     : [LBS] LCS_APFLEX_ARB : flex from cache: CAIDL - WAKEUP_OFFSET_PCT = 10
07-16 17:10:07.919   176   232 I LBS     : [LBS] LCS_APFLEX_ARB : flex from cache: CAIDL - DRV_RSP_INTERVAL = 1000
07-16 17:10:07.919   176   232 I LBS     : [LBS] LCS_APFLEX_ARB : flex from cache: CAIDL - STOP_TIMEOUT = 2000
07-16 17:10:07.919   176   232 I LBS     : [LBS] LCS_APFLEX_ARB : flex from cache: CAIDL - APP_REQ_GUARD_OFFSET = 1000
07-16 17:10:07.919   176   232 I LBS     : [LBS] LCS_APFLEX_ARB : flex from cache: CAIDL - DRV_RSP_GUARD_OFFSET = 4000
07-16 17:10:07.919   176   232 I LBS     : [LBS] LCS_APFLEX_ARB : flex from cache: CAIDL - SUPL_TRACK_ENH_TIMEOUT = 60000
07-16 17:10:07.919   176   232 I LBS     : [LBS] LCS_APFLEX_ARB : flex from cache: CAIDL - ASSIST_GATE_TIMEOUT = 20000
07-16 17:10:07.919   176   232 I LBS     : [LBS] LCS_APFLEX_ARB : flex from cache: CAIDL - IDLING_TIMEOUT = 5000
07-16 17:10:07.919   176   232 I LBS     : [LBS] LCS_APFLEX_ARB : flex from cache: CAIDL - MIN_EARLY_RANGES = 6
07-16 17:10:07.919   176   232 I LBS     : [LBS] LCS_APFLEX_ARB : flex from cache: CAIDL - LOC_LOG_LEVEL = 3
07-16 17:10:07.919   176   232 I LBS     : [LBS] LCS_APFLEX_ARB : flex from cache: CAIDL - DRV_LOG_TO_SP = 0
07-16 17:10:07.919   176   232 I LBS     : [LBS] LCS_APFLEX_ARB : flex from cache: CAIDL - DRV_LOG_LEVEL = 0
07-16 17:10:07.919   176   232 I LBS     : [LBS] LCS_APFLEX_ARB : flex from cache: CAIDL - DISABLE_START_DRV_FROM_SP_BOOT = 1
07-16 17:10:07.919   176   232 I LBS     : [LBS] LCS_APFLEX_ARB : flex from cache: CAIDL - HW_AFC = 1
07-16 17:10:07.919   176   232 I LBS     : [LBS] LCS_APFLEX_ARB : flex from cache: CAIDL - IS_VALID_LAST_DRV_TCXO = 0
07-16 17:10:07.919   176   232 I LBS     : [LBS] LCS_APFLEX_ARB : flex from cache: CAIDL - LAST_DRV_TCXO = 0
07-16 17:10:07.919   176   232 I LBS     : [LBS] LCS_APFLEX_ARB : flex from cache: CAIDL - TTF_3GPP_LATENCY_OFFSET = 1000
07-16 17:10:07.919   176   232 I LBS     : [LBS] LCS_APFLEX_ARB : flex from cache: LCS SEEM - DL_LCS_SUPL_SESSION_PREP_TIMER_LEN = 1
07-16 17:10:07.919   176   232 I LBS     : [LBS] LCS_APFLEX_ARB : flex from cache: CAIDL - INJECT_TCXO = 0
07-16 17:10:07.919   176   232 I LBS     : [LBS] LCS_APFLEX_ARB : flex from cache: LCS SEEM - 3GPP_LOG_FLEX_ENABLED = 1
07-16 17:10:07.929   176   232 I LBS     : [LBS] LCS_APFLEX_ARB : flex from cache: LCS SEEM - SHIM_LOG_FLEX_ENABLED = 1
07-16 17:10:07.929   176   232 I LBS     : [LBS] LCS_APFLEX_ARB : flex from cache: LCS SEEM - SUPL_LOG_FLEX_ENABLED = 1
07-16 17:10:07.929   176   232 I LBS     : [LBS] LCS_APFLEX_ARB : flex from cache: CAIDL - MIN_RANGES_USEFUL_COARSE = 16
07-16 17:10:07.929   176   232 I LBS     : [LBS] LCS_APFLEX_ARB : flex from cache: LCS SEEM - DL_LCS_CAPABILITY_NOTVER_UPGRADE = 0
07-16 17:10:07.929   176   232 I LBS     : [LBS] LCS_APFLEX_ARB : flex from cache: LCS SEEM - DL_LCS_SUPL_VERSION = 1
07-16 17:10:07.929   176   232 I LBS     : [LBS] LCS_APFLEX_ARB : flex from cache: LCS SEEM - DL_LCS_CAPABILITY_MO_MSB_SUPL = 1
07-16 17:10:07.929   176   232 I LBS     : [LBS] LCS_APFLEX_ARB : flex from cache: LCS SEEM - DL_LCS_CAPABILITY_MO_MSA_SUPL = 1
07-16 17:10:07.929   176   232 I LBS     : [LBS] LCS_APFLEX_ARB : flex from cache: LCS SEEM - DL_LCS_SUPL2_DATA_INACTIVITY_CLOSE_TIMER = 300
07-16 17:10:07.929   176   232 I LBS     : [LBS] LCS_APFLEX_ARB : flex from cache: CAIDL - LOC_LEARNING = 0
07-16 17:10:07.929   176   232 I LBS     : [LBS] LCS_APFLEX_ARB : flex from cache: CAIDL - LOC_LEARNING_MAX_SIZE = 50
07-16 17:10:07.929   176   232 I LBS     : [LBS] LCS_APFLEX_ARB : flex from cache: CAIDL - VCTXO_UNC_VALUE = 299
07-16 17:10:07.929   176   232 I LBS     : [LBS] LCS_APFLEX_ARB : flex from cache: CAIDL - SHARED_TCXO_ENABLED = 0
07-16 17:10:07.929   176   232 I LBS     : [LBS] LCS_APFLEX_ARB : flex from cache: CAIDL - NO_FIX_EARLY_WAKEUP = 60000
07-16 17:10:07.929   176   232 I LBS     : [LBS] LCS_APFLEX_ARB : flex from cache: CAIDL - MIN_NAV_REQ_INTERVAL = 3600000
07-16 17:10:07.929   176   232 I LBS     : [LBS] LCS_APFLEX_ARB : flex from cache: CAIDL - HTTP_POST_INTERVAL = 30
07-16 17:10:07.929   176   232 I LBS     : [LBS] LCS_APFLEX_ARB : flex from cache: CAIDL - HTTP_POST_RETRY_INTERVAL = 60
07-16 17:10:07.929   176   232 I LBS     : [LBS] LCS_APFLEX_ARB : flex from cache: CAIDL - HTTP_POST_RETRY_MAX = 4
07-16 17:10:07.929   176   232 I LBS     : [LBS] LCS_APFLEX_ARB : flex from cache: CAIDL - LBS_PERSISTENT_COLD_START = 0
07-16 17:10:07.929   176   232 I LBS     : [LBS] LCS_APFLEX_ARB : flex from cache: CAIDL - LAST_SECURE_GPS_TIME = 0
07-16 17:10:07.929   176   232 I LBS     : [LBS] LCS_APFLEX_ARB : flex from cache: CAIDL - LAST_SECURE_GPS_TIME_THRESHOLD = 42000
07-16 17:10:07.929   176   232 I LBS     : [LBS] LCS_APFLEX_ARB : flex from cache: LCS SEEM - DL_LCS_SUPL_FALLBACK_SERVER = 0
07-16 17:10:07.929   176   232 I LBS     : [LBS] LCS_APFLEX_ARB : flex from cache: LCS SEEM - DL_LCS_SUPL_FALLBACK_SECURITY_ON = 0
07-16 17:10:07.929   176   232 I LBS     : [LBS] LCS_APFLEX_ARB : flex from cache: LCS SEEM - DL_LCS_SUPL_FALLBACK_CARRIER_INDEPENDENT = 0
07-16 17:10:07.929   176   232 I LBS     : [LBS] LCS_APFLEX_ARB : flex from cache: LCS SEEM - DL_LCS_FORCE_PURE_MSA = 0
07-16 17:10:07.929   176   232 I LBS     : [LBS] LCS_APFLEX_ARB : flex from cache: CAIDL - MIN_EARLY_RANGES_HOLDOFF_S = 9
07-16 17:10:07.929   176   232 I LBS     : [LBS] LCS_APFLEX_ARB : Can't find ASPEN_MULTIMODE_TEST in cache.
07-16 17:10:07.929   176   232 I LBS     : [LBS] LCS_APFLEX_ARB : flex from cache: LCS SEEM - PROTOCOL_HANDLER_LOG_FLEX_ENABLED = 1
07-16 17:10:07.929   176   232 I LBS     : [LBS] LCS_APFLEX_ARB : flex from cache: GPS DRV - LCS_PR_COMMON_BIAS_ADJ = 0
07-16 17:10:07.929   176   232 I LBS     : [LBS] LCS_APFLEX_ARB : flex from cache: GPS DRV - LCS_CNO_BIAS_ADJ = 0
07-16 17:10:07.929   176   232 I LBS     : [LBS] LCS_APFLEX_ARB : flex from cache: LCS SEEM - DL_LCS_FORCE_SUPL_PROTOCOL = 0
07-16 17:10:07.929   176   232 I LBS     : [LBS]  : Using Unix domain sockets: server=/data/location/GpsIpcSpDrvSocket  client=/data/location/GpsIpcDrvSocket
07-16 17:10:07.929   176   232 I LBS     : [LBS]  : Using Unix domain sockets: server=/data/location/GpsIpcSpEeSocket  client=/data/location/GpsIpcEeSocket
07-16 17:10:07.929   176   232 I LBS     : [LBS] LCS_APFLEX_ARB : flex from cache: LCS SEEM - DL_DB_FEATURE_ID_LOCATION_ON_OFF_AVAILABLE = 1
07-16 17:10:07.929   176   232 I LBS     : [LBS]  : ON_OFF UI available, skipping read of initial user state
07-16 17:10:07.929   176   232 I LBS     : [LBS]  : User setting is OFF
07-16 17:10:07.929   176   232 I LBS     : [LBS] LCS_APFLEX_ARB : flex from cache: GPS DRV - leap_seconds = 15
07-16 17:10:07.929   176   232 I LBS     : [LBS]  : ** LRH STATE TRANSITION: null --> LrhInit **
07-16 17:10:07.929   176   232 I LBS     : [LBS]  : ** LRH STATE TRANSITION: LrhInit --> LrhUserOff **
07-16 17:10:07.929   176   232 I LBS     : [LBS]  : Using Unix domain sockets: server=/data/location/GpsIpcSpDrvSocket  client=/data/location/GpsIpcDrvSocket
07-16 17:10:07.929   176   232 I LBS     : [LBS]  : DISABLE_START_DRV_FROM_SP_BOOT, driver not launched from SP
07-16 17:10:07.939   176   232 I LBS     : [LBS]  : cmd: 1245247, source 3
07-16 17:10:07.939   176   232 I LBS     : [LBS]  : ** SP state: SpReady, rcvd: LCS_SP_REQ_STATUS_MSG_ID, time: 12806 (ms) **
07-16 17:10:07.939   176   236 I LBS     : [LBS] SPL_ARB : supl_ni//src/supl_ni_loc_sp_subsys.c 213: arry_elem[0] = 128
07-16 17:10:07.939   176   236 I LBS     : [LBS] SPL_ARB : supl_ni//src/supl_ni_loc_sp_subsys.c 213: arry_elem[1] = 255
07-16 17:10:07.939   176   236 I LBS     : [LBS] SPL_ARB : supl_ni//src/supl_ni_loc_sp_subsys.c 275: Status: SUPLNI_STATUS_LOCSP_USER_OFF
07-16 17:10:07.939   176   236 I LBS     : [LBS] SPL_ARB : supl_ni//src/app_supl_ni_main.c 868: Waiting for SUPL Message.
07-16 17:10:07.939   176   232 I LBS     : [LBS]  : cmd: 1245218, source 3
07-16 17:10:07.939   176   232 I LBS     : [LBS]  : ** SP state: SpReady, rcvd: DL_GPS_SP_AUF_DB_READ_REQ_EVENT_ID, time: 12806 (ms) **
07-16 17:10:07.939   176   232 I LBS     : [LBS]  : sp/Database.cpp 1844: Starting init_db_request of db module 
07-16 17:10:07.939   176   232 I LBS     : [LBS]  : sp/Database.cpp 1866: Finishing init_db_request of db module 
07-16 17:10:07.939   176   232 I LBS     : [LBS]  : sp/Database.cpp 1910: num_files: 1
07-16 17:10:07.939   176   232 I LBS     : [LBS]  : sp/Database.cpp 1987:file_id: 0x40000 
07-16 17:10:07.939   176   232 I LBS     : [LBS]  : Consuming DB requests, num_info: 1
07-16 17:10:07.939   176   232 I LBS     : [LBS]  : sp/Database.cpp 1311: Reading from FDB for feature ID: 0
07-16 17:10:07.939   176   232 I LBS     : [LBS] LCS_APFLEX_ARB : flex from cache: LCS SEEM - hslp_address = supl.google.com:7276
07-16 17:10:07.939   176   232 I LBS     : [LBS]  : sp/Database.cpp 1148: calling db read/write ret_var:1
07-16 17:10:07.939   176   232 I LBS     : [LBS]  : Sending DB read response
07-16 17:10:07.939   176   236 I LBS     : [LBS] SPL_ARB : supl_ni//src/suplni_prov.c 147: HSLP Address is Valid!!!!
07-16 17:10:07.939   176   236 I LBS     : [LBS] SPL_ARB : SUPLNI_Prov handled fqdn_db_read_res [FQDN: supl.google.com PORT: 7276 Valid: 1 Whitelist_checked: 0]
07-16 17:10:07.939   176   236 I LBS     : [LBS] SPL_ARB : supl_ni//src/supl_ni_loc_sp_subsys.c 275: Status: SUPLNI_STATUS_LOCSP_USER_OFF
07-16 17:10:07.939   176   236 I LBS     : [LBS] SPL_ARB : supl_ni//src/app_supl_ni_main.c 868: Waiting for SUPL Message.
07-16 17:10:07.939   176   233 E LBS     : [LBS]  : ERROR: failed to release wake lock: CHECK_IPC_SP_WakeLock
07-16 17:10:07.939   138   138 D logwrapper: "/system/bin/iptables -X bw_FORWARD", ret=256
07-16 17:10:07.949   140   140 D AndroidRuntime: CheckJNI is OFF
07-16 17:10:07.959   140   140 I AndroidRuntime: IFWI Version: 42.12
07-16 17:10:07.959   140   140 I AndroidRuntime: SCU Version: DA.17
07-16 17:10:07.959   140   140 I AndroidRuntime: PUnit Version: D1.07
07-16 17:10:07.959   140   140 I AndroidRuntime: IA32FW Version: 01.15
07-16 17:10:07.959   140   140 I AndroidRuntime: ValHooks Version: 42.0C
07-16 17:10:07.959   140   140 I AndroidRuntime: Kernel Release Version: 3.0.34-eng-g0ccae15
07-16 17:10:07.959   138   138 D logwrapper: "/system/bin/ip6tables -X bw_FORWARD", ret=256
07-16 17:10:07.989   138   138 D logwrapper: "/system/bin/iptables -X penalty_box", ret=256
07-16 17:10:08.019   138   138 D logwrapper: "/system/bin/ip6tables -X penalty_box", ret=256
07-16 17:10:08.029   138   138 D logwrapper: "/system/bin/iptables -X costly_shared", ret=256
07-16 17:10:08.029   138   138 D logwrapper: "/system/bin/ip6tables -X costly_shared", ret=256
07-16 17:10:08.039   138   138 D logwrapper: "/system/bin/iptables -t raw -X bw_raw_PREROUTING", ret=256
07-16 17:10:08.039   138   138 D logwrapper: "/system/bin/ip6tables -t raw -X bw_raw_PREROUTING", ret=256
07-16 17:10:08.049   138   138 D logwrapper: "/system/bin/iptables -t mangle -X bw_mangle_POSTROUTING", ret=256
07-16 17:10:08.049   138   138 D logwrapper: "/system/bin/ip6tables -t mangle -X bw_mangle_POSTROUTING", ret=256
07-16 17:10:08.059   136   136 D tpapi   : START OF: my_init
07-16 17:10:08.059   136   136 D tpapi   : END OF: my_init
07-16 17:10:08.069   138   138 D logwrapper: "/system/bin/iptables -N bw_INPUT", ret=0
07-16 17:10:08.079   136   136 D TCMD    : Created connection handler thread
07-16 17:10:08.099   136   314 D TCMD    : Successfully created internal listener TCMD socket 11
07-16 17:10:08.099   136   314 D TCMD    : Listening for TCMD clients on socket 11
07-16 17:10:08.099   136   314 D TCMD    : Looking through 2 interfaces (ifc_len=64)...
07-16 17:10:08.099   136   314 D TCMD    : Found interface usb0, address = 192.168.137.2
07-16 17:10:08.099   136   314 D TCMD    : Succesfully created external listener TCMD socket: 7
07-16 17:10:08.099   136   314 D TCMD    : Listening for TCMD clients on socket 7
07-16 17:10:08.099   136   314 D TCMD    : Added net update socket 8
07-16 17:10:08.099   136   314 D TCMD    : Listening for incoming client connection request
07-16 17:10:08.099   138   138 D logwrapper: "/system/bin/ip6tables -N bw_INPUT", ret=0
07-16 17:10:08.129   138   138 D logwrapper: "/system/bin/iptables -A INPUT -j bw_INPUT", ret=0
07-16 17:10:08.129   138   138 D logwrapper: "/system/bin/ip6tables -A INPUT -j bw_INPUT", ret=0
07-16 17:10:08.129   138   138 D logwrapper: "/system/bin/iptables -N bw_OUTPUT", ret=0
07-16 17:10:08.149   138   138 D logwrapper: "/system/bin/ip6tables -N bw_OUTPUT", ret=0
07-16 17:10:08.149   138   138 D logwrapper: "/system/bin/iptables -A OUTPUT -j bw_OUTPUT", ret=0
07-16 17:10:08.169   138   138 D logwrapper: "/system/bin/ip6tables -A OUTPUT -j bw_OUTPUT", ret=0
07-16 17:10:08.169   138   138 D logwrapper: "/system/bin/iptables -N bw_FORWARD", ret=0
07-16 17:10:08.179   138   138 D logwrapper: "/system/bin/ip6tables -N bw_FORWARD", ret=0
07-16 17:10:08.179   138   138 D logwrapper: "/system/bin/iptables -I FORWARD -j bw_FORWARD", ret=0
07-16 17:10:08.189   138   138 D logwrapper: "/system/bin/ip6tables -I FORWARD -j bw_FORWARD", ret=0
07-16 17:10:08.199   138   138 D logwrapper: "/system/bin/iptables -N costly_shared", ret=0
07-16 17:10:08.219   138   138 D logwrapper: "/system/bin/ip6tables -N costly_shared", ret=0
07-16 17:10:08.229   138   138 D logwrapper: "/system/bin/iptables -N penalty_box", ret=0
07-16 17:10:08.249   149   256 D LBS     : [LBS-DRV]  : modem/common/location/platform/ipc/IpcSocket.cpp:2 360: Connected to /data/location/GpsIpcSpDrvSocket using FD: 17
07-16 17:10:08.249   149   256 D LBS     : [LBS-DRV]  : modem/common/location/platform/ipc/IpcSocket.cpp:2 622: Adding 141 bytes to client socket
07-16 17:10:08.249   149   256 D LBS     : [LBS-DRV]  : modem/common/location/platform/ipc/IpcSocket.cpp:2 571: Sending data over socket with FD: 17
07-16 17:10:08.249   149   256 D LBS     : [LBS-DRV]  : modem/common/location/platform/ipc/IpcSocket.cpp:2 575: Sent 141/141 bytes over socket with FD: 17
07-16 17:10:08.249   176   233 I LBS     : [LBS]  : CheckIpcLJ::check - Incoming connection on FD: 15
07-16 17:10:08.249   176   233 I LBS     : [LBS] IpcFromDrv : 2a3e000b0000011b007fcaf12a3e000b000000170002661e00000d0a0000006b574c313238582048573a30332e303120
07-16 17:10:08.249   176   233 I LBS     : [LBS] IpcFromDrv : 524f4d49443a30312e30392e30312e30312053503a38312e3832204e6176694c696e6b5f4d4350322e355f5243312e39
07-16 17:10:08.249   176   233 I LBS     : [LBS] IpcFromDrv : 204e4156435f362e302e302e31385f313431303230313120475543495f332e31312e322e31375f505245310d0a
07-16 17:10:08.249   176   232 I LBS     : [LBS]  : cmd: RcvVersionCmd, source 2
07-16 17:10:08.249   176   232 I LBS     : [LBS]  : ** SP state: SpReady, rcvd: rcvVersion(), time: 13124 (ms), tid: 0 **
07-16 17:10:08.249   176   232 I LBS     : [LBS]  : rcvVersion(): drvHwVersion: WL128X HW:03.01 ROMID:01.09.01.01 SP:81.82 NaviLink_MCP2.5_RC1.9 NAVC_6.0.0.18_14102011 GUCI_3.11.2.17_PRE1_LCS_SUPL_VERSION = 1
07-16 17:10:08.249   176   232 I LBS     : [LBS] IpcToDrv : 2a3e000b000001170015727c2a3e000b000000170002661e00010d0a00000000000d0a
07-16 17:10:08.249   176   232 I LBS     : [LBS] IpcToDrv : 2a3e000b000001030001bf6a020d0a
07-16 17:10:08.249   176   232 W LBS     : [LBS]  : WARNING: Could not open file /pds/public/tcxo.bin; errno: 2
07-16 17:10:08.249   176   232 I LBS     : [LBS]  : TCXO was not sent to the driver
07-16 17:10:08.249   176   232 I LBS     : [LBS] LCS_APFLEX_ARB : flex from cache: CAIDL - LAST_SECURE_GPS_TIME = 0
07-16 17:10:08.249   176   232 I LBS     : [LBS]  : AssistHdlr did not push propagated GPS time to driver
07-16 17:10:08.249   176   232 I LBS     : [LBS]  : Propagated GPS Time was not sent to the driver
07-16 17:10:08.249   176   232 I LBS     : [LBS]  : Hardware status is AVAIL
07-16 17:10:08.249   149   149 D LBS     : [LBS-DRV]  : modem/common/location/platform/ipc/CheckIpcLJ.cpp:2 106: Data is available to read from socket...
07-16 17:10:08.249   149   149 I LBS     : [LBS-DRV]  : CheckIpcLJ::check - Incoming connection on FD: 12
07-16 17:10:08.249   149   149 D LBS     : [LBS-DRV]  : modem/common/location/platform/ipc/CheckIpcLJ.cpp:2 106: Data is available to read from socket...
07-16 17:10:08.249   138   138 D logwrapper: "/system/bin/ip6tables -N penalty_box", ret=0
07-16 17:10:08.249   176   236 I LBS     : [LBS] SPL_ARB : supl_ni//src/supl_ni_loc_sp_subsys.c 275: Status: SUPLNI_STATUS_LOCSP_USER_OFF
07-16 17:10:08.249   176   236 I LBS     : [LBS] SPL_ARB : supl_ni//src/app_supl_ni_main.c 868: Waiting for SUPL Message.
07-16 17:10:08.249   149   149 D LBS     : [LBS-DRV]  : modem/common/location/platform/ipc/CheckIpcLJ.cpp:2 133: Data is available to read from socket with FD: 19
07-16 17:10:08.269   138   138 D logwrapper: "/system/bin/iptables -t raw -N bw_raw_PREROUTING", ret=0
07-16 17:10:08.279   138   138 D logwrapper: "/system/bin/ip6tables -t raw -N bw_raw_PREROUTING", ret=0
07-16 17:10:08.289   138   138 D logwrapper: "/system/bin/iptables -t raw -A PREROUTING -j bw_raw_PREROUTING", ret=0
07-16 17:10:08.309   138   138 D logwrapper: "/system/bin/ip6tables -t raw -A PREROUTING -j bw_raw_PREROUTING", ret=0
07-16 17:10:08.309   138   138 D logwrapper: "/system/bin/iptables -t mangle -N bw_mangle_POSTROUTING", ret=0
07-16 17:10:08.319   138   138 D logwrapper: "/system/bin/ip6tables -t mangle -N bw_mangle_POSTROUTING", ret=0
07-16 17:10:08.319   138   138 D logwrapper: "/system/bin/iptables -t mangle -A POSTROUTING -j bw_mangle_POSTROUTING", ret=0
07-16 17:10:08.329   138   138 D logwrapper: "/system/bin/ip6tables -t mangle -A POSTROUTING -j bw_mangle_POSTROUTING", ret=0
07-16 17:10:08.329   138   138 D logwrapper: "/system/bin/iptables -t nat -D PREROUTING -j idletimer_nat_PREROUTING", ret=512
07-16 17:10:08.339   138   138 D logwrapper: "/system/bin/iptables -t nat -F idletimer_nat_PREROUTING", ret=256
07-16 17:10:08.349   138   138 D logwrapper: "/system/bin/iptables -t nat -N idletimer_nat_PREROUTING", ret=0
07-16 17:10:08.349   138   138 D logwrapper: "/system/bin/iptables -t nat -D POSTROUTING -j idletimer_nat_POSTROUTING", ret=512
07-16 17:10:08.359   138   138 D logwrapper: "/system/bin/iptables -t nat -F idletimer_nat_POSTROUTING", ret=256
07-16 17:10:08.359   138   138 D logwrapper: "/system/bin/iptables -t nat -N idletimer_nat_POSTROUTING", ret=0
07-16 17:10:08.369   138   138 D logwrapper: "/system/bin/iptables -t nat -I PREROUTING -j idletimer_nat_PREROUTING", ret=0
07-16 17:10:08.369   138   138 D logwrapper: "/system/bin/iptables -t nat -I POSTROUTING -j idletimer_nat_POSTROUTING", ret=0
07-16 17:10:08.379   138   138 D logwrapper: "/system/bin/iptables -F bw_INPUT", ret=0
07-16 17:10:08.379   138   138 D logwrapper: "/system/bin/ip6tables -F bw_INPUT", ret=0
07-16 17:10:08.389   138   138 D logwrapper: "/system/bin/iptables -F bw_OUTPUT", ret=0
07-16 17:10:08.389   138   138 D logwrapper: "/system/bin/ip6tables -F bw_OUTPUT", ret=0
07-16 17:10:08.389   138   138 D logwrapper: "/system/bin/iptables -F bw_FORWARD", ret=0
07-16 17:10:08.399   138   138 D logwrapper: "/system/bin/ip6tables -F bw_FORWARD", ret=0
07-16 17:10:08.399   138   138 D logwrapper: "/system/bin/iptables -F penalty_box", ret=0
07-16 17:10:08.399   138   138 D logwrapper: "/system/bin/ip6tables -F penalty_box", ret=0
07-16 17:10:08.409   138   138 D logwrapper: "/system/bin/iptables -F costly_shared", ret=0
07-16 17:10:08.409   138   138 D logwrapper: "/system/bin/ip6tables -F costly_shared", ret=0
07-16 17:10:08.419   138   138 D logwrapper: "/system/bin/iptables -t raw -F bw_raw_PREROUTING", ret=0
07-16 17:10:08.419   138   138 D logwrapper: "/system/bin/ip6tables -t raw -F bw_raw_PREROUTING", ret=0
07-16 17:10:08.419   138   138 D logwrapper: "/system/bin/iptables -t mangle -F bw_mangle_POSTROUTING", ret=0
